C:\Users\Lauta\Documents\MCUXpressoIDE_11.6.1_8255\workspace\test_usb\CMSIS/core_cm4.h:1679:22:__NVIC_EnableIRQ	16	static
C:\Users\Lauta\Documents\MCUXpressoIDE_11.6.1_8255\workspace\test_usb\drivers/fsl_common_arm.h:488:24:EnableIRQ	24	static
C:\Users\Lauta\Documents\MCUXpressoIDE_11.6.1_8255\workspace\test_usb\drivers/fsl_sysmpu.h:268:20:SYSMPU_Enable	16	static
C:\Users\Lauta\Documents\MCUXpressoIDE_11.6.1_8255\workspace\test_usb\drivers/fsl_pit.h:159:20:PIT_EnableInterrupts	24	static
C:\Users\Lauta\Documents\MCUXpressoIDE_11.6.1_8255\workspace\test_usb\drivers/fsl_pit.h:246:20:PIT_SetTimerPeriod	24	static
C:\Users\Lauta\Documents\MCUXpressoIDE_11.6.1_8255\workspace\test_usb\drivers/fsl_pit.h:288:20:PIT_StartTimer	16	static
../board/peripherals.c:143:13:PIT_init	8	static
../board/peripherals.c:238:13:USB0_init	8	static
../board/peripherals.c:245:6:BOARD_InitPeripherals	8	static
../board/peripherals.c:259:6:BOARD_InitBootPeripherals	8	static
