C:\Users\wen_c\Documents\MCUXpressoIDE_11.6.1_8255\workspace\new\AGV-MICRO\CMSIS/core_cm4.h:1679:22:__NVIC_EnableIRQ	16	static
C:\Users\wen_c\Documents\MCUXpressoIDE_11.6.1_8255\workspace\new\AGV-MICRO\drivers/fsl_common_arm.h:499:24:EnableIRQ	24	static
C:\Users\wen_c\Documents\MCUXpressoIDE_11.6.1_8255\workspace\new\AGV-MICRO\drivers/fsl_sysmpu.h:268:20:SYSMPU_Enable	16	static
C:\Users\wen_c\Documents\MCUXpressoIDE_11.6.1_8255\workspace\new\AGV-MICRO\drivers/fsl_pit.h:159:20:PIT_EnableInterrupts	24	static
C:\Users\wen_c\Documents\MCUXpressoIDE_11.6.1_8255\workspace\new\AGV-MICRO\drivers/fsl_pit.h:246:20:PIT_SetTimerPeriod	24	static
C:\Users\wen_c\Documents\MCUXpressoIDE_11.6.1_8255\workspace\new\AGV-MICRO\drivers/fsl_pit.h:288:20:PIT_StartTimer	16	static
../board/peripherals.c:253:13:CAN0_init	8	static
../board/peripherals.c:304:13:PIT_init	8	static
../board/peripherals.c:397:13:USB0_init	8	static
../board/peripherals.c:404:6:BOARD_InitPeripherals	8	static
../board/peripherals.c:419:6:BOARD_InitBootPeripherals	8	static
