C:\Users\Lauta\Documents\MCUXpressoIDE_11.6.1_8255\workspace\test_usb (2)\usb_config\drivers/fsl_clock.h:668:20:CLOCK_EnableClock	24	static
C:\Users\Lauta\Documents\MCUXpressoIDE_11.6.1_8255\workspace\test_usb (2)\usb_config\drivers/fsl_port.h:271:20:PORT_SetPinConfig	32	static
C:\Users\Lauta\Documents\MCUXpressoIDE_11.6.1_8255\workspace\test_usb (2)\usb_config\drivers/fsl_port.h:374:20:PORT_SetPinMux	24	static
C:\Users\Lauta\Documents\MCUXpressoIDE_11.6.1_8255\workspace\test_usb (2)\usb_config\drivers/fsl_port.h:443:20:PORT_SetPinInterruptConfig	24	static
../board/pin_mux.c:132:6:BOARD_InitBootPins	8	static
../board/pin_mux.c:160:6:BOARD_InitPins	8	static
../board/pin_mux.c:224:6:BOARD_InitButtonsPins	24	static
../board/pin_mux.c:308:6:BOARD_InitLEDsPins	32	static
../board/pin_mux.c:408:6:BOARD_InitDEBUG_UARTPins	16	static
../board/pin_mux.c:475:6:BOARD_InitOSCPins	8	static
../board/pin_mux.c:508:6:BOARD_InitACCELPins	32	static
../board/pin_mux.c:634:6:BOARD_InitENETPins	48	static
../board/pin_mux.c:849:6:BOARD_InitSDHCPins	40	static
../board/pin_mux.c:999:6:BOARD_InitUSBPins	4	static
