Archive member included to satisfy reference by file (symbol)

d:/nxp/mcuxpressoide_11.6.1_8255/ide/plugins/com.nxp.mcuxpresso.tools.win32_11.6.1.202207200623/tools/bin/../lib/gcc/arm-none-eabi/10.3.1/../../../../arm-none-eabi/lib/thumb/v7e-m+fp/hard\libcr_nohost_nf.a(_cr__main.o)
                              ./startup/startup_mk64f12.o (__main)
d:/nxp/mcuxpressoide_11.6.1_8255/ide/plugins/com.nxp.mcuxpresso.tools.win32_11.6.1.202207200623/tools/bin/../lib/gcc/arm-none-eabi/10.3.1/../../../../arm-none-eabi/lib/thumb/v7e-m+fp/hard\libcr_nohost_nf.a(_cr_assert.o)
                              ./drivers/fsl_adc16.o (__assertion_failed)
d:/nxp/mcuxpressoide_11.6.1_8255/ide/plugins/com.nxp.mcuxpresso.tools.win32_11.6.1.202207200623/tools/bin/../lib/gcc/arm-none-eabi/10.3.1/../../../../arm-none-eabi/lib/thumb/v7e-m+fp/hard\libcr_nohost_nf.a(__ciob.o)
                              d:/nxp/mcuxpressoide_11.6.1_8255/ide/plugins/com.nxp.mcuxpresso.tools.win32_11.6.1.202207200623/tools/bin/../lib/gcc/arm-none-eabi/10.3.1/../../../../arm-none-eabi/lib/thumb/v7e-m+fp/hard\libcr_nohost_nf.a(_cr_assert.o) (__Ciob)
d:/nxp/mcuxpressoide_11.6.1_8255/ide/plugins/com.nxp.mcuxpresso.tools.win32_11.6.1.202207200623/tools/bin/../lib/gcc/arm-none-eabi/10.3.1/../../../../arm-none-eabi/lib/thumb/v7e-m+fp/hard\libcr_nohost_nf.a(__sys_appexit.o)
                              d:/nxp/mcuxpressoide_11.6.1_8255/ide/plugins/com.nxp.mcuxpresso.tools.win32_11.6.1.202207200623/tools/bin/../lib/gcc/arm-none-eabi/10.3.1/../../../../arm-none-eabi/lib/thumb/v7e-m+fp/hard\libcr_nohost_nf.a(_cr_assert.o) (__sys_appexit)
d:/nxp/mcuxpressoide_11.6.1_8255/ide/plugins/com.nxp.mcuxpresso.tools.win32_11.6.1.202207200623/tools/bin/../lib/gcc/arm-none-eabi/10.3.1/../../../../arm-none-eabi/lib/thumb/v7e-m+fp/hard\libcr_c.a(memcpy.o)
                              ./utilities/fsl_str.o (memcpy)
d:/nxp/mcuxpressoide_11.6.1_8255/ide/plugins/com.nxp.mcuxpresso.tools.win32_11.6.1.202207200623/tools/bin/../lib/gcc/arm-none-eabi/10.3.1/../../../../arm-none-eabi/lib/thumb/v7e-m+fp/hard\libcr_c.a(memset.o)
                              ./utilities/fsl_debug_console.o (memset)
d:/nxp/mcuxpressoide_11.6.1_8255/ide/plugins/com.nxp.mcuxpresso.tools.win32_11.6.1.202207200623/tools/bin/../lib/gcc/arm-none-eabi/10.3.1/../../../../arm-none-eabi/lib/thumb/v7e-m+fp/hard\libcr_c.a(_deferredlazyseek.o)
                              d:/nxp/mcuxpressoide_11.6.1_8255/ide/plugins/com.nxp.mcuxpresso.tools.win32_11.6.1.202207200623/tools/bin/../lib/gcc/arm-none-eabi/10.3.1/../../../../arm-none-eabi/lib/thumb/v7e-m+fp/hard\libcr_nohost_nf.a(_cr_assert.o) (__flsbuf)
d:/nxp/mcuxpressoide_11.6.1_8255/ide/plugins/com.nxp.mcuxpresso.tools.win32_11.6.1.202207200623/tools/bin/../lib/gcc/arm-none-eabi/10.3.1/../../../../arm-none-eabi/lib/thumb/v7e-m+fp/hard\libcr_c.a(_fflush.o)
                              d:/nxp/mcuxpressoide_11.6.1_8255/ide/plugins/com.nxp.mcuxpresso.tools.win32_11.6.1.202207200623/tools/bin/../lib/gcc/arm-none-eabi/10.3.1/../../../../arm-none-eabi/lib/thumb/v7e-m+fp/hard\libcr_c.a(_deferredlazyseek.o) (_fflush)
d:/nxp/mcuxpressoide_11.6.1_8255/ide/plugins/com.nxp.mcuxpresso.tools.win32_11.6.1.202207200623/tools/bin/../lib/gcc/arm-none-eabi/10.3.1/../../../../arm-none-eabi/lib/thumb/v7e-m+fp/hard\libcr_c.a(_writebuf.o)
                              d:/nxp/mcuxpressoide_11.6.1_8255/ide/plugins/com.nxp.mcuxpresso.tools.win32_11.6.1.202207200623/tools/bin/../lib/gcc/arm-none-eabi/10.3.1/../../../../arm-none-eabi/lib/thumb/v7e-m+fp/hard\libcr_c.a(_deferredlazyseek.o) (_Cwritebuf)
d:/nxp/mcuxpressoide_11.6.1_8255/ide/plugins/com.nxp.mcuxpresso.tools.win32_11.6.1.202207200623/tools/bin/../lib/gcc/arm-none-eabi/10.3.1/../../../../arm-none-eabi/lib/thumb/v7e-m+fp/hard\libcr_c.a(alloc.o)
                              ./drivers/fsl_common.o (malloc)
d:/nxp/mcuxpressoide_11.6.1_8255/ide/plugins/com.nxp.mcuxpresso.tools.win32_11.6.1.202207200623/tools/bin/../lib/gcc/arm-none-eabi/10.3.1/../../../../arm-none-eabi/lib/thumb/v7e-m+fp/hard\libcr_c.a(errno.o)
                              ./utilities/fsl_str.o (errno)
d:/nxp/mcuxpressoide_11.6.1_8255/ide/plugins/com.nxp.mcuxpresso.tools.win32_11.6.1.202207200623/tools/bin/../lib/gcc/arm-none-eabi/10.3.1/../../../../arm-none-eabi/lib/thumb/v7e-m+fp/hard\libcr_c.a(fputs.o)
                              d:/nxp/mcuxpressoide_11.6.1_8255/ide/plugins/com.nxp.mcuxpresso.tools.win32_11.6.1.202207200623/tools/bin/../lib/gcc/arm-none-eabi/10.3.1/../../../../arm-none-eabi/lib/thumb/v7e-m+fp/hard\libcr_nohost_nf.a(_cr_assert.o) (fputs)
d:/nxp/mcuxpressoide_11.6.1_8255/ide/plugins/com.nxp.mcuxpresso.tools.win32_11.6.1.202207200623/tools/bin/../lib/gcc/arm-none-eabi/10.3.1/../../../../arm-none-eabi/lib/thumb/v7e-m+fp/hard\libcr_c.a(fseek.o)
[...]
Memory Configuration

Name             Origin             Length             Attributes
PROGRAM_FLASH    0x00000000         0x00100000         xr
SRAM_UPPER       0x20000000         0x00030000         xrw
SRAM_LOWER       0x1fff0000         0x00010000         xrw
FLEX_RAM         0x14000000         0x00001000         xrw
*default*        0x00000000         0xffffffff

Linker script and memory map

LOAD ./utilities/fsl_debug_console.o
LOAD ./utilities/fsl_str.o
LOAD ./usb/device/source/khci/usb_device_khci.o
LOAD ./usb/device/source/usb_device_ch9.o
LOAD ./usb/device/source/usb_device_dci.o
LOAD ./usb/device/class/cdc/usb_device_cdc_acm.o
LOAD ./usb/device/class/usb_device_class.o
LOAD ./startup/startup_mk64f12.o
LOAD ./source/generated/usb_device_composite.o
LOAD ./source/generated/usb_device_descriptor.o
LOAD ./source/semihost_hardfault.o
LOAD ./source/test_usb.o
LOAD ./source/usb_device_interface_0_cic_vcom.o
LOAD ./drivers/fsl_adc16.o
LOAD ./drivers/fsl_clock.o
LOAD ./drivers/fsl_common.o
LOAD ./drivers/fsl_common_arm.o
LOAD ./drivers/fsl_gpio.o
LOAD ./drivers/fsl_i2c.o
LOAD ./drivers/fsl_pit.o
LOAD ./drivers/fsl_smc.o
LOAD ./drivers/fsl_sysmpu.o
LOAD ./drivers/fsl_uart.o
LOAD ./device/system_MK64F12.o
LOAD ./component/uart/fsl_adapter_uart.o
LOAD ./component/serial_manager/fsl_component_serial_manager.o
LOAD ./component/serial_manager/fsl_component_serial_port_uart.o
LOAD ./component/osa/fsl_os_abstraction_bm.o
LOAD ./component/lists/fsl_component_generic_list.o
LOAD ./board/board.o
LOAD ./board/clock_config.o
LOAD ./board/peripherals.o
LOAD ./board/pin_mux.o
START GROUP
LOAD d:/nxp/mcuxpressoide_11.6.1_8255/ide/plugins/com.nxp.mcuxpresso.tools.win32_11.6.1.202207200623/tools/bin/../lib/gcc/arm-none-eabi/10.3.1/../../../../arm-none-eabi/lib/thumb/v7e-m+fp/hard\libcr_nohost_nf.a
LOAD d:/nxp/mcuxpressoide_11.6.1_8255/ide/plugins/com.nxp.mcuxpresso.tools.win32_11.6.1.202207200623/tools/bin/../lib/gcc/arm-none-eabi/10.3.1/../../../../arm-none-eabi/lib/thumb/v7e-m+fp/hard\libcr_c.a
LOAD d:/nxp/mcuxpressoide_11.6.1_8255/ide/plugins/com.nxp.mcuxpresso.tools.win32_11.6.1.202207200623/tools/bin/../lib/gcc/arm-none-eabi/10.3.1/thumb/v7e-m+fp/hard\libcr_eabihelpers.a
LOAD d:/nxp/mcuxpressoide_11.6.1_8255/ide/plugins/com.nxp.mcuxpresso.tools.win32_11.6.1.202207200623/tools/bin/../lib/gcc/arm-none-eabi/10.3.1/thumb/v7e-m+fp/hard\libgcc.a
END GROUP
                0x00000000                __base_PROGRAM_FLASH = 0x0
                0x00000000                __base_Flash = 0x0
                0x00100000                __top_PROGRAM_FLASH = 0x100000
                0x00100000                __top_Flash = 0x100000
                0x20000000                __base_SRAM_UPPER = 0x20000000
                0x20000000                __base_RAM = 0x20000000
                0x20030000                __top_SRAM_UPPER = 0x20030000
                0x20030000                __top_RAM = 0x20030000
                0x1fff0000                __base_SRAM_LOWER = 0x1fff0000
                0x1fff0000                __base_RAM2 = 0x1fff0000
                0x20000000                __top_SRAM_LOWER = 0x20000000
                0x20000000                __top_RAM2 = 0x20000000
                0x14000000                __base_FLEX_RAM = 0x14000000
                0x14000000                __base_RAM3 = 0x14000000
                0x14001000                __top_FLEX_RAM = 0x14001000
                0x14001000                __top_RAM3 = 0x14001000

.text           0x00000000     0x8700
 FILL mask 0xff
                0x00000000                __vectors_start__ = ABSOLUTE (.)
 *(SORT_BY_ALIGNMENT(.isr_vector))
 .isr_vector    0x00000000      0x198 ./startup/startup_mk64f12.o
                0x00000000                g_pfnVectors
                0x00000000                __Vectors
                0x00000198                . = ALIGN (0x4)
                0x00000198                __section_table_start = .
                0x00000198                __data_section_table = .
                0x00000198        0x4 LONG 0x8700 LOADADDR (.data)
                0x0000019c        0x4 LONG 0x20000000 ADDR (.data)
                0x000001a0        0x4 LONG 0x150 SIZEOF (.data)
                0x000001a4        0x4 LONG 0x8700 LOADADDR (.data_RAM2)
                0x000001a8        0x4 LONG 0x1fff0000 ADDR (.data_RAM2)
                0x000001ac        0x4 LONG 0x0 SIZEOF (.data_RAM2)
                0x000001b0        0x4 LONG 0x8700 LOADADDR (.data_RAM3)
                0x000001b4        0x4 LONG 0x14000000 ADDR (.data_RAM3)
                0x000001b8        0x4 LONG 0x0 SIZEOF (.data_RAM3)
                0x000001bc                __data_section_table_end = .
                0x000001bc                __bss_section_table = .
                0x000001bc        0x4 LONG 0x20000200 ADDR (.bss)
                0x000001c0        0x4 LONG 0x750 SIZEOF (.bss)
                0x000001c4        0x4 LONG 0x1fff0000 ADDR (.bss_RAM2)
                0x000001c8        0x4 LONG 0x0 SIZEOF (.bss_RAM2)
                0x000001cc        0x4 LONG 0x14000000 ADDR (.bss_RAM3)
                0x000001d0        0x4 LONG 0x0 SIZEOF (.bss_RAM3)
                0x000001d4                __bss_section_table_end = .
                0x000001d4                __section_table_end = .
 *(SORT_BY_ALIGNMENT(.after_vectors*))
 .after_vectors.reset
                0x000001d4       0x4c ./startup/startup_mk64f12.o
                0x000001d4                ResetISR
 .after_vectors.init_data
                0x00000220       0x1e ./startup/startup_mk64f12.o
                0x00000220                data_init
 .after_vectors.init_bss
                0x0000023e       0x12 ./startup/startup_mk64f12.o
                0x0000023e                bss_init
 .after_vectors
                0x00000250       0x14 ./startup/startup_mk64f12.o
                0x00000250                NMI_Handler
                0x00000254                MemManage_Handler
                0x00000256                BusFault_Handler
                0x00000258                UsageFault_Handler
                0x0000025a                SVC_Handler
                0x0000025c                DebugMon_Handler
                0x0000025e                PendSV_Handler
                0x00000260                SysTick_Handler
                0x00000262                DMA_Error_DriverIRQHandler
                0x00000262                LPTMR0_DriverIRQHandler
                0x00000262                FTM1_DriverIRQHandler
                0x00000262                FTM2_DriverIRQHandler
                0x00000262                PIT2_DriverIRQHandler
                0x00000262                SDHC_DriverIRQHandler
                0x00000262                I2S0_Tx_DriverIRQHandler
                0x00000262                RTC_Seconds_DriverIRQHandler
                0x00000262                DMA6_DriverIRQHandler
                0x00000262                LLWU_DriverIRQHandler
                0x00000262                MCM_DriverIRQHandler
                0x00000262                MCG_DriverIRQHandler
                0x00000262                ENET_1588_Timer_DriverIRQHandler
                0x00000262                DAC1_DriverIRQHandler
                0x00000262                SPI1_DriverIRQHandler
                0x00000262                CMP1_DriverIRQHandler
                0x00000262                FTM0_DriverIRQHandler
                0x00000262                IntDefaultHandler
                0x00000262                USB0_DriverIRQHandler
                0x00000262                UART5_ERR_DriverIRQHandler
                0x00000262                PORTC_DriverIRQHandler
                0x00000262                DMA11_DriverIRQHandler
                0x00000262                DAC0_DriverIRQHandler
                0x00000262                DMA10_DriverIRQHandler
                0x00000262                CMP2_DriverIRQHandler
                0x00000262                UART2_ERR_DriverIRQHandler
                0x00000262                SPI2_DriverIRQHandler
                0x00000262                LVD_LVW_DriverIRQHandler
                0x00000262                PIT0_DriverIRQHandler
                0x00000262                DMA12_DriverIRQHandler
                0x00000262                DMA5_DriverIRQHandler
                0x00000262                DMA4_DriverIRQHandler
                0x00000262                USBDCD_DriverIRQHandler
                0x00000262                UART3_ERR_DriverIRQHandler
                0x00000262                DMA3_DriverIRQHandler
                0x00000262                DMA8_DriverIRQHandler
                0x00000262                DMA9_DriverIRQHandler
                0x00000262                UART0_ERR_DriverIRQHandler
                0x00000262                CMT_DriverIRQHandler
                0x00000262                Reserved71_DriverIRQHandler
                0x00000262                ADC1_DriverIRQHandler
                0x00000262                PORTA_DriverIRQHandler
                0x00000262                DMA14_DriverIRQHandler
                0x00000262                PIT3_DriverIRQHandler
                0x00000262                PIT1_DriverIRQHandler
                0x00000262                WDOG_EWM_DriverIRQHandler
                0x00000262                PDB0_DriverIRQHandler
                0x00000262                RTC_DriverIRQHandler
                0x00000262                I2S0_Rx_DriverIRQHandler
                0x00000262                Read_Collision_DriverIRQHandler
                0x00000262                SWI_DriverIRQHandler
                0x00000262                UART4_ERR_DriverIRQHandler
                0x00000262                PORTB_DriverIRQHandler
                0x00000262                UART0_LON_DriverIRQHandler
                0x00000262                DMA0_DriverIRQHandler
                0x00000262                DMA1_DriverIRQHandler
                0x00000262                ENET_Receive_DriverIRQHandler
                0x00000262                DMA13_DriverIRQHandler
                0x00000262                ENET_Error_DriverIRQHandler
                0x00000262                DMA15_DriverIRQHandler
                0x00000262                SPI0_DriverIRQHandler
                0x00000262                ADC0_DriverIRQHandler
                0x00000262                CMP0_DriverIRQHandler
                0x00000262                CAN0_DriverIRQHandler
                0x00000262                FTM3_DriverIRQHandler
                0x00000262                RNG_DriverIRQHandler
                0x00000262                UART1_ERR_DriverIRQHandler
                0x00000262                DMA2_DriverIRQHandler
                0x00000262                ENET_Transmit_DriverIRQHandler
                0x00000262                PORTD_DriverIRQHandler
                0x00000262                PORTE_DriverIRQHandler
                0x00000262                FTFE_DriverIRQHandler
                0x00000262                DMA7_DriverIRQHandler
                0x00000400                . = 0x400
 *fill*         0x00000264      0x19c ff
                0x00000400                PROVIDE (__FLASH_CONFIG_START__ = .)
 *(SORT_BY_ALIGNMENT(.FlashConfig))
 .FlashConfig   0x00000400       0x10 ./startup/startup_mk64f12.o
                0x00000400                Flash_Config
                0x00000410                PROVIDE (__FLASH_CONFIG_END__ = .)
                0x00000001                ASSERT (! ((__FLASH_CONFIG_START__ == __FLASH_CONFIG_END__)), Linker Flash Config Support Enabled, but no .FlashConfig section provided within application)
 *(SORT_BY_ALIGNMENT(.text*))
 .text.DbgConsole_SendDataReliable
                0x00000410       0x54 ./utilities/fsl_debug_console.o
                0x00000410                DbgConsole_SendDataReliable
 .text.DbgConsole_Init
                0x00000464      0x118 ./utilities/fsl_debug_console.o
                0x00000464                DbgConsole_Init
 .text.DbgConsole_Vprintf
                0x0000057c       0x6c ./utilities/fsl_debug_console.o
                0x0000057c                DbgConsole_Vprintf
 .text.USB_DeviceKhciEndpointTransfer
                0x000005e8      0x108 ./usb/device/source/khci/usb_device_khci.o
 .text.USB_DeviceKhciInit
                0x000006f0       0xd4 ./usb/device/source/khci/usb_device_khci.o
                0x000006f0                USB_DeviceKhciInit
 .text.USB_DeviceKhciControl
                0x000007c4      0x2b0 ./usb/device/source/khci/usb_device_khci.o
                0x000007c4                USB_DeviceKhciControl
 .text.USB_DeviceControlCallback
                0x00000a74      0x3e4 ./usb/device/source/usb_device_ch9.o
 .text.USB_DeviceControlPipeInit
                0x00000e58       0x7c ./usb/device/source/usb_device_ch9.o
                0x00000e58                USB_DeviceControlPipeInit
 .text.USB_DeviceAllocateHandle
                0x00000ed4       0xc8 ./usb/device/source/usb_device_dci.o
 .text.USB_DeviceGetControllerInterface
                0x00000f9c       0x3c ./usb/device/source/usb_device_dci.o
 .text.USB_DeviceGetStatus
                0x00000fd8       0xcc ./usb/device/source/usb_device_dci.o
                0x00000fd8                USB_DeviceGetStatus
 .text.USB_DeviceSetStatus
                0x000010a4      0x118 ./usb/device/source/usb_device_dci.o
                0x000010a4                USB_DeviceSetStatus
 .text.USB_DeviceCdcAcmAllocateHandle
                0x000011bc       0x58 ./usb/device/class/cdc/usb_device_cdc_acm.o
 .text.USB_DeviceCdcAcmEndpointsInit
                0x00001214      0x3c0 ./usb/device/class/cdc/usb_device_cdc_acm.o
 .text.USB_DeviceCdcAcmEvent
                0x000015d4      0x71c ./usb/device/class/cdc/usb_device_cdc_acm.o
                0x000015d4                USB_DeviceCdcAcmEvent
 .text.USB_DeviceClassAllocateHandle
                0x00001cf0       0xcc ./usb/device/class/usb_device_class.o
 .text.USB_DeviceClassFreeHandle
                0x00001dbc       0x94 ./usb/device/class/usb_device_class.o
 .text.USB_DeviceClassGetHandleByDeviceHandle
                0x00001e50       0x68 ./usb/device/class/usb_device_class.o
 .text.USB_DeviceClassGetDeviceHandle
                0x00001eb8       0x7c ./usb/device/class/usb_device_class.o
                0x00001eb8                USB_DeviceClassGetDeviceHandle
 .text.USB_DeviceClassEvent
                0x00001f34       0xdc ./usb/device/class/usb_device_class.o
                0x00001f34                USB_DeviceClassEvent
 .text.USB_DeviceClassInit
                0x00002010      0x118 ./usb/device/class/usb_device_class.o
                0x00002010                USB_DeviceClassInit
 .text.__NVIC_EnableIRQ
                0x00002128       0x3c ./source/generated/usb_device_composite.o
 .text.__NVIC_SetPriority
                0x00002164       0x54 ./source/generated/usb_device_composite.o
 .text.USB0_IRQHandler
                0x000021b8       0x1c ./source/generated/usb_device_composite.o
                0x000021b8                USB0_IRQHandler
 .text.USB_DeviceCallback
                0x000021d4      0x1fc ./source/generated/usb_device_composite.o
 .text.USB_UpdateInterfaceSetting
                0x000023d0       0x68 ./source/generated/usb_device_composite.o
 .text.USB_DeviceApplicationInit
                0x00002438       0x78 ./source/generated/usb_device_composite.o
                0x00002438                USB_DeviceApplicationInit
 .text.USB_DeviceGetDeviceDescriptor
                0x000024b0       0x28 ./source/generated/usb_device_descriptor.o
                0x000024b0                USB_DeviceGetDeviceDescriptor
 .text.USB_DeviceGetConfigurationDescriptor
                0x000024d8       0x34 ./source/generated/usb_device_descriptor.o
                0x000024d8                USB_DeviceGetConfigurationDescriptor
 .text.USB_DeviceGetStringDescriptor
                0x0000250c       0xc0 ./source/generated/usb_device_descriptor.o
                0x0000250c                USB_DeviceGetStringDescriptor
 .text.main     0x000025cc       0x80 ./source/test_usb.o
                0x000025cc                main
 .text.EnviarDatos
                0x0000264c      0x218 ./source/test_usb.o
                0x0000264c                EnviarDatos
 .text.PIT0_IRQHandler
                0x00002864       0x44 ./source/test_usb.o
                0x00002864                PIT0_IRQHandler
 .text.USB_DeviceInterface0CicVcomTask
                0x000028a8      0x100 ./source/usb_device_interface_0_cic_vcom.o
                0x000028a8                USB_DeviceInterface0CicVcomTask
 .text.USB_DeviceInterface0CicVcomCallback
                0x000029a8      0x38c ./source/usb_device_interface_0_cic_vcom.o
                0x000029a8                USB_DeviceInterface0CicVcomCallback
 .text.USB_DeviceInterface0CicVcomSetConfiguration
                0x00002d34       0x34 ./source/usb_device_interface_0_cic_vcom.o
                0x00002d34                USB_DeviceInterface0CicVcomSetConfiguration
 .text.USB_DeviceInterface0CicVcomInit
                0x00002d68       0x30 ./source/usb_device_interface_0_cic_vcom.o
                0x00002d68                USB_DeviceInterface0CicVcomInit
 .text.CLOCK_SetEr32kClock
                0x00002d98       0x30 ./drivers/fsl_clock.o
 .text.CLOCK_SetPllFllSelClock
                0x00002dc8       0x38 ./drivers/fsl_clock.o
 .text.CLOCK_GetMcgExtClkFreq
                0x00002e00       0x7c ./drivers/fsl_clock.o
 .text.CLOCK_GetFllExtRefClkFreq
                0x00002e7c       0xb0 ./drivers/fsl_clock.o
 .text.CLOCK_GetInternalRefClkSelectFreq
                0x00002f2c       0x4c ./drivers/fsl_clock.o
 .text.CLOCK_GetFllRefClkFreq
                0x00002f78       0x34 ./drivers/fsl_clock.o
 .text.CLOCK_GetOscRangeFromFreq
                0x00002fac       0x3c ./drivers/fsl_clock.o
 .text.CLOCK_GetCoreSysClkFreq
                0x00002fe8       0x28 ./drivers/fsl_clock.o
                0x00002fe8                CLOCK_GetCoreSysClkFreq
 .text.CLOCK_SetSimConfig
                0x00003010       0x34 ./drivers/fsl_clock.o
                0x00003010                CLOCK_SetSimConfig
 .text.CLOCK_EnableUsbfs0Clock
                0x00003044      0x108 ./drivers/fsl_clock.o
                0x00003044                CLOCK_EnableUsbfs0Clock
 .text.CLOCK_GetOutClkFreq
                0x0000314c       0x64 ./drivers/fsl_clock.o
                0x0000314c                CLOCK_GetOutClkFreq
 .text.CLOCK_GetFllFreq
                0x000031b0       0x84 ./drivers/fsl_clock.o
                0x000031b0                CLOCK_GetFllFreq
 .text.CLOCK_GetPll0Freq
                0x00003234       0x78 ./drivers/fsl_clock.o
                0x00003234                CLOCK_GetPll0Freq
 .text.CLOCK_SetExternalRefClkConfig
                0x000032ac       0x6c ./drivers/fsl_clock.o
                0x000032ac                CLOCK_SetExternalRefClkConfig
 .text.CLOCK_SetInternalRefClkConfig
                0x00003318      0x104 ./drivers/fsl_clock.o
                0x00003318                CLOCK_SetInternalRefClkConfig
 .text.CLOCK_EnablePll0
                0x0000341c       0x88 ./drivers/fsl_clock.o
                0x0000341c                CLOCK_EnablePll0
 .text.CLOCK_InitOsc0
                0x000034a4       0x8c ./drivers/fsl_clock.o
                0x000034a4                CLOCK_InitOsc0
 .text.CLOCK_SetPbeMode
                0x00003530       0xa8 ./drivers/fsl_clock.o
                0x00003530                CLOCK_SetPbeMode
 .text.CLOCK_BootToPeeMode
                0x000035d8       0x64 ./drivers/fsl_clock.o
                0x000035d8                CLOCK_BootToPeeMode
 .text.SDK_DelayAtLeastUs
                0x0000363c       0x8c ./drivers/fsl_common_arm.o
                0x0000363c                SDK_DelayAtLeastUs
 .text.I2C_TransferCommonIRQHandler
                0x000036c8       0x58 ./drivers/fsl_i2c.o
 .text.I2C0_DriverIRQHandler
                0x00003720       0x1c ./drivers/fsl_i2c.o
                0x00003720                I2C0_DriverIRQHandler
 .text.I2C1_DriverIRQHandler
                0x0000373c       0x1c ./drivers/fsl_i2c.o
                0x0000373c                I2C1_DriverIRQHandler
 .text.I2C2_DriverIRQHandler
                0x00003758       0x1c ./drivers/fsl_i2c.o
                0x00003758                I2C2_DriverIRQHandler
 .text.PIT_GetInstance
                0x00003774       0x44 ./drivers/fsl_pit.o
 .text.PIT_Init
                0x000037b8       0x94 ./drivers/fsl_pit.o
                0x000037b8                PIT_Init
 .text.UART_GetInstance
                0x0000384c       0x54 ./drivers/fsl_uart.o
                0x0000384c                UART_GetInstance
 .text.UART_Init
                0x000038a0      0x2f4 ./drivers/fsl_uart.o
                0x000038a0                UART_Init
 .text.UART_GetDefaultConfig
                0x00003b94       0x68 ./drivers/fsl_uart.o
                0x00003b94                UART_GetDefaultConfig
 .text.UART0_DriverIRQHandler
                0x00003bfc       0x28 ./drivers/fsl_uart.o
                0x00003bfc                UART0_DriverIRQHandler
 .text.UART1_DriverIRQHandler
                0x00003c24       0x28 ./drivers/fsl_uart.o
                0x00003c24                UART1_DriverIRQHandler
 .text.UART2_DriverIRQHandler
                0x00003c4c       0x28 ./drivers/fsl_uart.o
                0x00003c4c                UART2_DriverIRQHandler
 .text.UART3_DriverIRQHandler
                0x00003c74       0x28 ./drivers/fsl_uart.o
                0x00003c74                UART3_DriverIRQHandler
 .text.UART4_DriverIRQHandler
                0x00003c9c       0x28 ./drivers/fsl_uart.o
                0x00003c9c                UART4_DriverIRQHandler
 .text.UART5_DriverIRQHandler
                0x00003cc4       0x28 ./drivers/fsl_uart.o
                0x00003cc4                UART5_DriverIRQHandler
 .text.SystemInit
                0x00003cec       0x3c ./device/system_MK64F12.o
                0x00003cec                SystemInit
 .text.HAL_UartInit
                0x00003d28      0x128 ./component/uart/fsl_adapter_uart.o
                0x00003d28                HAL_UartInit
 .text.HAL_UartSendBlocking
                0x00003e50       0x64 ./component/uart/fsl_adapter_uart.o
                0x00003e50                HAL_UartSendBlocking
 .text.OSA_MutexCreate
                0x00003eb4       0x34 ./component/osa/fsl_os_abstraction_bm.o
                0x00003eb4                OSA_MutexCreate
 .text.OSA_MutexDestroy
                0x00003ee8       0x30 ./component/osa/fsl_os_abstraction_bm.o
                0x00003ee8                OSA_MutexDestroy
 .text.CLOCK_SetSdhc0Clock
                0x00003f18       0x38 ./board/clock_config.o
 .text.CLOCK_SetEnetTime0Clock
                0x00003f50       0x38 ./board/clock_config.o
 .text.CLOCK_SetRmii0Clock
                0x00003f88       0x38 ./board/clock_config.o
 .text.CLOCK_SetTraceClock
                0x00003fc0       0x38 ./board/clock_config.o
 .text.CLOCK_SetClkOutClock
                0x00003ff8       0x34 ./board/clock_config.o
 .text.CLOCK_SetSimSafeDivs
                0x0000402c       0x20 ./board/clock_config.o
 .text.CLOCK_SetXtal0Freq
                0x0000404c       0x20 ./board/clock_config.o
 .text.CLOCK_CONFIG_SetFllExtRefDiv
                0x0000406c       0x3c ./board/clock_config.o
 .text.BOARD_BootClockRUN
                0x000040a8       0x88 ./board/clock_config.o
                0x000040a8                BOARD_BootClockRUN
 .text.__NVIC_EnableIRQ
                0x00004130       0x3c ./board/peripherals.o
 .text.PIT_SetTimerPeriod
                0x0000416c       0x38 ./board/peripherals.o
 .text.PIT_init
                0x000041a4       0x40 ./board/peripherals.o
 .text.BOARD_InitPeripherals
                0x000041e4       0x1c ./board/peripherals.o
                0x000041e4                BOARD_InitPeripherals
 .text.PORT_SetPinConfig
                0x00004200       0x38 ./board/pin_mux.o
 .text.BOARD_InitPins
                0x00004238       0x30 ./board/pin_mux.o
                0x00004238                BOARD_InitPins
 .text.BOARD_InitDEBUG_UARTPins
                0x00004268       0x68 ./board/pin_mux.o
                0x00004268                BOARD_InitDEBUG_UARTPins
 .text.__assertion_failed
                0x000042d0       0x4c d:/nxp/mcuxpressoide_11.6.1_8255/ide/plugins/com.nxp.mcuxpresso.tools.win32_11.6.1.202207200623/tools/bin/../lib/gcc/arm-none-eabi/10.3.1/../../../../arm-none-eabi/lib/thumb/v7e-m+fp/hard\libcr_nohost_nf.a(_cr_assert.o)
                0x000042d0                __assertion_failed
 .text._Cwritebuf
                0x0000431c       0x6c d:/nxp/mcuxpressoide_11.6.1_8255/ide/plugins/com.nxp.mcuxpresso.tools.win32_11.6.1.202207200623/tools/bin/../lib/gcc/arm-none-eabi/10.3.1/../../../../arm-none-eabi/lib/thumb/v7e-m+fp/hard\libcr_c.a(_writebuf.o)
                0x0000431c                _Cwritebuf
 .text.malloc   0x00004388       0xc8 d:/nxp/mcuxpressoide_11.6.1_8255/ide/plugins/com.nxp.mcuxpresso.tools.win32_11.6.1.202207200623/tools/bin/../lib/gcc/arm-none-eabi/10.3.1/../../../../arm-none-eabi/lib/thumb/v7e-m+fp/hard\libcr_c.a(alloc.o)
                0x00004388                malloc
 .text._Csys_alloc
                0x00004450       0x20 d:/nxp/mcuxpressoide_11.6.1_8255/ide/plugins/com.nxp.mcuxpresso.tools.win32_11.6.1.202207200623/tools/bin/../lib/gcc/arm-none-eabi/10.3.1/../../../../arm-none-eabi/lib/thumb/v7e-m+fp/hard\libcr_c.a(alloc.o)
                0x00004450                _Csys_alloc
 .text.fseek    0x00004470       0xfc d:/nxp/mcuxpressoide_11.6.1_8255/ide/plugins/com.nxp.mcuxpresso.tools.win32_11.6.1.202207200623/tools/bin/../lib/gcc/arm-none-eabi/10.3.1/../../../../arm-none-eabi/lib/thumb/v7e-m+fp/hard\libcr_c.a(fseek.o)
                0x00004470                fseek
 .text.ftell    0x0000456c       0x44 d:/nxp/mcuxpressoide_11.6.1_8255/ide/plugins/com.nxp.mcuxpresso.tools.win32_11.6.1.202207200623/tools/bin/../lib/gcc/arm-none-eabi/10.3.1/../../../../arm-none-eabi/lib/thumb/v7e-m+fp/hard\libcr_c.a(ftell.o)
                0x0000456c                ftell
 .text._initio  0x000045b0       0x78 d:/nxp/mcuxpressoide_11.6.1_8255/ide/plugins/com.nxp.mcuxpresso.tools.win32_11.6.1.202207200623/tools/bin/../lib/gcc/arm-none-eabi/10.3.1/../../../../arm-none-eabi/lib/thumb/v7e-m+fp/hard\libcr_c.a(initio.o)
                0x000045b0                _initio
 .text._sbrk    0x00004628       0x3c d:/nxp/mcuxpressoide_11.6.1_8255/ide/plugins/com.nxp.mcuxpresso.tools.win32_11.6.1.202207200623/tools/bin/../lib/gcc/arm-none-eabi/10.3.1/../../../../arm-none-eabi/lib/thumb/v7e-m+fp/hard\libcr_c.a(_cr_sbrk.o)
                0x00004628                _sbrk
 .text.fflush   0x00004664       0x3c d:/nxp/mcuxpressoide_11.6.1_8255/ide/plugins/com.nxp.mcuxpresso.tools.win32_11.6.1.202207200623/tools/bin/../lib/gcc/arm-none-eabi/10.3.1/../../../../arm-none-eabi/lib/thumb/v7e-m+fp/hard\libcr_c.a(fflush.o)
                0x00004664                fflush
 .text.__check_heap_overflow
                0x000046a0       0x18 d:/nxp/mcuxpressoide_11.6.1_8255/ide/plugins/com.nxp.mcuxpresso.tools.win32_11.6.1.202207200623/tools/bin/../lib/gcc/arm-none-eabi/10.3.1/../../../../arm-none-eabi/lib/thumb/v7e-m+fp/hard\libcr_c.a(_cr_check_heap.o)
                0x000046a0                __check_heap_overflow
 .text.DbgConsole_PrintCallback
                0x000046b8       0x66 ./utilities/fsl_debug_console.o
 .text.DbgConsole_Printf
                0x0000471e       0x2c ./utilities/fsl_debug_console.o
                0x0000471e                DbgConsole_Printf
 .text.PrintGetWidth
                0x0000474a       0x6a ./utilities/fsl_str.o
 .text.PrintGetPrecision
                0x000047b4       0x8c ./utilities/fsl_str.o
 .text.PrintIsobpu
                0x00004840       0x38 ./utilities/fsl_str.o
 .text.PrintIsdi
                0x00004878       0x2c ./utilities/fsl_str.o
 .text.PrintOutputdifFobpu
                0x000048a4       0x44 ./utilities/fsl_str.o
 .text.PrintOutputxX
                0x000048e8       0x44 ./utilities/fsl_str.o
 .text.PrintIsfF
                0x0000492c       0x2c ./utilities/fsl_str.o
 .text.PrintIsxX
                0x00004958       0x2c ./utilities/fsl_str.o
 .text.PrintFilterLengthFlag
                0x00004984       0x3e ./utilities/fsl_str.o
 .text.PrintGetRadixFromobpu
                0x000049c2       0x40 ./utilities/fsl_str.o
 .text.ConvertRadixNumToString
                0x00004a02       0xc2 ./utilities/fsl_str.o
 .text.StrFormatPrintf
                0x00004ac4      0x2ac ./utilities/fsl_str.o
                0x00004ac4                StrFormatPrintf
 .text.USB_DeviceKhciPrimeNextSetup
                0x00004d70       0x64 ./usb/device/source/khci/usb_device_khci.o
 .text.USB_DeviceKhciSetDefaultState
                0x00004dd4      0x158 ./usb/device/source/khci/usb_device_khci.o
 .text.USB_DeviceKhciEndpointInit
                0x00004f2c      0x12c ./usb/device/source/khci/usb_device_khci.o
 .text.USB_DeviceKhciEndpointDeinit
                0x00005058       0x5c ./usb/device/source/khci/usb_device_khci.o
 .text.USB_DeviceKhciEndpointStall
                0x000050b4      0x17a ./usb/device/source/khci/usb_device_khci.o
 .text.USB_DeviceKhciEndpointUnstall
                0x0000522e      0x10a ./usb/device/source/khci/usb_device_khci.o
 .text.USB_DeviceKhciInterruptTokenDone
                0x00005338      0x538 ./usb/device/source/khci/usb_device_khci.o
 .text.USB_DeviceKhciInterruptReset
                0x00005870       0x42 ./usb/device/source/khci/usb_device_khci.o
 .text.USB_DeviceKhciInterruptStall
                0x000058b2       0x5c ./usb/device/source/khci/usb_device_khci.o
 .text.USB_DeviceKhciDeinit
                0x0000590e       0x64 ./usb/device/source/khci/usb_device_khci.o
                0x0000590e                USB_DeviceKhciDeinit
 .text.USB_DeviceKhciSend
                0x00005972      0x11c ./usb/device/source/khci/usb_device_khci.o
                0x00005972                USB_DeviceKhciSend
 .text.USB_DeviceKhciRecv
                0x00005a8e      0x160 ./usb/device/source/khci/usb_device_khci.o
                0x00005a8e                USB_DeviceKhciRecv
 .text.USB_DeviceKhciCancel
                0x00005bee       0x86 ./usb/device/source/khci/usb_device_khci.o
                0x00005bee                USB_DeviceKhciCancel
 .text.USB_DeviceKhciIsrFunction
                0x00005c74       0x84 ./usb/device/source/khci/usb_device_khci.o
                0x00005c74                USB_DeviceKhciIsrFunction
 .text.USB_DeviceCh9GetStatus
                0x00005cf8      0x10a ./usb/device/source/usb_device_ch9.o
 .text.USB_DeviceCh9SetClearFeature
                0x00005e02      0x10c ./usb/device/source/usb_device_ch9.o
 .text.USB_DeviceCh9SetAddress
                0x00005f0e       0xca ./usb/device/source/usb_device_ch9.o
 .text.USB_DeviceCh9GetDescriptor
                0x00005fd8      0x132 ./usb/device/source/usb_device_ch9.o
 .text.USB_DeviceCh9GetConfiguration
                0x0000610a       0x8e ./usb/device/source/usb_device_ch9.o
 .text.USB_DeviceCh9SetConfiguration
                0x00006198       0xb6 ./usb/device/source/usb_device_ch9.o
 .text.USB_DeviceCh9GetInterface
                0x0000624e       0x9c ./usb/device/source/usb_device_ch9.o
 .text.USB_DeviceCh9SetInterface
                0x000062ea       0x90 ./usb/device/source/usb_device_ch9.o
 .text.USB_DeviceCh9SynchFrame
                0x0000637a       0x90 ./usb/device/source/usb_device_ch9.o
 .text.USB_DeviceControlCallbackFeedback
                0x0000640a       0x96 ./usb/device/source/usb_device_ch9.o
 .text.USB_DeviceFreeHandle
                0x000064a0       0x36 ./usb/device/source/usb_device_dci.o
 .text.USB_DeviceTransfer
                0x000064d6      0x10e ./usb/device/source/usb_device_dci.o
 .text.USB_DeviceControl
                0x000065e4       0x48 ./usb/device/source/usb_device_dci.o
 .text.USB_DeviceResetNotification
                0x0000662c       0x98 ./usb/device/source/usb_device_dci.o
 .text.USB_DeviceNotification
                0x000066c4      0x102 ./usb/device/source/usb_device_dci.o
 .text.USB_DeviceNotificationTrigger
                0x000067c6       0x40 ./usb/device/source/usb_device_dci.o
                0x000067c6                USB_DeviceNotificationTrigger
 .text.USB_DeviceInit
                0x00006806      0x166 ./usb/device/source/usb_device_dci.o
                0x00006806                USB_DeviceInit
 .text.USB_DeviceRun
                0x0000696c       0x1c ./usb/device/source/usb_device_dci.o
                0x0000696c                USB_DeviceRun
 .text.USB_DeviceDeinit
                0x00006988       0x42 ./usb/device/source/usb_device_dci.o
                0x00006988                USB_DeviceDeinit
 .text.USB_DeviceSendRequest
                0x000069ca       0x32 ./usb/device/source/usb_device_dci.o
                0x000069ca                USB_DeviceSendRequest
 .text.USB_DeviceRecvRequest
                0x000069fc       0x2c ./usb/device/source/usb_device_dci.o
                0x000069fc                USB_DeviceRecvRequest
 .text.USB_DeviceInitEndpoint
                0x00006a28       0xbe ./usb/device/source/usb_device_dci.o
                0x00006a28                USB_DeviceInitEndpoint
 .text.USB_DeviceDeinitEndpoint
                0x00006ae6       0xac ./usb/device/source/usb_device_dci.o
                0x00006ae6                USB_DeviceDeinitEndpoint
 .text.USB_DeviceStallEndpoint
                0x00006b92       0x30 ./usb/device/source/usb_device_dci.o
                0x00006b92                USB_DeviceStallEndpoint
 .text.USB_DeviceUnstallEndpoint
                0x00006bc2       0x30 ./usb/device/source/usb_device_dci.o
                0x00006bc2                USB_DeviceUnstallEndpoint
 .text.USB_DeviceCdcAcmFreeHandle
                0x00006bf2       0x32 ./usb/device/class/cdc/usb_device_cdc_acm.o
 .text.USB_DeviceCdcAcmInterruptIn
                0x00006c24       0x54 ./usb/device/class/cdc/usb_device_cdc_acm.o
 .text.USB_DeviceCdcAcmBulkIn
                0x00006c78       0x54 ./usb/device/class/cdc/usb_device_cdc_acm.o
 .text.USB_DeviceCdcAcmBulkOut
                0x00006ccc       0x54 ./usb/device/class/cdc/usb_device_cdc_acm.o
 .text.USB_DeviceCdcAcmEndpointsDeinit
                0x00006d20       0xae ./usb/device/class/cdc/usb_device_cdc_acm.o
 .text.USB_DeviceCdcAcmInit
                0x00006dce       0xaa ./usb/device/class/cdc/usb_device_cdc_acm.o
                0x00006dce                USB_DeviceCdcAcmInit
 .text.USB_DeviceCdcAcmDeinit
                0x00006e78       0x4e ./usb/device/class/cdc/usb_device_cdc_acm.o
                0x00006e78                USB_DeviceCdcAcmDeinit
 .text.USB_DeviceCdcAcmSend
                0x00006ec6       0xa4 ./usb/device/class/cdc/usb_device_cdc_acm.o
                0x00006ec6                USB_DeviceCdcAcmSend
 .text.USB_DeviceCdcAcmRecv
                0x00006f6a       0x78 ./usb/device/class/cdc/usb_device_cdc_acm.o
                0x00006f6a                USB_DeviceCdcAcmRecv
 .text.USB_DeviceClassCallback
                0x00006fe2       0x5e ./usb/device/class/usb_device_class.o
                0x00006fe2                USB_DeviceClassCallback
 .text.DMA0_IRQHandler
                0x00007040        0x8 ./startup/startup_mk64f12.o
                0x00007040                DMA0_IRQHandler
 .text.DMA1_IRQHandler
                0x00007048        0x8 ./startup/startup_mk64f12.o
                0x00007048                DMA1_IRQHandler
 .text.DMA2_IRQHandler
                0x00007050        0x8 ./startup/startup_mk64f12.o
                0x00007050                DMA2_IRQHandler
 .text.DMA3_IRQHandler
                0x00007058        0x8 ./startup/startup_mk64f12.o
                0x00007058                DMA3_IRQHandler
 .text.DMA4_IRQHandler
                0x00007060        0x8 ./startup/startup_mk64f12.o
                0x00007060                DMA4_IRQHandler
 .text.DMA5_IRQHandler
                0x00007068        0x8 ./startup/startup_mk64f12.o
                0x00007068                DMA5_IRQHandler
 .text.DMA6_IRQHandler
                0x00007070        0x8 ./startup/startup_mk64f12.o
                0x00007070                DMA6_IRQHandler
 .text.DMA7_IRQHandler
                0x00007078        0x8 ./startup/startup_mk64f12.o
                0x00007078                DMA7_IRQHandler
 .text.DMA8_IRQHandler
                0x00007080        0x8 ./startup/startup_mk64f12.o
                0x00007080                DMA8_IRQHandler
 .text.DMA9_IRQHandler
                0x00007088        0x8 ./startup/startup_mk64f12.o
                0x00007088                DMA9_IRQHandler
 .text.DMA10_IRQHandler
                0x00007090        0x8 ./startup/startup_mk64f12.o
                0x00007090                DMA10_IRQHandler
 .text.DMA11_IRQHandler
                0x00007098        0x8 ./startup/startup_mk64f12.o
                0x00007098                DMA11_IRQHandler
 .text.DMA12_IRQHandler
                0x000070a0        0x8 ./startup/startup_mk64f12.o
                0x000070a0                DMA12_IRQHandler
 .text.DMA13_IRQHandler
                0x000070a8        0x8 ./startup/startup_mk64f12.o
                0x000070a8                DMA13_IRQHandler
 .text.DMA14_IRQHandler
                0x000070b0        0x8 ./startup/startup_mk64f12.o
                0x000070b0                DMA14_IRQHandler
 .text.DMA15_IRQHandler
                0x000070b8        0x8 ./startup/startup_mk64f12.o
                0x000070b8                DMA15_IRQHandler
 .text.DMA_Error_IRQHandler
                0x000070c0        0x8 ./startup/startup_mk64f12.o
                0x000070c0                DMA_Error_IRQHandler
 .text.MCM_IRQHandler
                0x000070c8        0x8 ./startup/startup_mk64f12.o
                0x000070c8                MCM_IRQHandler
 .text.FTFE_IRQHandler
                0x000070d0        0x8 ./startup/startup_mk64f12.o
                0x000070d0                FTFE_IRQHandler
 .text.Read_Collision_IRQHandler
                0x000070d8        0x8 ./startup/startup_mk64f12.o
                0x000070d8                Read_Collision_IRQHandler
 .text.LVD_LVW_IRQHandler
                0x000070e0        0x8 ./startup/startup_mk64f12.o
                0x000070e0                LVD_LVW_IRQHandler
 .text.LLWU_IRQHandler
                0x000070e8        0x8 ./startup/startup_mk64f12.o
                0x000070e8                LLWU_IRQHandler
 .text.WDOG_EWM_IRQHandler
                0x000070f0        0x8 ./startup/startup_mk64f12.o
                0x000070f0                WDOG_EWM_IRQHandler
 .text.RNG_IRQHandler
                0x000070f8        0x8 ./startup/startup_mk64f12.o
                0x000070f8                RNG_IRQHandler
 .text.I2C0_IRQHandler
                0x00007100        0x8 ./startup/startup_mk64f12.o
                0x00007100                I2C0_IRQHandler
 .text.I2C1_IRQHandler
                0x00007108        0x8 ./startup/startup_mk64f12.o
                0x00007108                I2C1_IRQHandler
 .text.SPI0_IRQHandler
                0x00007110        0x8 ./startup/startup_mk64f12.o
                0x00007110                SPI0_IRQHandler
 .text.SPI1_IRQHandler
                0x00007118        0x8 ./startup/startup_mk64f12.o
                0x00007118                SPI1_IRQHandler
 .text.I2S0_Tx_IRQHandler
                0x00007120        0x8 ./startup/startup_mk64f12.o
                0x00007120                I2S0_Tx_IRQHandler
 .text.I2S0_Rx_IRQHandler
                0x00007128        0x8 ./startup/startup_mk64f12.o
                0x00007128                I2S0_Rx_IRQHandler
 .text.UART0_LON_IRQHandler
                0x00007130        0x8 ./startup/startup_mk64f12.o
                0x00007130                UART0_LON_IRQHandler
 .text.UART0_RX_TX_IRQHandler
                0x00007138        0x8 ./startup/startup_mk64f12.o
                0x00007138                UART0_RX_TX_IRQHandler
 .text.UART0_ERR_IRQHandler
                0x00007140        0x8 ./startup/startup_mk64f12.o
                0x00007140                UART0_ERR_IRQHandler
 .text.UART1_RX_TX_IRQHandler
                0x00007148        0x8 ./startup/startup_mk64f12.o
                0x00007148                UART1_RX_TX_IRQHandler
 .text.UART1_ERR_IRQHandler
                0x00007150        0x8 ./startup/startup_mk64f12.o
                0x00007150                UART1_ERR_IRQHandler
 .text.UART2_RX_TX_IRQHandler
                0x00007158        0x8 ./startup/startup_mk64f12.o
                0x00007158                UART2_RX_TX_IRQHandler
 .text.UART2_ERR_IRQHandler
                0x00007160        0x8 ./startup/startup_mk64f12.o
                0x00007160                UART2_ERR_IRQHandler
 .text.UART3_RX_TX_IRQHandler
                0x00007168        0x8 ./startup/startup_mk64f12.o
                0x00007168                UART3_RX_TX_IRQHandler
 .text.UART3_ERR_IRQHandler
                0x00007170        0x8 ./startup/startup_mk64f12.o
                0x00007170                UART3_ERR_IRQHandler
 .text.ADC0_IRQHandler
                0x00007178        0x8 ./startup/startup_mk64f12.o
                0x00007178                ADC0_IRQHandler
 .text.CMP0_IRQHandler
                0x00007180        0x8 ./startup/startup_mk64f12.o
                0x00007180                CMP0_IRQHandler
 .text.CMP1_IRQHandler
                0x00007188        0x8 ./startup/startup_mk64f12.o
                0x00007188                CMP1_IRQHandler
 .text.FTM0_IRQHandler
                0x00007190        0x8 ./startup/startup_mk64f12.o
                0x00007190                FTM0_IRQHandler
 .text.FTM1_IRQHandler
                0x00007198        0x8 ./startup/startup_mk64f12.o
                0x00007198                FTM1_IRQHandler
 .text.FTM2_IRQHandler
                0x000071a0        0x8 ./startup/startup_mk64f12.o
                0x000071a0                FTM2_IRQHandler
 .text.CMT_IRQHandler
                0x000071a8        0x8 ./startup/startup_mk64f12.o
                0x000071a8                CMT_IRQHandler
 .text.RTC_IRQHandler
                0x000071b0        0x8 ./startup/startup_mk64f12.o
                0x000071b0                RTC_IRQHandler
 .text.RTC_Seconds_IRQHandler
                0x000071b8        0x8 ./startup/startup_mk64f12.o
                0x000071b8                RTC_Seconds_IRQHandler
 .text.PIT1_IRQHandler
                0x000071c0        0x8 ./startup/startup_mk64f12.o
                0x000071c0                PIT1_IRQHandler
 .text.PIT2_IRQHandler
                0x000071c8        0x8 ./startup/startup_mk64f12.o
                0x000071c8                PIT2_IRQHandler
 .text.PIT3_IRQHandler
                0x000071d0        0x8 ./startup/startup_mk64f12.o
                0x000071d0                PIT3_IRQHandler
 .text.PDB0_IRQHandler
                0x000071d8        0x8 ./startup/startup_mk64f12.o
                0x000071d8                PDB0_IRQHandler
 .text.USBDCD_IRQHandler
                0x000071e0        0x8 ./startup/startup_mk64f12.o
                0x000071e0                USBDCD_IRQHandler
 .text.Reserved71_IRQHandler
                0x000071e8        0x8 ./startup/startup_mk64f12.o
                0x000071e8                Reserved71_IRQHandler
 .text.DAC0_IRQHandler
                0x000071f0        0x8 ./startup/startup_mk64f12.o
                0x000071f0                DAC0_IRQHandler
 .text.MCG_IRQHandler
                0x000071f8        0x8 ./startup/startup_mk64f12.o
                0x000071f8                MCG_IRQHandler
 .text.LPTMR0_IRQHandler
                0x00007200        0x8 ./startup/startup_mk64f12.o
                0x00007200                LPTMR0_IRQHandler
 .text.PORTA_IRQHandler
                0x00007208        0x8 ./startup/startup_mk64f12.o
                0x00007208                PORTA_IRQHandler
 .text.PORTB_IRQHandler
                0x00007210        0x8 ./startup/startup_mk64f12.o
                0x00007210                PORTB_IRQHandler
 .text.PORTC_IRQHandler
                0x00007218        0x8 ./startup/startup_mk64f12.o
                0x00007218                PORTC_IRQHandler
 .text.PORTD_IRQHandler
                0x00007220        0x8 ./startup/startup_mk64f12.o
                0x00007220                PORTD_IRQHandler
 .text.PORTE_IRQHandler
                0x00007228        0x8 ./startup/startup_mk64f12.o
                0x00007228                PORTE_IRQHandler
 .text.SWI_IRQHandler
                0x00007230        0x8 ./startup/startup_mk64f12.o
                0x00007230                SWI_IRQHandler
 .text.SPI2_IRQHandler
                0x00007238        0x8 ./startup/startup_mk64f12.o
                0x00007238                SPI2_IRQHandler
 .text.UART4_RX_TX_IRQHandler
                0x00007240        0x8 ./startup/startup_mk64f12.o
                0x00007240                UART4_RX_TX_IRQHandler
 .text.UART4_ERR_IRQHandler
                0x00007248        0x8 ./startup/startup_mk64f12.o
                0x00007248                UART4_ERR_IRQHandler
 .text.UART5_RX_TX_IRQHandler
                0x00007250        0x8 ./startup/startup_mk64f12.o
                0x00007250                UART5_RX_TX_IRQHandler
 .text.UART5_ERR_IRQHandler
                0x00007258        0x8 ./startup/startup_mk64f12.o
                0x00007258                UART5_ERR_IRQHandler
 .text.CMP2_IRQHandler
                0x00007260        0x8 ./startup/startup_mk64f12.o
                0x00007260                CMP2_IRQHandler
 .text.FTM3_IRQHandler
                0x00007268        0x8 ./startup/startup_mk64f12.o
                0x00007268                FTM3_IRQHandler
 .text.DAC1_IRQHandler
                0x00007270        0x8 ./startup/startup_mk64f12.o
                0x00007270                DAC1_IRQHandler
 .text.ADC1_IRQHandler
                0x00007278        0x8 ./startup/startup_mk64f12.o
                0x00007278                ADC1_IRQHandler
 .text.I2C2_IRQHandler
                0x00007280        0x8 ./startup/startup_mk64f12.o
                0x00007280                I2C2_IRQHandler
 .text.CAN0_ORed_Message_buffer_IRQHandler
                0x00007288        0x8 ./startup/startup_mk64f12.o
                0x00007288                CAN0_ORed_Message_buffer_IRQHandler
 .text.CAN0_Bus_Off_IRQHandler
                0x00007290        0x8 ./startup/startup_mk64f12.o
                0x00007290                CAN0_Bus_Off_IRQHandler
 .text.CAN0_Error_IRQHandler
                0x00007298        0x8 ./startup/startup_mk64f12.o
                0x00007298                CAN0_Error_IRQHandler
 .text.CAN0_Tx_Warning_IRQHandler
                0x000072a0        0x8 ./startup/startup_mk64f12.o
                0x000072a0                CAN0_Tx_Warning_IRQHandler
 .text.CAN0_Rx_Warning_IRQHandler
                0x000072a8        0x8 ./startup/startup_mk64f12.o
                0x000072a8                CAN0_Rx_Warning_IRQHandler
 .text.CAN0_Wake_Up_IRQHandler
                0x000072b0        0x8 ./startup/startup_mk64f12.o
                0x000072b0                CAN0_Wake_Up_IRQHandler
 .text.SDHC_IRQHandler
                0x000072b8        0x8 ./startup/startup_mk64f12.o
                0x000072b8                SDHC_IRQHandler
 .text.ENET_1588_Timer_IRQHandler
                0x000072c0        0x8 ./startup/startup_mk64f12.o
                0x000072c0                ENET_1588_Timer_IRQHandler
 .text.ENET_Transmit_IRQHandler
                0x000072c8        0x8 ./startup/startup_mk64f12.o
                0x000072c8                ENET_Transmit_IRQHandler
 .text.ENET_Receive_IRQHandler
                0x000072d0        0x8 ./startup/startup_mk64f12.o
                0x000072d0                ENET_Receive_IRQHandler
 .text.ENET_Error_IRQHandler
                0x000072d8        0x8 ./startup/startup_mk64f12.o
                0x000072d8                ENET_Error_IRQHandler
 .text.EnableIRQ
                0x000072e0       0x32 ./source/generated/usb_device_composite.o
 .text.USB_DeviceClockInit
                0x00007312        0xe ./source/generated/usb_device_composite.o
 .text.USB_DeviceIsrEnable
                0x00007320       0x2c ./source/generated/usb_device_composite.o
                0x00007320                USB_DeviceIsrEnable
 .text.HardFault_Handler
                0x0000734c       0x2c ./source/semihost_hardfault.o
                0x0000734c                HardFault_Handler
 .text.PIT_GetStatusFlags
                0x00007378       0x2a ./source/test_usb.o
 .text.PIT_ClearStatusFlags
                0x000073a2       0x2a ./source/test_usb.o
 .text.USB_DeviceInterface0CicVcomSetInterface
                0x000073cc       0x1a ./source/usb_device_interface_0_cic_vcom.o
                0x000073cc                USB_DeviceInterface0CicVcomSetInterface
 .text.USB_DeviceInterface1DicVcomSetInterface
                0x000073e6       0x1a ./source/usb_device_interface_0_cic_vcom.o
                0x000073e6                USB_DeviceInterface1DicVcomSetInterface
 .text.CLOCK_EnableClock
                0x00007400       0x34 ./drivers/fsl_clock.o
 .text.CLOCK_DisableClock
                0x00007434       0x38 ./drivers/fsl_clock.o
 .text.OSC_SetExtRefClkConfig
                0x0000746c       0x34 ./drivers/fsl_clock.o
 .text.OSC_SetCapLoad
                0x000074a0       0x34 ./drivers/fsl_clock.o
 .text.CLOCK_GetPll0RefFreq
                0x000074d4        0xe ./drivers/fsl_clock.o
 .text.DelayLoop
                0x000074e2       0x20 ./drivers/fsl_common_arm.o
 .text.CLOCK_EnableClock
                0x00007502       0x34 ./drivers/fsl_pit.o
 .text.CLOCK_EnableClock
                0x00007536       0x34 ./drivers/fsl_uart.o
 .text.UART_WriteBlocking
                0x0000756a       0x50 ./drivers/fsl_uart.o
                0x0000756a                UART_WriteBlocking
 .text.UART0_RX_TX_DriverIRQHandler
                0x000075ba       0x12 ./drivers/fsl_uart.o
                0x000075ba                UART0_RX_TX_DriverIRQHandler
 .text.UART1_RX_TX_DriverIRQHandler
                0x000075cc       0x12 ./drivers/fsl_uart.o
                0x000075cc                UART1_RX_TX_DriverIRQHandler
 .text.UART2_RX_TX_DriverIRQHandler
                0x000075de       0x12 ./drivers/fsl_uart.o
                0x000075de                UART2_RX_TX_DriverIRQHandler
 .text.UART3_RX_TX_DriverIRQHandler
                0x000075f0       0x12 ./drivers/fsl_uart.o
                0x000075f0                UART3_RX_TX_DriverIRQHandler
 .text.UART4_RX_TX_DriverIRQHandler
                0x00007602       0x12 ./drivers/fsl_uart.o
                0x00007602                UART4_RX_TX_DriverIRQHandler
 .text.UART5_RX_TX_DriverIRQHandler
                0x00007614       0x12 ./drivers/fsl_uart.o
                0x00007614                UART5_RX_TX_DriverIRQHandler
 .text.SystemInitHook
                0x00007626        0xe ./device/system_MK64F12.o
                0x00007626                SystemInitHook
 .text.HAL_UartGetStatus
                0x00007634       0x22 ./component/uart/fsl_adapter_uart.o
 .text.DisableGlobalIRQ
                0x00007656       0x22 ./component/serial_manager/fsl_component_serial_manager.o
 .text.EnableGlobalIRQ
                0x00007678       0x20 ./component/serial_manager/fsl_component_serial_manager.o
 .text.SerialManager_StartWriting
                0x00007698       0x38 ./component/serial_manager/fsl_component_serial_manager.o
 .text.SerialManager_Write
                0x000076d0       0x44 ./component/serial_manager/fsl_component_serial_manager.o
 .text.SerialManager_Init
                0x00007714       0x60 ./component/serial_manager/fsl_component_serial_manager.o
                0x00007714                SerialManager_Init
 .text.SerialManager_OpenWriteHandle
                0x00007774       0x50 ./component/serial_manager/fsl_component_serial_manager.o
                0x00007774                SerialManager_OpenWriteHandle
 .text.SerialManager_OpenReadHandle
                0x000077c4       0x60 ./component/serial_manager/fsl_component_serial_manager.o
                0x000077c4                SerialManager_OpenReadHandle
 .text.SerialManager_WriteBlocking
                0x00007824       0x20 ./component/serial_manager/fsl_component_serial_manager.o
                0x00007824                SerialManager_WriteBlocking
 .text.Serial_UartInit
                0x00007844       0x3e ./component/serial_manager/fsl_component_serial_port_uart.o
                0x00007844                Serial_UartInit
 .text.Serial_UartWrite
                0x00007882       0x38 ./component/serial_manager/fsl_component_serial_port_uart.o
                0x00007882                Serial_UartWrite
 .text.DisableGlobalIRQ
                0x000078ba       0x22 ./component/osa/fsl_os_abstraction_bm.o
 .text.EnableGlobalIRQ
                0x000078dc       0x20 ./component/osa/fsl_os_abstraction_bm.o
 .text.OSA_EnterCritical
                0x000078fc       0x1a ./component/osa/fsl_os_abstraction_bm.o
                0x000078fc                OSA_EnterCritical
 .text.OSA_ExitCritical
                0x00007916       0x16 ./component/osa/fsl_os_abstraction_bm.o
                0x00007916                OSA_ExitCritical
 .text.BOARD_InitDebugConsole
                0x0000792c       0x22 ./board/board.o
                0x0000792c                BOARD_InitDebugConsole
 .text.BOARD_InitBootClocks
                0x0000794e        0xc ./board/clock_config.o
                0x0000794e                BOARD_InitBootClocks
 .text.EnableIRQ
                0x0000795a       0x32 ./board/peripherals.o
 .text.SYSMPU_Enable
                0x0000798c       0x38 ./board/peripherals.o
 .text.PIT_EnableInterrupts
                0x000079c4       0x3a ./board/peripherals.o
 .text.PIT_StartTimer
                0x000079fe       0x38 ./board/peripherals.o
 .text.USB0_init
                0x00007a36        0xc ./board/peripherals.o
 .text.BOARD_InitBootPeripherals
                0x00007a42        0xc ./board/peripherals.o
                0x00007a42                BOARD_InitBootPeripherals
 .text.CLOCK_EnableClock
                0x00007a4e       0x34 ./board/pin_mux.o
 .text.PORT_SetPinMux
                0x00007a82       0x3a ./board/pin_mux.o
 .text.BOARD_InitBootPins
                0x00007abc       0x10 ./board/pin_mux.o
                0x00007abc                BOARD_InitBootPins
 .text.__main   0x00007acc        0xe d:/nxp/mcuxpressoide_11.6.1_8255/ide/plugins/com.nxp.mcuxpresso.tools.win32_11.6.1.202207200623/tools/bin/../lib/gcc/arm-none-eabi/10.3.1/../../../../arm-none-eabi/lib/thumb/v7e-m+fp/hard\libcr_nohost_nf.a(_cr__main.o)
                0x00007acc                __main
 .text.__sys_appexit
                0x00007ada        0x2 d:/nxp/mcuxpressoide_11.6.1_8255/ide/plugins/com.nxp.mcuxpresso.tools.win32_11.6.1.202207200623/tools/bin/../lib/gcc/arm-none-eabi/10.3.1/../../../../arm-none-eabi/lib/thumb/v7e-m+fp/hard\libcr_nohost_nf.a(__sys_appexit.o)
                0x00007ada                __sys_appexit
                0x00007ada                __exit
 .text.memcpy   0x00007adc        0x4 d:/nxp/mcuxpressoide_11.6.1_8255/ide/plugins/com.nxp.mcuxpresso.tools.win32_11.6.1.202207200623/tools/bin/../lib/gcc/arm-none-eabi/10.3.1/../../../../arm-none-eabi/lib/thumb/v7e-m+fp/hard\libcr_c.a(memcpy.o)
                0x00007adc                memcpy
 .text.memset   0x00007ae0        0x4 d:/nxp/mcuxpressoide_11.6.1_8255/ide/plugins/com.nxp.mcuxpresso.tools.win32_11.6.1.202207200623/tools/bin/../lib/gcc/arm-none-eabi/10.3.1/../../../../arm-none-eabi/lib/thumb/v7e-m+fp/hard\libcr_c.a(memset.o)
                0x00007ae0                memset
 .text._deferredlazyseek
                0x00007ae4       0x40 d:/nxp/mcuxpressoide_11.6.1_8255/ide/plugins/com.nxp.mcuxpresso.tools.win32_11.6.1.202207200623/tools/bin/../lib/gcc/arm-none-eabi/10.3.1/../../../../arm-none-eabi/lib/thumb/v7e-m+fp/hard\libcr_c.a(_deferredlazyseek.o)
                0x00007ae4                _deferredlazyseek
 .text.__flsbuf
                0x00007b24      0x140 d:/nxp/mcuxpressoide_11.6.1_8255/ide/plugins/com.nxp.mcuxpresso.tools.win32_11.6.1.202207200623/tools/bin/../lib/gcc/arm-none-eabi/10.3.1/../../../../arm-none-eabi/lib/thumb/v7e-m+fp/hard\libcr_c.a(_deferredlazyseek.o)
                0x00007b24                __flsbuf
 .text._fflush  0x00007c64       0x52 d:/nxp/mcuxpressoide_11.6.1_8255/ide/plugins/com.nxp.mcuxpresso.tools.win32_11.6.1.202207200623/tools/bin/../lib/gcc/arm-none-eabi/10.3.1/../../../../arm-none-eabi/lib/thumb/v7e-m+fp/hard\libcr_c.a(_fflush.o)
                0x00007c64                _fflush
 .text.free     0x00007cb6       0x30 d:/nxp/mcuxpressoide_11.6.1_8255/ide/plugins/com.nxp.mcuxpresso.tools.win32_11.6.1.202207200623/tools/bin/../lib/gcc/arm-none-eabi/10.3.1/../../../../arm-none-eabi/lib/thumb/v7e-m+fp/hard\libcr_c.a(alloc.o)
                0x00007cb6                free
 .text.fputs    0x00007ce6       0x2c d:/nxp/mcuxpressoide_11.6.1_8255/ide/plugins/com.nxp.mcuxpresso.tools.win32_11.6.1.202207200623/tools/bin/../lib/gcc/arm-none-eabi/10.3.1/../../../../arm-none-eabi/lib/thumb/v7e-m+fp/hard\libcr_c.a(fputs.o)
                0x00007ce6                fputs
 .text.setvbuf  0x00007d12       0x3e d:/nxp/mcuxpressoide_11.6.1_8255/ide/plugins/com.nxp.mcuxpresso.tools.win32_11.6.1.202207200623/tools/bin/../lib/gcc/arm-none-eabi/10.3.1/../../../../arm-none-eabi/lib/thumb/v7e-m+fp/hard\libcr_c.a(setvbuf.o)
                0x00007d12                setvbuf
 .text.strlen   0x00007d50       0x48 d:/nxp/mcuxpressoide_11.6.1_8255/ide/plugins/com.nxp.mcuxpresso.tools.win32_11.6.1.202207200623/tools/bin/../lib/gcc/arm-none-eabi/10.3.1/../../../../arm-none-eabi/lib/thumb/v7e-m+fp/hard\libcr_c.a(strlen.o)
                0x00007d50                strlen
 .text._fdopen  0x00007d98       0x68 d:/nxp/mcuxpressoide_11.6.1_8255/ide/plugins/com.nxp.mcuxpresso.tools.win32_11.6.1.202207200623/tools/bin/../lib/gcc/arm-none-eabi/10.3.1/../../../../arm-none-eabi/lib/thumb/v7e-m+fp/hard\libcr_c.a(_fdopen.o)
                0x00007d98                _fdopen
 .text.fclose   0x00007e00       0x58 d:/nxp/mcuxpressoide_11.6.1_8255/ide/plugins/com.nxp.mcuxpresso.tools.win32_11.6.1.202207200623/tools/bin/../lib/gcc/arm-none-eabi/10.3.1/../../../../arm-none-eabi/lib/thumb/v7e-m+fp/hard\libcr_c.a(fclose.o)
                0x00007e00                fclose
 .text.remove   0x00007e58       0x14 d:/nxp/mcuxpressoide_11.6.1_8255/ide/plugins/com.nxp.mcuxpresso.tools.win32_11.6.1.202207200623/tools/bin/../lib/gcc/arm-none-eabi/10.3.1/../../../../arm-none-eabi/lib/thumb/v7e-m+fp/hard\libcr_c.a(remove.o)
                0x00007e58                remove
 .text._do_fflush
                0x00007e6c       0x40 d:/nxp/mcuxpressoide_11.6.1_8255/ide/plugins/com.nxp.mcuxpresso.tools.win32_11.6.1.202207200623/tools/bin/../lib/gcc/arm-none-eabi/10.3.1/../../../../arm-none-eabi/lib/thumb/v7e-m+fp/hard\libcr_c.a(_do_fflush.o)
                0x00007e6c                _do_fflush
 .text.__aeabi_division_uldivmod
                0x00007eac      0x174 d:/nxp/mcuxpressoide_11.6.1_8255/ide/plugins/com.nxp.mcuxpresso.tools.win32_11.6.1.202207200623/tools/bin/../lib/gcc/arm-none-eabi/10.3.1/thumb/v7e-m+fp/hard\libcr_eabihelpers.a(division_64.o)
                0x00007eac                __aeabi_uldivmod
                0x00007eb0                __bhs_ldivmod1
 .text.__aeabi_division_idiv0
                0x00008020        0x2 d:/nxp/mcuxpressoide_11.6.1_8255/ide/plugins/com.nxp.mcuxpresso.tools.win32_11.6.1.202207200623/tools/bin/../lib/gcc/arm-none-eabi/10.3.1/thumb/v7e-m+fp/hard\libcr_eabihelpers.a(division_idiv0.o)
                0x00008020                __aeabi_idiv0
 .text.__aeabi_memcpy
                0x00008022       0x34 d:/nxp/mcuxpressoide_11.6.1_8255/ide/plugins/com.nxp.mcuxpresso.tools.win32_11.6.1.202207200623/tools/bin/../lib/gcc/arm-none-eabi/10.3.1/thumb/v7e-m+fp/hard\libcr_eabihelpers.a(memcpy.o)
                0x00008022                __aeabi_memcpy
                0x0000802c                __aeabi_memcpy8
                0x0000802c                __aeabi_memcpy4
 .text.__aeabi_memset_lowlevel
                0x00008056       0x32 d:/nxp/mcuxpressoide_11.6.1_8255/ide/plugins/com.nxp.mcuxpresso.tools.win32_11.6.1.202207200623/tools/bin/../lib/gcc/arm-none-eabi/10.3.1/thumb/v7e-m+fp/hard\libcr_eabihelpers.a(memcpy.o)
                0x00008056                __aeabi_lowlevel_memset
 .text.__sys_close
                0x00008088        0x6 d:/nxp/mcuxpressoide_11.6.1_8255/ide/plugins/com.nxp.mcuxpresso.tools.win32_11.6.1.202207200623/tools/bin/../lib/gcc/arm-none-eabi/10.3.1/../../../../arm-none-eabi/lib/thumb/v7e-m+fp/hard\libcr_nohost_nf.a(__sys_close.o)
                0x00008088                __sys_close
 .text.__sys_flen
                0x0000808e        0x6 d:/nxp/mcuxpressoide_11.6.1_8255/ide/plugins/com.nxp.mcuxpresso.tools.win32_11.6.1.202207200623/tools/bin/../lib/gcc/arm-none-eabi/10.3.1/../../../../arm-none-eabi/lib/thumb/v7e-m+fp/hard\libcr_nohost_nf.a(__sys_flen.o)
                0x0000808e                __sys_flen
 .text.__sys_istty
                0x00008094        0x6 d:/nxp/mcuxpressoide_11.6.1_8255/ide/plugins/com.nxp.mcuxpresso.tools.win32_11.6.1.202207200623/tools/bin/../lib/gcc/arm-none-eabi/10.3.1/../../../../arm-none-eabi/lib/thumb/v7e-m+fp/hard\libcr_nohost_nf.a(__sys_istty.o)
                0x00008094                __sys_istty
 .text.__sys_remove
                0x0000809a        0x6 d:/nxp/mcuxpressoide_11.6.1_8255/ide/plugins/com.nxp.mcuxpresso.tools.win32_11.6.1.202207200623/tools/bin/../lib/gcc/arm-none-eabi/10.3.1/../../../../arm-none-eabi/lib/thumb/v7e-m+fp/hard\libcr_nohost_nf.a(__sys_remove.o)
                0x0000809a                __sys_remove
 .text.__sys_seek
                0x000080a0        0x6 d:/nxp/mcuxpressoide_11.6.1_8255/ide/plugins/com.nxp.mcuxpresso.tools.win32_11.6.1.202207200623/tools/bin/../lib/gcc/arm-none-eabi/10.3.1/../../../../arm-none-eabi/lib/thumb/v7e-m+fp/hard\libcr_nohost_nf.a(__sys_seek.o)
                0x000080a0                __sys_seek
 .text.__sys_tmpnam
                0x000080a6        0x6 d:/nxp/mcuxpressoide_11.6.1_8255/ide/plugins/com.nxp.mcuxpresso.tools.win32_11.6.1.202207200623/tools/bin/../lib/gcc/arm-none-eabi/10.3.1/../../../../arm-none-eabi/lib/thumb/v7e-m+fp/hard\libcr_nohost_nf.a(__sys_tmpnam.o)
                0x000080a6                __sys_tmpnam
 .text.__sys_write
                0x000080ac        0x4 d:/nxp/mcuxpressoide_11.6.1_8255/ide/plugins/com.nxp.mcuxpresso.tools.win32_11.6.1.202207200623/tools/bin/../lib/gcc/arm-none-eabi/10.3.1/../../../../arm-none-eabi/lib/thumb/v7e-m+fp/hard\libcr_nohost_nf.a(__sys_write.o)
                0x000080ac                __sys_write
 *(SORT_BY_ALIGNMENT(.rodata) SORT_BY_ALIGNMENT(.rodata.*) SORT_BY_ALIGNMENT(.constdata) SORT_BY_ALIGNMENT(.constdata.*))
 .rodata.s_UsbDeviceStandardRequest
                0x000080b0       0x34 ./usb/device/source/usb_device_ch9.o
 .rodata.s_UsbDeviceKhciInterface
                0x000080e4       0x18 ./usb/device/source/usb_device_dci.o
 .rodata.s_UsbDeviceClassInterfaceMap
                0x000080fc       0x20 ./usb/device/class/usb_device_class.o
 .rodata.main.str1.4
                0x0000811c        0xd ./source/test_usb.o
 *fill*         0x00008129        0x3 ff
 .rodata.USB_DeviceInterface0CicVcomCallback.str1.4
                0x0000812c       0x2e ./source/usb_device_interface_0_cic_vcom.o
 *fill*         0x0000815a        0x2 ff
 .rodata.CLOCK_GetMcgExtClkFreq.str1.4
                0x0000815c       0x49 ./drivers/fsl_clock.o
 *fill*         0x000081a5        0x3 ff
 .rodata.CLOCK_GetPll0Freq.str1.4
                0x000081a8       0x1d ./drivers/fsl_clock.o
 *fill*         0x000081c5        0x3 ff
 .rodata.CLOCK_EnablePll0.str1.4
                0x000081c8       0x1a ./drivers/fsl_clock.o
 *fill*         0x000081e2        0x2 ff
 .rodata.CLOCK_SetPbeMode.str1.4
                0x000081e4       0x1a ./drivers/fsl_clock.o
 *fill*         0x000081fe        0x2 ff
 .rodata.CLOCK_BootToPeeMode.str1.4
                0x00008200       0x1a ./drivers/fsl_clock.o
 *fill*         0x0000821a        0x2 ff
 .rodata.fllFactorTable.1
                0x0000821c       0x10 ./drivers/fsl_clock.o
 .rodata.SDK_DelayAtLeastUs.str1.4
                0x0000822c       0x2b ./drivers/fsl_common_arm.o
 *fill*         0x00008257        0x1 ff
 .rodata.PIT_GetInstance.str1.4
                0x00008258       0x31 ./drivers/fsl_pit.o
 *fill*         0x00008289        0x3 ff
 .rodata.PIT_Init.str1.4
                0x0000828c       0x1e ./drivers/fsl_pit.o
 *fill*         0x000082aa        0x2 ff
 .rodata.s_uartBases
                0x000082ac       0x18 ./drivers/fsl_uart.o
 .rodata.s_uartClock
                0x000082c4       0x18 ./drivers/fsl_uart.o
 .rodata.UART_GetInstance.str1.4
                0x000082dc       0x2b ./drivers/fsl_uart.o
 *fill*         0x00008307        0x1 ff
 .rodata.UART_Init.str1.4
                0x00008308       0xfb ./drivers/fsl_uart.o
 *fill*         0x00008403        0x1 ff
 .rodata.UART_GetDefaultConfig.str1.4
                0x00008404       0x20 ./drivers/fsl_uart.o
 .rodata.s_UartAdapterBase
                0x00008424       0x18 ./component/uart/fsl_adapter_uart.o
 .rodata.HAL_UartInit.str1.4
                0x0000843c       0xdd ./component/uart/fsl_adapter_uart.o
 *fill*         0x00008519        0x3 ff
 .rodata.HAL_UartSendBlocking.str1.4
                0x0000851c       0x60 ./component/uart/fsl_adapter_uart.o
 .rodata.OSA_MutexCreate.str1.4
                0x0000857c       0x2a ./component/osa/fsl_os_abstraction_bm.o
 *fill*         0x000085a6        0x2 ff
 .rodata.OSA_MutexDestroy.str1.4
                0x000085a8       0x2a ./component/osa/fsl_os_abstraction_bm.o
 *fill*         0x000085d2        0x2 ff
 .rodata.mcgConfig_BOARD_BootClockRUN
                0x000085d4        0xb ./board/clock_config.o
                0x000085d4                mcgConfig_BOARD_BootClockRUN
 *fill*         0x000085df        0x1 ff
 .rodata.simConfig_BOARD_BootClockRUN
                0x000085e0        0x8 ./board/clock_config.o
                0x000085e0                simConfig_BOARD_BootClockRUN
 .rodata.oscConfig_BOARD_BootClockRUN
                0x000085e8        0x8 ./board/clock_config.o
                0x000085e8                oscConfig_BOARD_BootClockRUN
 .rodata.PIT_SetTimerPeriod.str1.4
                0x000085f0       0x6a ./board/peripherals.o
 *fill*         0x0000865a        0x2 ff
 .rodata.PIT_config
                0x0000865c        0x1 ./board/peripherals.o
                0x0000865c                PIT_config
 *fill*         0x0000865d        0x3 ff
 .rodata.PORT_SetPinConfig.str1.4
                0x00008660       0x66 ./board/pin_mux.o
 *fill*         0x000086c6        0x2 ff
 .rodata.__num_Ciob_streams
                0x000086c8        0x4 d:/nxp/mcuxpressoide_11.6.1_8255/ide/plugins/com.nxp.mcuxpresso.tools.win32_11.6.1.202207200623/tools/bin/../lib/gcc/arm-none-eabi/10.3.1/../../../../arm-none-eabi/lib/thumb/v7e-m+fp/hard\libcr_nohost_nf.a(__ciob.o)
                0x000086c8                __num_Ciob_streams
 .rodata.__assertion_failed.str1.1
                0x000086cc       0x15 d:/nxp/mcuxpressoide_11.6.1_8255/ide/plugins/com.nxp.mcuxpresso.tools.win32_11.6.1.202207200623/tools/bin/../lib/gcc/arm-none-eabi/10.3.1/../../../../arm-none-eabi/lib/thumb/v7e-m+fp/hard\libcr_nohost_nf.a(_cr_assert.o)
 .rodata._Csys_alloc.str1.1
                0x000086e1       0x18 d:/nxp/mcuxpressoide_11.6.1_8255/ide/plugins/com.nxp.mcuxpresso.tools.win32_11.6.1.202207200623/tools/bin/../lib/gcc/arm-none-eabi/10.3.1/../../../../arm-none-eabi/lib/thumb/v7e-m+fp/hard\libcr_c.a(alloc.o)
 .rodata._initio.str1.1
                0x000086f9        0x4 d:/nxp/mcuxpressoide_11.6.1_8255/ide/plugins/com.nxp.mcuxpresso.tools.win32_11.6.1.202207200623/tools/bin/../lib/gcc/arm-none-eabi/10.3.1/../../../../arm-none-eabi/lib/thumb/v7e-m+fp/hard\libcr_c.a(initio.o)
                0x00008700                . = ALIGN (0x8)
 *fill*         0x000086fd        0x3 ff
                0x00008700                _etext = .

.glue_7         0x00008700        0x0
 .glue_7        0x00008700        0x0 linker stubs

.glue_7t        0x00008700        0x0
 .glue_7t       0x00008700        0x0 linker stubs

.vfp11_veneer   0x00008700        0x0
 .vfp11_veneer  0x00008700        0x0 linker stubs

.v4_bx          0x00008700        0x0
 .v4_bx         0x00008700        0x0 linker stubs

.iplt           0x00008700        0x0
 .iplt          0x00008700        0x0 ./utilities/fsl_debug_console.o

.rel.dyn        0x00008700        0x0
 .rel.iplt      0x00008700        0x0 ./utilities/fsl_debug_console.o

.m_usb_data
 *(SORT_BY_ALIGNMENT(m_usb_bdt))

.data_RAM2      0x1fff0000        0x0 load address 0x00008700
 FILL mask 0xff
                [!provide]                PROVIDE (__start_data_RAM2 = .)
                [!provide]                PROVIDE (__start_data_SRAM_LOWER = .)
 *(SORT_BY_ALIGNMENT(.ramfunc.$RAM2))
 *(SORT_BY_ALIGNMENT(.ramfunc.$SRAM_LOWER))
 *(SORT_BY_ALIGNMENT(.data.$RAM2))
 *(SORT_BY_ALIGNMENT(.data.$SRAM_LOWER))
 *(SORT_BY_ALIGNMENT(.data.$RAM2.*))
 *(SORT_BY_ALIGNMENT(.data.$SRAM_LOWER.*))
                0x1fff0000                . = ALIGN (0x8)
                [!provide]                PROVIDE (__end_data_RAM2 = .)
                [!provide]                PROVIDE (__end_data_SRAM_LOWER = .)

.data_RAM3      0x14000000        0x0 load address 0x00008700
 FILL mask 0xff
                [!provide]                PROVIDE (__start_data_RAM3 = .)
                [!provide]                PROVIDE (__start_data_FLEX_RAM = .)
 *(SORT_BY_ALIGNMENT(.ramfunc.$RAM3))
 *(SORT_BY_ALIGNMENT(.ramfunc.$FLEX_RAM))
 *(SORT_BY_ALIGNMENT(.data.$RAM3))
 *(SORT_BY_ALIGNMENT(.data.$FLEX_RAM))
 *(SORT_BY_ALIGNMENT(.data.$RAM3.*))
 *(SORT_BY_ALIGNMENT(.data.$FLEX_RAM.*))
                0x14000000                . = ALIGN (0x8)
                [!provide]                PROVIDE (__end_data_RAM3 = .)
                [!provide]                PROVIDE (__end_data_FLEX_RAM = .)

.uninit_RESERVED
                0x20000000        0x0
                0x20000000                _start_uninit_RESERVED = .
 *(SORT_BY_ALIGNMENT(.bss.$RESERVED*))
                0x20000000                . = ALIGN (0x8)
                0x20000000                _end_uninit_RESERVED = .

.data           0x20000000      0x150 load address 0x00008700
 FILL mask 0xff
                0x20000000                _data = .
                [!provide]                PROVIDE (__start_data_RAM = .)
                [!provide]                PROVIDE (__start_data_SRAM_UPPER = .)
 *(SORT_BY_ALIGNMENT(vtable))
 *(SORT_BY_ALIGNMENT(.ramfunc*))
 *(SORT_BY_ALIGNMENT(CodeQuickAccess))
 *(SORT_BY_ALIGNMENT(DataQuickAccess))
 *(SORT_BY_ALIGNMENT(RamFunction))
 *(SORT_BY_ALIGNMENT(.data*))
 .data.s_UsbDeviceInterfaceNullConfig
                0x20000000        0x8 ./source/generated/usb_device_composite.o
 .data.g_CompositeClassConfig
                0x20000008       0x18 ./source/generated/usb_device_composite.o
                0x20000008                g_CompositeClassConfig
 .data.g_UsbDeviceCompositeConfigList
                0x20000020        0xc ./source/generated/usb_device_composite.o
                0x20000020                g_UsbDeviceCompositeConfigList
 .data.g_UsbDeviceInterface0CicVcomSetting0DefaultEndpoints
                0x2000002c        0x6 ./source/generated/usb_device_descriptor.o
                0x2000002c                g_UsbDeviceInterface0CicVcomSetting0DefaultEndpoints
 *fill*         0x20000032        0x2 ff
 .data.g_UsbDeviceInterface0CicVcomInterface
                0x20000034       0x10 ./source/generated/usb_device_descriptor.o
                0x20000034                g_UsbDeviceInterface0CicVcomInterface
 .data.g_UsbDeviceInterface1DicVcomSetting0DefaultEndpoints
                0x20000044        0xc ./source/generated/usb_device_descriptor.o
                0x20000044                g_UsbDeviceInterface1DicVcomSetting0DefaultEndpoints
 .data.g_UsbDeviceInterface1DicVcomInterface
                0x20000050       0x10 ./source/generated/usb_device_descriptor.o
                0x20000050                g_UsbDeviceInterface1DicVcomInterface
 .data.g_UsbDeviceInterface0CicVcomInterfaces
                0x20000060       0x18 ./source/generated/usb_device_descriptor.o
                0x20000060                g_UsbDeviceInterface0CicVcomInterfaces
 .data.g_UsbDeviceInterface0CicVcomInterfaceList
                0x20000078        0x8 ./source/generated/usb_device_descriptor.o
                0x20000078                g_UsbDeviceInterface0CicVcomInterfaceList
 .data.g_UsbDeviceInterface0CicVcomConfig
                0x20000080        0x8 ./source/generated/usb_device_descriptor.o
                0x20000080                g_UsbDeviceInterface0CicVcomConfig
 .data.g_UsbDeviceDescriptor
                0x20000088       0x12 ./source/generated/usb_device_descriptor.o
                0x20000088                g_UsbDeviceDescriptor
 *fill*         0x2000009a        0x2 ff
 .data.g_UsbDeviceConfigurationDescriptor
                0x2000009c       0x4b ./source/generated/usb_device_descriptor.o
                0x2000009c                g_UsbDeviceConfigurationDescriptor
 *fill*         0x200000e7        0x1 ff
 .data.g_UsbDeviceString0
                0x200000e8        0x4 ./source/generated/usb_device_descriptor.o
                0x200000e8                g_UsbDeviceString0
 .data.g_UsbDeviceString1
                0x200000ec        0x8 ./source/generated/usb_device_descriptor.o
                0x200000ec                g_UsbDeviceString1
 .data.g_UsbDeviceString2
                0x200000f4        0xa ./source/generated/usb_device_descriptor.o
                0x200000f4                g_UsbDeviceString2
 *fill*         0x200000fe        0x2 ff
 .data.g_UsbDeviceStringDescriptorLength
                0x20000100        0xc ./source/generated/usb_device_descriptor.o
                0x20000100                g_UsbDeviceStringDescriptorLength
 .data.g_UsbDeviceStringDescriptorArray
                0x2000010c        0xc ./source/generated/usb_device_descriptor.o
                0x2000010c                g_UsbDeviceStringDescriptorArray
 .data.g_UsbDeviceLanguage
                0x20000118        0xc ./source/generated/usb_device_descriptor.o
                0x20000118                g_UsbDeviceLanguage
 .data.g_UsbDeviceLanguageList
                0x20000124       0x10 ./source/generated/usb_device_descriptor.o
                0x20000124                g_UsbDeviceLanguageList
 .data.s_lineCoding
                0x20000134        0x7 ./source/usb_device_interface_0_cic_vcom.o
 *fill*         0x2000013b        0x1 ff
 .data.s_slowIrcFreq
                0x2000013c        0x4 ./drivers/fsl_clock.o
 .data.s_fastIrcFreq
                0x20000140        0x4 ./drivers/fsl_clock.o
 .data.SystemCoreClock
                0x20000144        0x4 ./device/system_MK64F12.o
                0x20000144                SystemCoreClock
 .data.timeoutUSB
                0x20000148        0x1 ./source/test_usb.o
                0x20000148                timeoutUSB
                0x20000150                . = ALIGN (0x8)
 *fill*         0x20000149        0x7 ff
                0x20000150                _edata = .
                [!provide]                PROVIDE (__end_data_RAM = .)
                [!provide]                PROVIDE (__end_data_SRAM_UPPER = .)

.igot.plt       0x20000150        0x0 load address 0x00008850
 .igot.plt      0x20000150        0x0 ./utilities/fsl_debug_console.o

.bss_RAM2       0x1fff0000        0x0
                [!provide]                PROVIDE (__start_bss_RAM2 = .)
                [!provide]                PROVIDE (__start_bss_SRAM_LOWER = .)
 *(SORT_BY_ALIGNMENT(.bss.$RAM2))
 *(SORT_BY_ALIGNMENT(.bss.$SRAM_LOWER))
 *(SORT_BY_ALIGNMENT(.bss.$RAM2.*))
 *(SORT_BY_ALIGNMENT(.bss.$SRAM_LOWER.*))
                0x1fff0000                . = ALIGN ((. != 0x0)?0x8:0x1)
                [!provide]                PROVIDE (__end_bss_RAM2 = .)
                [!provide]                PROVIDE (__end_bss_SRAM_LOWER = .)

.bss_RAM3       0x14000000        0x0
                [!provide]                PROVIDE (__start_bss_RAM3 = .)
                [!provide]                PROVIDE (__start_bss_FLEX_RAM = .)
 *(SORT_BY_ALIGNMENT(.bss.$RAM3))
 *(SORT_BY_ALIGNMENT(.bss.$FLEX_RAM))
 *(SORT_BY_ALIGNMENT(.bss.$RAM3.*))
 *(SORT_BY_ALIGNMENT(.bss.$FLEX_RAM.*))
                0x14000000                . = ALIGN ((. != 0x0)?0x8:0x1)
                [!provide]                PROVIDE (__end_bss_RAM3 = .)
                [!provide]                PROVIDE (__end_bss_FLEX_RAM = .)

.bss            0x20000200      0x750
                0x20000200                _bss = .
                [!provide]                PROVIDE (__start_bss_RAM = .)
                [!provide]                PROVIDE (__start_bss_SRAM_UPPER = .)
 *(SORT_BY_ALIGNMENT(.bss*))
 .bss.s_UsbDeviceKhciBdtBuffer
                0x20000200      0x200 ./usb/device/source/khci/usb_device_khci.o
 .bss.g_UsbDeviceComposite
                0x20000400       0x28 ./source/generated/usb_device_composite.o
                0x20000400                g_UsbDeviceComposite
 .bss.s_debugConsoleState
                0x20000428       0x20 ./utilities/fsl_debug_console.o
 .bss.g_serialHandle
                0x20000448        0x4 ./utilities/fsl_debug_console.o
                0x20000448                g_serialHandle
 .bss.s_UsbDeviceKhciState
                0x2000044c       0x84 ./usb/device/source/khci/usb_device_khci.o
 .bss.s_UsbDeviceKhciDmaAlignBuffer
                0x200004d0       0x40 ./usb/device/source/khci/usb_device_khci.o
 .bss.s_UsbDevice
                0x20000510       0x58 ./usb/device/source/usb_device_dci.o
 .bss.g_cdcAcmHandle
                0x20000568       0x50 ./usb/device/class/cdc/usb_device_cdc_acm.o
 .bss.s_UsbDeviceCommonClassStruct
                0x200005b8       0x10 ./usb/device/class/usb_device_class.o
 .bss.s_UsbDeviceSetupBuffer
                0x200005c8        0x8 ./usb/device/class/usb_device_class.o
 .bss.ringRx    0x200005d0        0xc ./source/test_usb.o
                0x200005d0                ringRx
 .bss.ringTx    0x200005dc        0x7 ./source/test_usb.o
                0x200005dc                ringTx
 *fill*         0x200005e3        0x1 
 .bss.rxBuf     0x200005e4      0x100 ./source/test_usb.o
                0x200005e4                rxBuf
 .bss.txBuf     0x200006e4      0x100 ./source/test_usb.o
                0x200006e4                txBuf
 .bss.i.0       0x200007e4        0x4 ./source/test_usb.o
 .bss.s_abstractState
                0x200007e8        0x2 ./source/usb_device_interface_0_cic_vcom.o
 *fill*         0x200007ea        0x2 
 .bss.s_countryCode
                0x200007ec        0x2 ./source/usb_device_interface_0_cic_vcom.o
 *fill*         0x200007ee        0x2 
 .bss.s_usbCdcAcmInfo
                0x200007f0       0x12 ./source/usb_device_interface_0_cic_vcom.o
 *fill*         0x20000802        0x2 
 .bss.s_currRecvBuf
                0x20000804       0x40 ./source/usb_device_interface_0_cic_vcom.o
 .bss.s_recvSize
                0x20000844        0x4 ./source/usb_device_interface_0_cic_vcom.o
 .bss.s_UsbDeviceComposite
                0x20000848        0x4 ./source/usb_device_interface_0_cic_vcom.o
 .bss.s_UsbInterface0CicVcom
                0x2000084c        0x8 ./source/usb_device_interface_0_cic_vcom.o
 .bss.g_xtal0Freq
                0x20000854        0x4 ./drivers/fsl_clock.o
                0x20000854                g_xtal0Freq
 .bss.g_xtal32Freq
                0x20000858        0x4 ./drivers/fsl_clock.o
                0x20000858                g_xtal32Freq
 .bss.s_i2cHandle
                0x2000085c        0xc ./drivers/fsl_i2c.o
 .bss.s_i2cMasterIsr
                0x20000868        0x4 ./drivers/fsl_i2c.o
 .bss.s_i2cSlaveIsr
                0x2000086c        0x4 ./drivers/fsl_i2c.o
 .bss.s_uartHandle
                0x20000870       0x18 ./drivers/fsl_uart.o
                0x20000870                s_uartHandle
 .bss.s_uartIsr
                0x20000888        0x4 ./drivers/fsl_uart.o
                0x20000888                s_uartIsr
 .bss.__Ciob    0x2000088c       0xb4 d:/nxp/mcuxpressoide_11.6.1_8255/ide/plugins/com.nxp.mcuxpresso.tools.win32_11.6.1.202207200623/tools/bin/../lib/gcc/arm-none-eabi/10.3.1/../../../../arm-none-eabi/lib/thumb/v7e-m+fp/hard\libcr_nohost_nf.a(__ciob.o)
                0x2000088c                __Ciob
 .bss.errno     0x20000940        0x4 d:/nxp/mcuxpressoide_11.6.1_8255/ide/plugins/com.nxp.mcuxpresso.tools.win32_11.6.1.202207200623/tools/bin/../lib/gcc/arm-none-eabi/10.3.1/../../../../arm-none-eabi/lib/thumb/v7e-m+fp/hard\libcr_c.a(errno.o)
                0x20000940                errno
 .bss.__end_of_heap
                0x20000944        0x4 d:/nxp/mcuxpressoide_11.6.1_8255/ide/plugins/com.nxp.mcuxpresso.tools.win32_11.6.1.202207200623/tools/bin/../lib/gcc/arm-none-eabi/10.3.1/../../../../arm-none-eabi/lib/thumb/v7e-m+fp/hard\libcr_c.a(__init_alloc.o)
                0x20000944                __end_of_heap
 .bss.__heaps   0x20000948        0x4 d:/nxp/mcuxpressoide_11.6.1_8255/ide/plugins/com.nxp.mcuxpresso.tools.win32_11.6.1.202207200623/tools/bin/../lib/gcc/arm-none-eabi/10.3.1/../../../../arm-none-eabi/lib/thumb/v7e-m+fp/hard\libcr_c.a(__init_alloc.o)
                0x20000948                __heaps
 .bss.s_debugConsoleReadWaitSemaphore
                0x2000094c        0x1 ./utilities/fsl_debug_console.o
 *(SORT_BY_ALIGNMENT(COMMON))
                0x20000950                . = ALIGN (0x8)
 *fill*         0x2000094d        0x3 
                0x20000950                _ebss = .
                [!provide]                PROVIDE (__end_bss_RAM = .)
                [!provide]                PROVIDE (__end_bss_SRAM_UPPER = .)
                [!provide]                PROVIDE (end = .)

.noinit_RAM2    0x1fff0000        0x0
                [!provide]                PROVIDE (__start_noinit_RAM2 = .)
                [!provide]                PROVIDE (__start_noinit_SRAM_LOWER = .)
 *(SORT_BY_ALIGNMENT(.noinit.$RAM2))
 *(SORT_BY_ALIGNMENT(.noinit.$SRAM_LOWER))
 *(SORT_BY_ALIGNMENT(.noinit.$RAM2.*))
 *(SORT_BY_ALIGNMENT(.noinit.$SRAM_LOWER.*))
                0x1fff0000                . = ALIGN (0x8)
                [!provide]                PROVIDE (__end_noinit_RAM2 = .)
                [!provide]                PROVIDE (__end_noinit_SRAM_LOWER = .)

.noinit_RAM3    0x14000000        0x0
                [!provide]                PROVIDE (__start_noinit_RAM3 = .)
                [!provide]                PROVIDE (__start_noinit_FLEX_RAM = .)
 *(SORT_BY_ALIGNMENT(.noinit.$RAM3))
 *(SORT_BY_ALIGNMENT(.noinit.$FLEX_RAM))
 *(SORT_BY_ALIGNMENT(.noinit.$RAM3.*))
 *(SORT_BY_ALIGNMENT(.noinit.$FLEX_RAM.*))
                0x14000000                . = ALIGN (0x8)
                [!provide]                PROVIDE (__end_noinit_RAM3 = .)
                [!provide]                PROVIDE (__end_noinit_FLEX_RAM = .)

.noinit         0x20000950        0x0
                0x20000950                _noinit = .
                [!provide]                PROVIDE (__start_noinit_RAM = .)
                [!provide]                PROVIDE (__start_noinit_SRAM_UPPER = .)
 *(SORT_BY_ALIGNMENT(.noinit*))
                0x20000950                . = ALIGN (0x8)
                0x20000950                _end_noinit = .
                [!provide]                PROVIDE (__end_noinit_RAM = .)
                [!provide]                PROVIDE (__end_noinit_SRAM_UPPER = .)

.ARM.extab
 *(SORT_BY_ALIGNMENT(.ARM.extab*) SORT_BY_ALIGNMENT(.gnu.linkonce.armextab.*))

.ARM.exidx      0x00008850        0x0
                0x00008850                __exidx_start = .
 *(SORT_BY_ALIGNMENT(.ARM.exidx*) SORT_BY_ALIGNMENT(.gnu.linkonce.armexidx.*))
                0x00008850                __exidx_end = .
                0x00001000                _HeapSize = 0x1000

.heap           0x20000950     0x1000
                0x20000950                _pvHeapStart = .
                0x20001950                . = (. + _HeapSize)
 *fill*         0x20000950     0x1000 
                0x20001950                . = ALIGN (0x8)
                0x20001950                _pvHeapLimit = .
                0x00001000                _StackSize = 0x1000

.heap2stackfill
                0x20001950     0x1000
                0x20002950                . = (. + _StackSize)
 *fill*         0x20001950     0x1000 

.stack          0x2002f000        0x0
                0x2002f000                _vStackBase = .
                0x2002f000                . = ALIGN (0x8)
                0x20030000                _vStackTop = (. + _StackSize)
                0x00000000                _image_start = LOADADDR (.text)
                0x00008850                _image_end = (LOADADDR (.data) + SIZEOF (.data))
                0x00008850                _image_size = (_image_end - _image_start)
OUTPUT(test_usb.axf elf32-littlearm)
LOAD linker stubs

.debug_info     0x00000000    0x16fe4
 .debug_info    0x00000000      0xc0c ./utilities/fsl_debug_console.o
 .debug_info    0x00000c0c      0xafc ./utilities/fsl_str.o
 .debug_info    0x00001708     0x1782 ./usb/device/source/khci/usb_device_khci.o
 .debug_info    0x00002e8a     0x151b ./usb/device/source/usb_device_ch9.o
 .debug_info    0x000043a5     0x1250 ./usb/device/source/usb_device_dci.o
 .debug_info    0x000055f5     0x10ce ./usb/device/class/cdc/usb_device_cdc_acm.o
 .debug_info    0x000066c3      0xe36 ./usb/device/class/usb_device_class.o
 .debug_info    0x000074f9      0x93a ./startup/startup_mk64f12.o
 .debug_info    0x00007e33     0x1264 ./source/generated/usb_device_composite.o
 .debug_info    0x00009097      0xf0a ./source/generated/usb_device_descriptor.o
 .debug_info    0x00009fa1       0x3c ./source/semihost_hardfault.o
 .debug_info    0x00009fdd      0x6ef ./source/test_usb.o
 .debug_info    0x0000a6cc      0xeb0 ./source/usb_device_interface_0_cic_vcom.o
 .debug_info    0x0000b57c     0x21ab ./drivers/fsl_clock.o
 .debug_info    0x0000d727       0xee ./drivers/fsl_common_arm.o
 .debug_info    0x0000d815     0x1e7a ./drivers/fsl_i2c.o
 .debug_info    0x0000f68f      0x759 ./drivers/fsl_pit.o
 .debug_info    0x0000fde8     0x1f78 ./drivers/fsl_uart.o
 .debug_info    0x00011d60      0x649 ./device/system_MK64F12.o
 .debug_info    0x000123a9      0xa66 ./component/uart/fsl_adapter_uart.o
 .debug_info    0x00012e0f      0x8f9 ./component/serial_manager/fsl_component_serial_manager.o
 .debug_info    0x00013708      0x46b ./component/serial_manager/fsl_component_serial_port_uart.o
 .debug_info    0x00013b73      0xf70 ./component/osa/fsl_os_abstraction_bm.o
 .debug_info    0x00014ae3       0xe8 ./board/board.o
 .debug_info    0x00014bcb      0xcb8 ./board/clock_config.o
 .debug_info    0x00015883      0xb29 ./board/peripherals.o
 .debug_info    0x000163ac      0xc38 ./board/pin_mux.o

.debug_abbrev   0x00000000     0x385c
 .debug_abbrev  0x00000000      0x232 ./utilities/fsl_debug_console.o
 .debug_abbrev  0x00000232      0x24d ./utilities/fsl_str.o
 .debug_abbrev  0x0000047f      0x31b ./usb/device/source/khci/usb_device_khci.o
 .debug_abbrev  0x0000079a      0x1f4 ./usb/device/source/usb_device_ch9.o
 .debug_abbrev  0x0000098e      0x1c7 ./usb/device/source/usb_device_dci.o
 .debug_abbrev  0x00000b55      0x1d3 ./usb/device/class/cdc/usb_device_cdc_acm.o
 .debug_abbrev  0x00000d28      0x1c3 ./usb/device/class/usb_device_class.o
 .debug_abbrev  0x00000eeb      0x185 ./startup/startup_mk64f12.o
 .debug_abbrev  0x00001070      0x292 ./source/generated/usb_device_composite.o
 .debug_abbrev  0x00001302      0x1c6 ./source/generated/usb_device_descriptor.o
 .debug_abbrev  0x000014c8       0x31 ./source/semihost_hardfault.o
 .debug_abbrev  0x000014f9      0x24a ./source/test_usb.o
 .debug_abbrev  0x00001743      0x1f7 ./source/usb_device_interface_0_cic_vcom.o
 .debug_abbrev  0x0000193a      0x359 ./drivers/fsl_clock.o
 .debug_abbrev  0x00001c93       0x92 ./drivers/fsl_common_arm.o
 .debug_abbrev  0x00001d25      0x363 ./drivers/fsl_i2c.o
 .debug_abbrev  0x00002088      0x1eb ./drivers/fsl_pit.o
 .debug_abbrev  0x00002273      0x42e ./drivers/fsl_uart.o
 .debug_abbrev  0x000026a1      0x148 ./device/system_MK64F12.o
 .debug_abbrev  0x000027e9      0x1c9 ./component/uart/fsl_adapter_uart.o
 .debug_abbrev  0x000029b2      0x23d ./component/serial_manager/fsl_component_serial_manager.o
 .debug_abbrev  0x00002bef      0x167 ./component/serial_manager/fsl_component_serial_port_uart.o
 .debug_abbrev  0x00002d56      0x35c ./component/osa/fsl_os_abstraction_bm.o
 .debug_abbrev  0x000030b2       0x85 ./board/board.o
 .debug_abbrev  0x00003137      0x246 ./board/clock_config.o
 .debug_abbrev  0x0000337d      0x25e ./board/peripherals.o
 .debug_abbrev  0x000035db      0x281 ./board/pin_mux.o

.debug_aranges  0x00000000     0x1258
 .debug_aranges
                0x00000000       0xa8 ./utilities/fsl_debug_console.o
 .debug_aranges
                0x000000a8       0xb8 ./utilities/fsl_str.o
 .debug_aranges
                0x00000160       0xa0 ./usb/device/source/khci/usb_device_khci.o
 .debug_aranges
                0x00000200       0x78 ./usb/device/source/usb_device_ch9.o
 .debug_aranges
                0x00000278       0xc8 ./usb/device/source/usb_device_dci.o
 .debug_aranges
                0x00000340       0x78 ./usb/device/class/cdc/usb_device_cdc_acm.o
 .debug_aranges
                0x000003b8       0x68 ./usb/device/class/usb_device_class.o
 .debug_aranges
                0x00000420      0x330 ./startup/startup_mk64f12.o
 .debug_aranges
                0x00000750       0x68 ./source/generated/usb_device_composite.o
 .debug_aranges
                0x000007b8       0x40 ./source/generated/usb_device_descriptor.o
 .debug_aranges
                0x000007f8       0x20 ./source/semihost_hardfault.o
 .debug_aranges
                0x00000818       0x40 ./source/test_usb.o
 .debug_aranges
                0x00000858       0x48 ./source/usb_device_interface_0_cic_vcom.o
 .debug_aranges
                0x000008a0      0x1f8 ./drivers/fsl_clock.o
 .debug_aranges
                0x00000a98       0x28 ./drivers/fsl_common_arm.o
 .debug_aranges
                0x00000ac0      0x180 ./drivers/fsl_i2c.o
 .debug_aranges
                0x00000c40       0x40 ./drivers/fsl_pit.o
 .debug_aranges
                0x00000c80      0x1b8 ./drivers/fsl_uart.o
 .debug_aranges
                0x00000e38       0x30 ./device/system_MK64F12.o
 .debug_aranges
                0x00000e68       0x50 ./component/uart/fsl_adapter_uart.o
 .debug_aranges
                0x00000eb8       0x98 ./component/serial_manager/fsl_component_serial_manager.o
 .debug_aranges
                0x00000f50       0x48 ./component/serial_manager/fsl_component_serial_port_uart.o
 .debug_aranges
                0x00000f98      0x130 ./component/osa/fsl_os_abstraction_bm.o
 .debug_aranges
                0x000010c8       0x20 ./board/board.o
 .debug_aranges
                0x000010e8       0x80 ./board/clock_config.o
 .debug_aranges
                0x00001168       0x68 ./board/peripherals.o
 .debug_aranges
                0x000011d0       0x88 ./board/pin_mux.o

.debug_ranges   0x00000000     0x1120
 .debug_ranges  0x00000000       0x98 ./utilities/fsl_debug_console.o
 .debug_ranges  0x00000098       0xd8 ./utilities/fsl_str.o
 .debug_ranges  0x00000170       0x90 ./usb/device/source/khci/usb_device_khci.o
 .debug_ranges  0x00000200       0x68 ./usb/device/source/usb_device_ch9.o
 .debug_ranges  0x00000268       0xb8 ./usb/device/source/usb_device_dci.o
 .debug_ranges  0x00000320       0x80 ./usb/device/class/cdc/usb_device_cdc_acm.o
 .debug_ranges  0x000003a0       0x58 ./usb/device/class/usb_device_class.o
 .debug_ranges  0x000003f8      0x320 ./startup/startup_mk64f12.o
 .debug_ranges  0x00000718       0x88 ./source/generated/usb_device_composite.o
 .debug_ranges  0x000007a0       0x30 ./source/generated/usb_device_descriptor.o
 .debug_ranges  0x000007d0       0x10 ./source/semihost_hardfault.o
 .debug_ranges  0x000007e0       0x30 ./source/test_usb.o
 .debug_ranges  0x00000810       0x38 ./source/usb_device_interface_0_cic_vcom.o
 .debug_ranges  0x00000848      0x1e8 ./drivers/fsl_clock.o
 .debug_ranges  0x00000a30       0x18 ./drivers/fsl_common_arm.o
 .debug_ranges  0x00000a48      0x170 ./drivers/fsl_i2c.o
 .debug_ranges  0x00000bb8       0x30 ./drivers/fsl_pit.o
 .debug_ranges  0x00000be8      0x1a8 ./drivers/fsl_uart.o
 .debug_ranges  0x00000d90       0x20 ./device/system_MK64F12.o
 .debug_ranges  0x00000db0       0x40 ./component/uart/fsl_adapter_uart.o
 .debug_ranges  0x00000df0       0x88 ./component/serial_manager/fsl_component_serial_manager.o
 .debug_ranges  0x00000e78       0x38 ./component/serial_manager/fsl_component_serial_port_uart.o
 .debug_ranges  0x00000eb0      0x120 ./component/osa/fsl_os_abstraction_bm.o
 .debug_ranges  0x00000fd0       0x10 ./board/board.o
 .debug_ranges  0x00000fe0       0x70 ./board/clock_config.o
 .debug_ranges  0x00001050       0x58 ./board/peripherals.o
 .debug_ranges  0x000010a8       0x78 ./board/pin_mux.o

.debug_macro    0x00000000    0x162c9
 .debug_macro   0x00000000      0x1c8 ./utilities/fsl_debug_console.o
 .debug_macro   0x000001c8      0xaae ./utilities/fsl_debug_console.o
 .debug_macro   0x00000c76       0x10 ./utilities/fsl_debug_console.o
 .debug_macro   0x00000c86       0x16 ./utilities/fsl_debug_console.o
 .debug_macro   0x00000c9c       0x10 ./utilities/fsl_debug_console.o
 .debug_macro   0x00000cac      0x12e ./utilities/fsl_debug_console.o
 .debug_macro   0x00000dda       0x28 ./utilities/fsl_debug_console.o
 .debug_macro   0x00000e02       0x16 ./utilities/fsl_debug_console.o
 .debug_macro   0x00000e18       0x22 ./utilities/fsl_debug_console.o
 .debug_macro   0x00000e3a      0x5b3 ./utilities/fsl_debug_console.o
 .debug_macro   0x000013ed       0x10 ./utilities/fsl_debug_console.o
 .debug_macro   0x000013fd       0x58 ./utilities/fsl_debug_console.o
 .debug_macro   0x00001455       0x1c ./utilities/fsl_debug_console.o
 .debug_macro   0x00001471       0x22 ./utilities/fsl_debug_console.o
 .debug_macro   0x00001493       0xfb ./utilities/fsl_debug_console.o