Archive member included to satisfy reference by file (symbol)

c:/nxp/mcuxpressoide_11.6.1_8255/ide/plugins/com.nxp.mcuxpresso.tools.win32_11.6.1.202207200623/tools/bin/../lib/gcc/arm-none-eabi/10.3.1/../../../../arm-none-eabi/lib/thumb/v7e-m+fp/hard\libcr_nohost_nf.a(_cr__main.o)
                              ./startup/startup_mk64f12.o (__main)
c:/nxp/mcuxpressoide_11.6.1_8255/ide/plugins/com.nxp.mcuxpresso.tools.win32_11.6.1.202207200623/tools/bin/../lib/gcc/arm-none-eabi/10.3.1/../../../../arm-none-eabi/lib/thumb/v7e-m+fp/hard\libcr_nohost_nf.a(_cr_assert.o)
                              ./drivers/fsl_adc16.o (__assertion_failed)
c:/nxp/mcuxpressoide_11.6.1_8255/ide/plugins/com.nxp.mcuxpresso.tools.win32_11.6.1.202207200623/tools/bin/../lib/gcc/arm-none-eabi/10.3.1/../../../../arm-none-eabi/lib/thumb/v7e-m+fp/hard\libcr_nohost_nf.a(__ciob.o)
                              c:/nxp/mcuxpressoide_11.6.1_8255/ide/plugins/com.nxp.mcuxpresso.tools.win32_11.6.1.202207200623/tools/bin/../lib/gcc/arm-none-eabi/10.3.1/../../../../arm-none-eabi/lib/thumb/v7e-m+fp/hard\libcr_nohost_nf.a(_cr_assert.o) (__Ciob)
c:/nxp/mcuxpressoide_11.6.1_8255/ide/plugins/com.nxp.mcuxpresso.tools.win32_11.6.1.202207200623/tools/bin/../lib/gcc/arm-none-eabi/10.3.1/../../../../arm-none-eabi/lib/thumb/v7e-m+fp/hard\libcr_nohost_nf.a(__sys_appexit.o)
                              c:/nxp/mcuxpressoide_11.6.1_8255/ide/plugins/com.nxp.mcuxpresso.tools.win32_11.6.1.202207200623/tools/bin/../lib/gcc/arm-none-eabi/10.3.1/../../../../arm-none-eabi/lib/thumb/v7e-m+fp/hard\libcr_nohost_nf.a(_cr_assert.o) (__sys_appexit)
c:/nxp/mcuxpressoide_11.6.1_8255/ide/plugins/com.nxp.mcuxpresso.tools.win32_11.6.1.202207200623/tools/bin/../lib/gcc/arm-none-eabi/10.3.1/../../../../arm-none-eabi/lib/thumb/v7e-m+fp/hard\libcr_c.a(memcpy.o)
                              ./utilities/fsl_str.o (memcpy)
c:/nxp/mcuxpressoide_11.6.1_8255/ide/plugins/com.nxp.mcuxpresso.tools.win32_11.6.1.202207200623/tools/bin/../lib/gcc/arm-none-eabi/10.3.1/../../../../arm-none-eabi/lib/thumb/v7e-m+fp/hard\libcr_c.a(memset.o)
                              ./utilities/fsl_debug_console.o (memset)
c:/nxp/mcuxpressoide_11.6.1_8255/ide/plugins/com.nxp.mcuxpresso.tools.win32_11.6.1.202207200623/tools/bin/../lib/gcc/arm-none-eabi/10.3.1/../../../../arm-none-eabi/lib/thumb/v7e-m+fp/hard\libcr_c.a(_deferredlazyseek.o)
                              c:/nxp/mcuxpressoide_11.6.1_8255/ide/plugins/com.nxp.mcuxpresso.tools.win32_11.6.1.202207200623/tools/bin/../lib/gcc/arm-none-eabi/10.3.1/../../../../arm-none-eabi/lib/thumb/v7e-m+fp/hard\libcr_nohost_nf.a(_cr_assert.o) (__flsbuf)
c:/nxp/mcuxpressoide_11.6.1_8255/ide/plugins/com.nxp.mcuxpresso.tools.win32_11.6.1.202207200623/tools/bin/../lib/gcc/arm-none-eabi/10.3.1/../../../../arm-none-eabi/lib/thumb/v7e-m+fp/hard\libcr_c.a(_fflush.o)
                              c:/nxp/mcuxpressoide_11.6.1_8255/ide/plugins/com.nxp.mcuxpresso.tools.win32_11.6.1.202207200623/tools/bin/../lib/gcc/arm-none-eabi/10.3.1/../../../../arm-none-eabi/lib/thumb/v7e-m+fp/hard\libcr_c.a(_deferredlazyseek.o) (_fflush)
c:/nxp/mcuxpressoide_11.6.1_8255/ide/plugins/com.nxp.mcuxpresso.tools.win32_11.6.1.202207200623/tools/bin/../lib/gcc/arm-none-eabi/10.3.1/../../../../arm-none-eabi/lib/thumb/v7e-m+fp/hard\libcr_c.a(_writebuf.o)
                              c:/nxp/mcuxpressoide_11.6.1_8255/ide/plugins/com.nxp.mcuxpresso.tools.win32_11.6.1.202207200623/tools/bin/../lib/gcc/arm-none-eabi/10.3.1/../../../../arm-none-eabi/lib/thumb/v7e-m+fp/hard\libcr_c.a(_deferredlazyseek.o) (_Cwritebuf)
c:/nxp/mcuxpressoide_11.6.1_8255/ide/plugins/com.nxp.mcuxpresso.tools.win32_11.6.1.202207200623/tools/bin/../lib/gcc/arm-none-eabi/10.3.1/../../../../arm-none-eabi/lib/thumb/v7e-m+fp/hard\libcr_c.a(alloc.o)
                              ./drivers/fsl_common.o (malloc)
c:/nxp/mcuxpressoide_11.6.1_8255/ide/plugins/com.nxp.mcuxpresso.tools.win32_11.6.1.202207200623/tools/bin/../lib/gcc/arm-none-eabi/10.3.1/../../../../arm-none-eabi/lib/thumb/v7e-m+fp/hard\libcr_c.a(errno.o)
                              ./utilities/fsl_str.o (errno)
c:/nxp/mcuxpressoide_11.6.1_8255/ide/plugins/com.nxp.mcuxpresso.tools.win32_11.6.1.202207200623/tools/bin/../lib/gcc/arm-none-eabi/10.3.1/../../../../arm-none-eabi/lib/thumb/v7e-m+fp/hard\libcr_c.a(fputs.o)
                              c:/nxp/mcuxpressoide_11.6.1_8255/ide/plugins/com.nxp.mcuxpresso.tools.win32_11.6.1.202207200623/tools/bin/../lib/gcc/arm-none-eabi/10.3.1/../../../../arm-none-eabi/lib/thumb/v7e-m+fp/hard\libcr_nohost_nf.a(_cr_assert.o) (fputs)
c:/nxp/mcuxpressoide_11.6.1_8255/ide/plugins/com.nxp.mcuxpresso.tools.win32_11.6.1.202207200623/tools/bin/../lib/gcc/arm-none-eabi/10.3.1/../../../../arm-none-eabi/lib/thumb/v7e-m+fp/hard\libcr_c.a(fseek.o)
[...]
Memory Configuration

Name             Origin             Length             Attributes
PROGRAM_FLASH    0x00000000         0x00100000         xr
SRAM_UPPER       0x20000000         0x00030000         xrw
SRAM_LOWER       0x1fff0000         0x00010000         xrw
FLEX_RAM         0x14000000         0x00001000         xrw
*default*        0x00000000         0xffffffff

Linker script and memory map

LOAD ./utilities/fsl_debug_console.o
LOAD ./utilities/fsl_str.o
LOAD ./usb/device/source/khci/usb_device_khci.o
LOAD ./usb/device/source/usb_device_ch9.o
LOAD ./usb/device/source/usb_device_dci.o
LOAD ./usb/device/class/cdc/usb_device_cdc_acm.o
LOAD ./usb/device/class/usb_device_class.o
LOAD ./startup/startup_mk64f12.o
LOAD ./source/generated/usb_device_composite.o
LOAD ./source/generated/usb_device_descriptor.o
LOAD ./source/semihost_hardfault.o
LOAD ./source/usb_config.o
LOAD ./source/usb_device_interface_0_cic_vcom.o
LOAD ./drivers/fsl_adc16.o
LOAD ./drivers/fsl_clock.o
LOAD ./drivers/fsl_common.o
LOAD ./drivers/fsl_common_arm.o
LOAD ./drivers/fsl_flexcan.o
LOAD ./drivers/fsl_gpio.o
LOAD ./drivers/fsl_i2c.o
LOAD ./drivers/fsl_pit.o
LOAD ./drivers/fsl_smc.o
LOAD ./drivers/fsl_sysmpu.o
LOAD ./drivers/fsl_uart.o
LOAD ./device/system_MK64F12.o
LOAD ./component/uart/fsl_adapter_uart.o
LOAD ./component/serial_manager/fsl_component_serial_manager.o
LOAD ./component/serial_manager/fsl_component_serial_port_uart.o
LOAD ./component/osa/fsl_os_abstraction_bm.o
LOAD ./component/lists/fsl_component_generic_list.o
LOAD ./board/board.o
LOAD ./board/clock_config.o
LOAD ./board/peripherals.o
LOAD ./board/pin_mux.o
START GROUP
LOAD c:/nxp/mcuxpressoide_11.6.1_8255/ide/plugins/com.nxp.mcuxpresso.tools.win32_11.6.1.202207200623/tools/bin/../lib/gcc/arm-none-eabi/10.3.1/../../../../arm-none-eabi/lib/thumb/v7e-m+fp/hard\libcr_nohost_nf.a
LOAD c:/nxp/mcuxpressoide_11.6.1_8255/ide/plugins/com.nxp.mcuxpresso.tools.win32_11.6.1.202207200623/tools/bin/../lib/gcc/arm-none-eabi/10.3.1/../../../../arm-none-eabi/lib/thumb/v7e-m+fp/hard\libcr_c.a
LOAD c:/nxp/mcuxpressoide_11.6.1_8255/ide/plugins/com.nxp.mcuxpresso.tools.win32_11.6.1.202207200623/tools/bin/../lib/gcc/arm-none-eabi/10.3.1/thumb/v7e-m+fp/hard\libcr_eabihelpers.a
LOAD c:/nxp/mcuxpressoide_11.6.1_8255/ide/plugins/com.nxp.mcuxpresso.tools.win32_11.6.1.202207200623/tools/bin/../lib/gcc/arm-none-eabi/10.3.1/thumb/v7e-m+fp/hard\libgcc.a
END GROUP
                0x00000000                __base_PROGRAM_FLASH = 0x0
                0x00000000                __base_Flash = 0x0
                0x00100000                __top_PROGRAM_FLASH = 0x100000
                0x00100000                __top_Flash = 0x100000
                0x20000000                __base_SRAM_UPPER = 0x20000000
                0x20000000                __base_RAM = 0x20000000
                0x20030000                __top_SRAM_UPPER = 0x20030000
                0x20030000                __top_RAM = 0x20030000
                0x1fff0000                __base_SRAM_LOWER = 0x1fff0000
                0x1fff0000                __base_RAM2 = 0x1fff0000
                0x20000000                __top_SRAM_LOWER = 0x20000000
                0x20000000                __top_RAM2 = 0x20000000
                0x14000000                __base_FLEX_RAM = 0x14000000
                0x14000000                __base_RAM3 = 0x14000000
                0x14001000                __top_FLEX_RAM = 0x14001000
                0x14001000                __top_RAM3 = 0x14001000

.text           0x00000000     0xb4b8
 FILL mask 0xff
                0x00000000                __vectors_start__ = ABSOLUTE (.)
 *(SORT_BY_ALIGNMENT(.isr_vector))
 .isr_vector    0x00000000      0x198 ./startup/startup_mk64f12.o
                0x00000000                g_pfnVectors
                0x00000000                __Vectors
                0x00000198                . = ALIGN (0x4)
                0x00000198                __section_table_start = .
                0x00000198                __data_section_table = .
                0x00000198        0x4 LONG 0xb4b8 LOADADDR (.data)
                0x0000019c        0x4 LONG 0x20000000 ADDR (.data)
                0x000001a0        0x4 LONG 0x150 SIZEOF (.data)
                0x000001a4        0x4 LONG 0xb4b8 LOADADDR (.data_RAM2)
                0x000001a8        0x4 LONG 0x1fff0000 ADDR (.data_RAM2)
                0x000001ac        0x4 LONG 0x0 SIZEOF (.data_RAM2)
                0x000001b0        0x4 LONG 0xb4b8 LOADADDR (.data_RAM3)
                0x000001b4        0x4 LONG 0x14000000 ADDR (.data_RAM3)
                0x000001b8        0x4 LONG 0x0 SIZEOF (.data_RAM3)
                0x000001bc                __data_section_table_end = .
                0x000001bc                __bss_section_table = .
                0x000001bc        0x4 LONG 0x20000200 ADDR (.bss)
                0x000001c0        0x4 LONG 0x958 SIZEOF (.bss)
                0x000001c4        0x4 LONG 0x1fff0000 ADDR (.bss_RAM2)
                0x000001c8        0x4 LONG 0x0 SIZEOF (.bss_RAM2)
                0x000001cc        0x4 LONG 0x14000000 ADDR (.bss_RAM3)
                0x000001d0        0x4 LONG 0x0 SIZEOF (.bss_RAM3)
                0x000001d4                __bss_section_table_end = .
                0x000001d4                __section_table_end = .
 *(SORT_BY_ALIGNMENT(.after_vectors*))
 .after_vectors.reset
                0x000001d4       0x4c ./startup/startup_mk64f12.o
                0x000001d4                ResetISR
 .after_vectors.init_data
                0x00000220       0x1e ./startup/startup_mk64f12.o
                0x00000220                data_init
 .after_vectors.init_bss
                0x0000023e       0x12 ./startup/startup_mk64f12.o
                0x0000023e                bss_init
 .after_vectors
                0x00000250       0x14 ./startup/startup_mk64f12.o
                0x00000250                NMI_Handler
                0x00000254                MemManage_Handler
                0x00000256                BusFault_Handler
                0x00000258                UsageFault_Handler
                0x0000025a                SVC_Handler
                0x0000025c                DebugMon_Handler
                0x0000025e                PendSV_Handler
                0x00000260                SysTick_Handler
                0x00000262                DMA_Error_DriverIRQHandler
                0x00000262                LPTMR0_DriverIRQHandler
                0x00000262                FTM1_DriverIRQHandler
                0x00000262                FTM2_DriverIRQHandler
                0x00000262                PIT2_DriverIRQHandler
                0x00000262                SDHC_DriverIRQHandler
                0x00000262                I2S0_Tx_DriverIRQHandler
                0x00000262                RTC_Seconds_DriverIRQHandler
                0x00000262                DMA6_DriverIRQHandler
                0x00000262                LLWU_DriverIRQHandler
                0x00000262                MCM_DriverIRQHandler
                0x00000262                MCG_DriverIRQHandler
                0x00000262                ENET_1588_Timer_DriverIRQHandler
                0x00000262                DAC1_DriverIRQHandler
                0x00000262                SPI1_DriverIRQHandler
                0x00000262                CMP1_DriverIRQHandler
                0x00000262                FTM0_DriverIRQHandler
                0x00000262                IntDefaultHandler
                0x00000262                USB0_DriverIRQHandler
                0x00000262                UART5_ERR_DriverIRQHandler
                0x00000262                PORTC_DriverIRQHandler
                0x00000262                DMA11_DriverIRQHandler
                0x00000262                DAC0_DriverIRQHandler
                0x00000262                DMA10_DriverIRQHandler
                0x00000262                CMP2_DriverIRQHandler
                0x00000262                UART2_ERR_DriverIRQHandler
                0x00000262                SPI2_DriverIRQHandler
                0x00000262                LVD_LVW_DriverIRQHandler
                0x00000262                DMA12_DriverIRQHandler
                0x00000262                RNG_DriverIRQHandler
                0x00000262                DMA5_DriverIRQHandler
                0x00000262                DMA4_DriverIRQHandler
                0x00000262                USBDCD_DriverIRQHandler
                0x00000262                UART3_ERR_DriverIRQHandler
                0x00000262                DMA3_DriverIRQHandler
                0x00000262                DMA8_DriverIRQHandler
                0x00000262                DMA9_DriverIRQHandler
                0x00000262                UART0_ERR_DriverIRQHandler
                0x00000262                CMT_DriverIRQHandler
                0x00000262                Reserved71_DriverIRQHandler
                0x00000262                ADC1_DriverIRQHandler
                0x00000262                PORTA_DriverIRQHandler
                0x00000262                DMA14_DriverIRQHandler
                0x00000262                PIT3_DriverIRQHandler
                0x00000262                PIT1_DriverIRQHandler
                0x00000262                WDOG_EWM_DriverIRQHandler
                0x00000262                PDB0_DriverIRQHandler
                0x00000262                RTC_DriverIRQHandler
                0x00000262                I2S0_Rx_DriverIRQHandler
                0x00000262                Read_Collision_DriverIRQHandler
                0x00000262                SWI_DriverIRQHandler
                0x00000262                UART4_ERR_DriverIRQHandler
                0x00000262                PORTB_DriverIRQHandler
                0x00000262                UART0_LON_DriverIRQHandler
                0x00000262                DMA0_DriverIRQHandler
                0x00000262                DMA1_DriverIRQHandler
                0x00000262                ENET_Receive_DriverIRQHandler
                0x00000262                DMA13_DriverIRQHandler
                0x00000262                ENET_Error_DriverIRQHandler
                0x00000262                DMA15_DriverIRQHandler
                0x00000262                SPI0_DriverIRQHandler
                0x00000262                ADC0_DriverIRQHandler
                0x00000262                CMP0_DriverIRQHandler
                0x00000262                FTM3_DriverIRQHandler
                0x00000262                PIT0_DriverIRQHandler
                0x00000262                UART1_ERR_DriverIRQHandler
                0x00000262                DMA2_DriverIRQHandler
                0x00000262                ENET_Transmit_DriverIRQHandler
                0x00000262                PORTD_DriverIRQHandler
                0x00000262                PORTE_DriverIRQHandler
                0x00000262                FTFE_DriverIRQHandler
                0x00000262                DMA7_DriverIRQHandler
                0x00000400                . = 0x400
 *fill*         0x00000264      0x19c ff
                0x00000400                PROVIDE (__FLASH_CONFIG_START__ = .)
 *(SORT_BY_ALIGNMENT(.FlashConfig))
 .FlashConfig   0x00000400       0x10 ./startup/startup_mk64f12.o
                0x00000400                Flash_Config
                0x00000410                PROVIDE (__FLASH_CONFIG_END__ = .)
                0x00000001                ASSERT (! ((__FLASH_CONFIG_START__ == __FLASH_CONFIG_END__)), Linker Flash Config Support Enabled, but no .FlashConfig section provided within application)
 *(SORT_BY_ALIGNMENT(.text*))
 .text.DbgConsole_SendDataReliable
                0x00000410       0x54 ./utilities/fsl_debug_console.o
                0x00000410                DbgConsole_SendDataReliable
 .text.DbgConsole_Init
                0x00000464      0x118 ./utilities/fsl_debug_console.o
                0x00000464                DbgConsole_Init
 .text.DbgConsole_Vprintf
                0x0000057c       0x6c ./utilities/fsl_debug_console.o
                0x0000057c                DbgConsole_Vprintf
 .text.USB_DeviceKhciEndpointTransfer
                0x000005e8      0x108 ./usb/device/source/khci/usb_device_khci.o
 .text.USB_DeviceKhciInit
                0x000006f0       0xd4 ./usb/device/source/khci/usb_device_khci.o
                0x000006f0                USB_DeviceKhciInit
 .text.USB_DeviceKhciControl
                0x000007c4      0x2b0 ./usb/device/source/khci/usb_device_khci.o
                0x000007c4                USB_DeviceKhciControl
 .text.USB_DeviceControlCallback
                0x00000a74      0x3e4 ./usb/device/source/usb_device_ch9.o
 .text.USB_DeviceControlPipeInit
                0x00000e58       0x7c ./usb/device/source/usb_device_ch9.o
                0x00000e58                USB_DeviceControlPipeInit
 .text.USB_DeviceAllocateHandle
                0x00000ed4       0xc8 ./usb/device/source/usb_device_dci.o
 .text.USB_DeviceGetControllerInterface
                0x00000f9c       0x3c ./usb/device/source/usb_device_dci.o
 .text.USB_DeviceGetStatus
                0x00000fd8       0xcc ./usb/device/source/usb_device_dci.o
                0x00000fd8                USB_DeviceGetStatus
 .text.USB_DeviceSetStatus
                0x000010a4      0x118 ./usb/device/source/usb_device_dci.o
                0x000010a4                USB_DeviceSetStatus
 .text.USB_DeviceCdcAcmAllocateHandle
                0x000011bc       0x58 ./usb/device/class/cdc/usb_device_cdc_acm.o
 .text.USB_DeviceCdcAcmEndpointsInit
                0x00001214      0x3b4 ./usb/device/class/cdc/usb_device_cdc_acm.o
 .text.USB_DeviceCdcAcmEvent
                0x000015c8      0x71c ./usb/device/class/cdc/usb_device_cdc_acm.o
                0x000015c8                USB_DeviceCdcAcmEvent
 .text.USB_DeviceClassAllocateHandle
                0x00001ce4       0xcc ./usb/device/class/usb_device_class.o
 .text.USB_DeviceClassFreeHandle
                0x00001db0       0x94 ./usb/device/class/usb_device_class.o
 .text.USB_DeviceClassGetHandleByDeviceHandle
                0x00001e44       0x68 ./usb/device/class/usb_device_class.o
 .text.USB_DeviceClassGetDeviceHandle
                0x00001eac       0x7c ./usb/device/class/usb_device_class.o
                0x00001eac                USB_DeviceClassGetDeviceHandle
 .text.USB_DeviceClassEvent
                0x00001f28       0xdc ./usb/device/class/usb_device_class.o
                0x00001f28                USB_DeviceClassEvent
 .text.USB_DeviceClassInit
                0x00002004      0x118 ./usb/device/class/usb_device_class.o
                0x00002004                USB_DeviceClassInit
 .text.__NVIC_EnableIRQ
                0x0000211c       0x3c ./source/generated/usb_device_composite.o
 .text.__NVIC_SetPriority
                0x00002158       0x54 ./source/generated/usb_device_composite.o
 .text.USB0_IRQHandler
                0x000021ac       0x1c ./source/generated/usb_device_composite.o
                0x000021ac                USB0_IRQHandler
 .text.USB_DeviceCallback
                0x000021c8      0x1fc ./source/generated/usb_device_composite.o
 .text.USB_UpdateInterfaceSetting
                0x000023c4       0x68 ./source/generated/usb_device_composite.o
 .text.USB_DeviceApplicationInit
                0x0000242c       0x78 ./source/generated/usb_device_composite.o
                0x0000242c                USB_DeviceApplicationInit
 .text.USB_DeviceGetDeviceDescriptor
                0x000024a4       0x28 ./source/generated/usb_device_descriptor.o
                0x000024a4                USB_DeviceGetDeviceDescriptor
 .text.USB_DeviceGetConfigurationDescriptor
                0x000024cc       0x34 ./source/generated/usb_device_descriptor.o
                0x000024cc                USB_DeviceGetConfigurationDescriptor
 .text.USB_DeviceGetStringDescriptor
                0x00002500       0xc0 ./source/generated/usb_device_descriptor.o
                0x00002500                USB_DeviceGetStringDescriptor
 .text.main     0x000025c0      0x1cc ./source/usb_config.o
                0x000025c0                main
 .text.workingmode
                0x0000278c      0x110 ./source/usb_config.o
                0x0000278c                workingmode
 .text.DecodeCANMessage
                0x0000289c      0x11c ./source/usb_config.o
                0x0000289c                DecodeCANMessage
 .text.flexcan_callback
                0x000029b8       0x94 ./source/usb_config.o
 .text.DecodeRFIDSensor
                0x00002a4c       0x94 ./source/usb_config.o
                0x00002a4c                DecodeRFIDSensor
 .text.DecodeMagneticSensor
                0x00002ae0       0x34 ./source/usb_config.o
                0x00002ae0                DecodeMagneticSensor
 .text.Decode   0x00002b14      0x25c ./source/usb_config.o
                0x00002b14                Decode
 .text.RecibirDatos
                0x00002d70      0x264 ./source/usb_config.o
                0x00002d70                RecibirDatos
 .text.EnviarDatos
                0x00002fd4      0x418 ./source/usb_config.o
                0x00002fd4                EnviarDatos
 .text.CreateCANMessage
                0x000033ec      0x1dc ./source/usb_config.o
                0x000033ec                CreateCANMessage
 .text.ChargeToCANBuf
                0x000035c8      0x108 ./source/usb_config.o
                0x000035c8                ChargeToCANBuf
 .text.ActionQT
                0x000036d0      0x188 ./source/usb_config.o
                0x000036d0                ActionQT
 .text.PIT0_IRQHandler
                0x00003858       0x90 ./source/usb_config.o
                0x00003858                PIT0_IRQHandler
 .text.USB_DeviceInterface0CicVcomTask
                0x000038e8      0x138 ./source/usb_device_interface_0_cic_vcom.o
                0x000038e8                USB_DeviceInterface0CicVcomTask
 .text.USB_DeviceInterface0CicVcomCallback
                0x00003a20      0x36c ./source/usb_device_interface_0_cic_vcom.o
                0x00003a20                USB_DeviceInterface0CicVcomCallback
 .text.USB_DeviceInterface0CicVcomSetConfiguration
                0x00003d8c       0x34 ./source/usb_device_interface_0_cic_vcom.o
                0x00003d8c                USB_DeviceInterface0CicVcomSetConfiguration
 .text.USB_DeviceInterface0CicVcomInit
                0x00003dc0       0x30 ./source/usb_device_interface_0_cic_vcom.o
                0x00003dc0                USB_DeviceInterface0CicVcomInit
 .text.CLOCK_SetEr32kClock
                0x00003df0       0x30 ./drivers/fsl_clock.o
 .text.CLOCK_SetPllFllSelClock
                0x00003e20       0x38 ./drivers/fsl_clock.o
 .text.CLOCK_GetMcgExtClkFreq
                0x00003e58       0x7c ./drivers/fsl_clock.o
 .text.CLOCK_GetFllExtRefClkFreq
                0x00003ed4       0xb0 ./drivers/fsl_clock.o
 .text.CLOCK_GetInternalRefClkSelectFreq
                0x00003f84       0x4c ./drivers/fsl_clock.o
 .text.CLOCK_GetFllRefClkFreq
                0x00003fd0       0x34 ./drivers/fsl_clock.o
 .text.CLOCK_GetOscRangeFromFreq
                0x00004004       0x3c ./drivers/fsl_clock.o
 .text.CLOCK_GetCoreSysClkFreq
                0x00004040       0x28 ./drivers/fsl_clock.o
                0x00004040                CLOCK_GetCoreSysClkFreq
 .text.CLOCK_SetSimConfig
                0x00004068       0x34 ./drivers/fsl_clock.o
                0x00004068                CLOCK_SetSimConfig
 .text.CLOCK_EnableUsbfs0Clock
                0x0000409c      0x108 ./drivers/fsl_clock.o
                0x0000409c                CLOCK_EnableUsbfs0Clock
 .text.CLOCK_GetOutClkFreq
                0x000041a4       0x64 ./drivers/fsl_clock.o
                0x000041a4                CLOCK_GetOutClkFreq
 .text.CLOCK_GetFllFreq
                0x00004208       0x84 ./drivers/fsl_clock.o
                0x00004208                CLOCK_GetFllFreq
 .text.CLOCK_GetPll0Freq
                0x0000428c       0x78 ./drivers/fsl_clock.o
                0x0000428c                CLOCK_GetPll0Freq
 .text.CLOCK_SetExternalRefClkConfig
                0x00004304       0x6c ./drivers/fsl_clock.o
                0x00004304                CLOCK_SetExternalRefClkConfig
 .text.CLOCK_SetInternalRefClkConfig
                0x00004370      0x104 ./drivers/fsl_clock.o
                0x00004370                CLOCK_SetInternalRefClkConfig
 .text.CLOCK_EnablePll0
                0x00004474       0x88 ./drivers/fsl_clock.o
                0x00004474                CLOCK_EnablePll0
 .text.CLOCK_InitOsc0
                0x000044fc       0x8c ./drivers/fsl_clock.o
                0x000044fc                CLOCK_InitOsc0
 .text.CLOCK_SetPbeMode
                0x00004588       0xa8 ./drivers/fsl_clock.o
                0x00004588                CLOCK_SetPbeMode
 .text.CLOCK_BootToPeeMode
                0x00004630       0x64 ./drivers/fsl_clock.o
                0x00004630                CLOCK_BootToPeeMode
 .text.SDK_DelayAtLeastUs
                0x00004694       0x8c ./drivers/fsl_common_arm.o
                0x00004694                SDK_DelayAtLeastUs
 .text.__NVIC_EnableIRQ
                0x00004720       0x3c ./drivers/fsl_flexcan.o
 .text.FLEXCAN_EnableInterrupts
                0x0000475c       0x3c ./drivers/fsl_flexcan.o
 .text.FLEXCAN_DisableInterrupts
                0x00004798       0x40 ./drivers/fsl_flexcan.o
 .text.FLEXCAN_GetInstance
                0x000047d8       0x44 ./drivers/fsl_flexcan.o
                0x000047d8                FLEXCAN_GetInstance
 .text.FLEXCAN_IsMbIntEnabled
                0x0000481c       0x48 ./drivers/fsl_flexcan.o
 .text.FLEXCAN_Reset
                0x00004864       0xbc ./drivers/fsl_flexcan.o
 .text.FLEXCAN_SetBitRate
                0x00004920       0xb0 ./drivers/fsl_flexcan.o
 .text.FLEXCAN_Init
                0x000049d0      0x1a0 ./drivers/fsl_flexcan.o
                0x000049d0                FLEXCAN_Init
 .text.FLEXCAN_SetTimingConfig
                0x00004b70       0x7c ./drivers/fsl_flexcan.o
                0x00004b70                FLEXCAN_SetTimingConfig
 .text.FLEXCAN_SetTxMbConfig
                0x00004bec       0xa4 ./drivers/fsl_flexcan.o
                0x00004bec                FLEXCAN_SetTxMbConfig
 .text.FLEXCAN_SetRxMbConfig
                0x00004c90       0xf8 ./drivers/fsl_flexcan.o
                0x00004c90                FLEXCAN_SetRxMbConfig
 .text.FLEXCAN_WriteTxMb
                0x00004d88      0x148 ./drivers/fsl_flexcan.o
                0x00004d88                FLEXCAN_WriteTxMb
 .text.FLEXCAN_ReadRxMb
                0x00004ed0      0x124 ./drivers/fsl_flexcan.o
                0x00004ed0                FLEXCAN_ReadRxMb
 .text.FLEXCAN_ReadRxFifo
                0x00004ff4       0xc8 ./drivers/fsl_flexcan.o
                0x00004ff4                FLEXCAN_ReadRxFifo
 .text.FLEXCAN_TransferCreateHandle
                0x000050bc       0xb0 ./drivers/fsl_flexcan.o
                0x000050bc                FLEXCAN_TransferCreateHandle
 .text.FLEXCAN_TransferSendNonBlocking
                0x0000516c      0x108 ./drivers/fsl_flexcan.o
                0x0000516c                FLEXCAN_TransferSendNonBlocking
 .text.FLEXCAN_TransferReceiveNonBlocking
                0x00005274       0xcc ./drivers/fsl_flexcan.o
                0x00005274                FLEXCAN_TransferReceiveNonBlocking
 .text.FLEXCAN_TransferAbortSend
                0x00005340       0xa4 ./drivers/fsl_flexcan.o
                0x00005340                FLEXCAN_TransferAbortSend
 .text.FLEXCAN_TransferAbortReceive
                0x000053e4       0x8c ./drivers/fsl_flexcan.o
                0x000053e4                FLEXCAN_TransferAbortReceive
 .text.FLEXCAN_TransferAbortReceiveFifo
                0x00005470       0x44 ./drivers/fsl_flexcan.o
                0x00005470                FLEXCAN_TransferAbortReceiveFifo
 .text.FLEXCAN_CheckUnhandleInterruptEvents
                0x000054b4       0x70 ./drivers/fsl_flexcan.o
 .text.FLEXCAN_SubHandlerForDataTransfered
                0x00005524      0x1c8 ./drivers/fsl_flexcan.o
 .text.FLEXCAN_TransferHandleIRQ
                0x000056ec       0xa8 ./drivers/fsl_flexcan.o
                0x000056ec                FLEXCAN_TransferHandleIRQ
 .text.CAN0_DriverIRQHandler
                0x00005794       0x3c ./drivers/fsl_flexcan.o
                0x00005794                CAN0_DriverIRQHandler
 .text.I2C_TransferCommonIRQHandler
                0x000057d0       0x58 ./drivers/fsl_i2c.o
 .text.I2C0_DriverIRQHandler
                0x00005828       0x1c ./drivers/fsl_i2c.o
                0x00005828                I2C0_DriverIRQHandler
 .text.I2C1_DriverIRQHandler
                0x00005844       0x1c ./drivers/fsl_i2c.o
                0x00005844                I2C1_DriverIRQHandler
 .text.I2C2_DriverIRQHandler
                0x00005860       0x1c ./drivers/fsl_i2c.o
                0x00005860                I2C2_DriverIRQHandler
 .text.PIT_GetInstance
                0x0000587c       0x44 ./drivers/fsl_pit.o
 .text.PIT_Init
                0x000058c0       0x94 ./drivers/fsl_pit.o
                0x000058c0                PIT_Init
 .text.UART_GetInstance
                0x00005954       0x54 ./drivers/fsl_uart.o
                0x00005954                UART_GetInstance
 .text.UART_Init
                0x000059a8      0x2f4 ./drivers/fsl_uart.o
                0x000059a8                UART_Init
 .text.UART_GetDefaultConfig
                0x00005c9c       0x68 ./drivers/fsl_uart.o
                0x00005c9c                UART_GetDefaultConfig
 .text.UART0_DriverIRQHandler
                0x00005d04       0x28 ./drivers/fsl_uart.o
                0x00005d04                UART0_DriverIRQHandler
 .text.UART1_DriverIRQHandler
                0x00005d2c       0x28 ./drivers/fsl_uart.o
                0x00005d2c                UART1_DriverIRQHandler
 .text.UART2_DriverIRQHandler
                0x00005d54       0x28 ./drivers/fsl_uart.o
                0x00005d54                UART2_DriverIRQHandler
 .text.UART3_DriverIRQHandler
                0x00005d7c       0x28 ./drivers/fsl_uart.o
                0x00005d7c                UART3_DriverIRQHandler
 .text.UART4_DriverIRQHandler
                0x00005da4       0x28 ./drivers/fsl_uart.o
                0x00005da4                UART4_DriverIRQHandler
 .text.UART5_DriverIRQHandler
                0x00005dcc       0x28 ./drivers/fsl_uart.o
                0x00005dcc                UART5_DriverIRQHandler
 .text.SystemInit
                0x00005df4       0x3c ./device/system_MK64F12.o
                0x00005df4                SystemInit
 .text.HAL_UartInit
                0x00005e30      0x128 ./component/uart/fsl_adapter_uart.o
                0x00005e30                HAL_UartInit
 .text.HAL_UartSendBlocking
                0x00005f58       0x64 ./component/uart/fsl_adapter_uart.o
                0x00005f58                HAL_UartSendBlocking
 .text.OSA_MutexCreate
                0x00005fbc       0x34 ./component/osa/fsl_os_abstraction_bm.o
                0x00005fbc                OSA_MutexCreate
 .text.OSA_MutexDestroy
                0x00005ff0       0x30 ./component/osa/fsl_os_abstraction_bm.o
                0x00005ff0                OSA_MutexDestroy
 .text.CLOCK_SetSdhc0Clock
                0x00006020       0x38 ./board/clock_config.o
 .text.CLOCK_SetEnetTime0Clock
                0x00006058       0x38 ./board/clock_config.o
 .text.CLOCK_SetRmii0Clock
                0x00006090       0x38 ./board/clock_config.o
 .text.CLOCK_SetTraceClock
                0x000060c8       0x38 ./board/clock_config.o
 .text.CLOCK_SetClkOutClock
                0x00006100       0x34 ./board/clock_config.o
 .text.CLOCK_SetSimSafeDivs
                0x00006134       0x20 ./board/clock_config.o
 .text.CLOCK_SetXtal0Freq
                0x00006154       0x20 ./board/clock_config.o
 .text.CLOCK_CONFIG_SetFllExtRefDiv
                0x00006174       0x3c ./board/clock_config.o
 .text.BOARD_BootClockRUN
                0x000061b0       0x88 ./board/clock_config.o
                0x000061b0                BOARD_BootClockRUN
 .text.__NVIC_EnableIRQ
                0x00006238       0x3c ./board/peripherals.o
 .text.PIT_SetTimerPeriod
                0x00006274       0x38 ./board/peripherals.o
 .text.CAN0_init
                0x000062ac       0x54 ./board/peripherals.o
 .text.PIT_init
                0x00006300       0x40 ./board/peripherals.o
 .text.BOARD_InitPeripherals
                0x00006340       0x20 ./board/peripherals.o
                0x00006340                BOARD_InitPeripherals
 .text.PORT_SetPinConfig
                0x00006360       0x38 ./board/pin_mux.o
 .text.BOARD_InitPins
                0x00006398       0x80 ./board/pin_mux.o
                0x00006398                BOARD_InitPins
 .text.BOARD_InitDEBUG_UARTPins
                0x00006418       0x68 ./board/pin_mux.o
                0x00006418                BOARD_InitDEBUG_UARTPins
 .text.__assertion_failed
                0x00006480       0x4c c:/nxp/mcuxpressoide_11.6.1_8255/ide/plugins/com.nxp.mcuxpresso.tools.win32_11.6.1.202207200623/tools/bin/../lib/gcc/arm-none-eabi/10.3.1/../../../../arm-none-eabi/lib/thumb/v7e-m+fp/hard\libcr_nohost_nf.a(_cr_assert.o)
                0x00006480                __assertion_failed
 .text._Cwritebuf
                0x000064cc       0x6c c:/nxp/mcuxpressoide_11.6.1_8255/ide/plugins/com.nxp.mcuxpresso.tools.win32_11.6.1.202207200623/tools/bin/../lib/gcc/arm-none-eabi/10.3.1/../../../../arm-none-eabi/lib/thumb/v7e-m+fp/hard\libcr_c.a(_writebuf.o)
                0x000064cc                _Cwritebuf
 .text.malloc   0x00006538       0xc8 c:/nxp/mcuxpressoide_11.6.1_8255/ide/plugins/com.nxp.mcuxpresso.tools.win32_11.6.1.202207200623/tools/bin/../lib/gcc/arm-none-eabi/10.3.1/../../../../arm-none-eabi/lib/thumb/v7e-m+fp/hard\libcr_c.a(alloc.o)
                0x00006538                malloc
 .text._Csys_alloc
                0x00006600       0x20 c:/nxp/mcuxpressoide_11.6.1_8255/ide/plugins/com.nxp.mcuxpresso.tools.win32_11.6.1.202207200623/tools/bin/../lib/gcc/arm-none-eabi/10.3.1/../../../../arm-none-eabi/lib/thumb/v7e-m+fp/hard\libcr_c.a(alloc.o)
                0x00006600                _Csys_alloc
 .text.fseek    0x00006620       0xfc c:/nxp/mcuxpressoide_11.6.1_8255/ide/plugins/com.nxp.mcuxpresso.tools.win32_11.6.1.202207200623/tools/bin/../lib/gcc/arm-none-eabi/10.3.1/../../../../arm-none-eabi/lib/thumb/v7e-m+fp/hard\libcr_c.a(fseek.o)
                0x00006620                fseek
 .text.ftell    0x0000671c       0x44 c:/nxp/mcuxpressoide_11.6.1_8255/ide/plugins/com.nxp.mcuxpresso.tools.win32_11.6.1.202207200623/tools/bin/../lib/gcc/arm-none-eabi/10.3.1/../../../../arm-none-eabi/lib/thumb/v7e-m+fp/hard\libcr_c.a(ftell.o)
                0x0000671c                ftell
 .text._initio  0x00006760       0x78 c:/nxp/mcuxpressoide_11.6.1_8255/ide/plugins/com.nxp.mcuxpresso.tools.win32_11.6.1.202207200623/tools/bin/../lib/gcc/arm-none-eabi/10.3.1/../../../../arm-none-eabi/lib/thumb/v7e-m+fp/hard\libcr_c.a(initio.o)
                0x00006760                _initio
 .text._sbrk    0x000067d8       0x3c c:/nxp/mcuxpressoide_11.6.1_8255/ide/plugins/com.nxp.mcuxpresso.tools.win32_11.6.1.202207200623/tools/bin/../lib/gcc/arm-none-eabi/10.3.1/../../../../arm-none-eabi/lib/thumb/v7e-m+fp/hard\libcr_c.a(_cr_sbrk.o)
                0x000067d8                _sbrk
 .text.fflush   0x00006814       0x3c c:/nxp/mcuxpressoide_11.6.1_8255/ide/plugins/com.nxp.mcuxpresso.tools.win32_11.6.1.202207200623/tools/bin/../lib/gcc/arm-none-eabi/10.3.1/../../../../arm-none-eabi/lib/thumb/v7e-m+fp/hard\libcr_c.a(fflush.o)
                0x00006814                fflush
 .text.__check_heap_overflow
                0x00006850       0x18 c:/nxp/mcuxpressoide_11.6.1_8255/ide/plugins/com.nxp.mcuxpresso.tools.win32_11.6.1.202207200623/tools/bin/../lib/gcc/arm-none-eabi/10.3.1/../../../../arm-none-eabi/lib/thumb/v7e-m+fp/hard\libcr_c.a(_cr_check_heap.o)
                0x00006850                __check_heap_overflow
 .text.DbgConsole_PrintCallback
                0x00006868       0x66 ./utilities/fsl_debug_console.o
 .text.DbgConsole_Printf
                0x000068ce       0x2c ./utilities/fsl_debug_console.o
                0x000068ce                DbgConsole_Printf
 .text.PrintGetWidth
                0x000068fa       0x6a ./utilities/fsl_str.o
 .text.PrintGetPrecision
                0x00006964       0x8c ./utilities/fsl_str.o
 .text.PrintIsobpu
                0x000069f0       0x38 ./utilities/fsl_str.o
 .text.PrintIsdi
                0x00006a28       0x2c ./utilities/fsl_str.o
 .text.PrintOutputdifFobpu
                0x00006a54       0x44 ./utilities/fsl_str.o
 .text.PrintOutputxX
                0x00006a98       0x44 ./utilities/fsl_str.o
 .text.PrintIsfF
                0x00006adc       0x2c ./utilities/fsl_str.o
 .text.PrintIsxX
                0x00006b08       0x2c ./utilities/fsl_str.o
 .text.PrintFilterLengthFlag
                0x00006b34       0x3e ./utilities/fsl_str.o
 .text.PrintGetRadixFromobpu
                0x00006b72       0x40 ./utilities/fsl_str.o
 .text.ConvertRadixNumToString
                0x00006bb2       0xc2 ./utilities/fsl_str.o
 .text.StrFormatPrintf
                0x00006c74      0x2ac ./utilities/fsl_str.o
                0x00006c74                StrFormatPrintf
 .text.USB_DeviceKhciPrimeNextSetup
                0x00006f20       0x64 ./usb/device/source/khci/usb_device_khci.o
 .text.USB_DeviceKhciSetDefaultState
                0x00006f84      0x158 ./usb/device/source/khci/usb_device_khci.o
 .text.USB_DeviceKhciEndpointInit
                0x000070dc      0x12c ./usb/device/source/khci/usb_device_khci.o
 .text.USB_DeviceKhciEndpointDeinit
                0x00007208       0x5c ./usb/device/source/khci/usb_device_khci.o
 .text.USB_DeviceKhciEndpointStall
                0x00007264      0x17a ./usb/device/source/khci/usb_device_khci.o
 .text.USB_DeviceKhciEndpointUnstall
                0x000073de      0x10a ./usb/device/source/khci/usb_device_khci.o
 .text.USB_DeviceKhciInterruptTokenDone
                0x000074e8      0x538 ./usb/device/source/khci/usb_device_khci.o
 .text.USB_DeviceKhciInterruptReset
                0x00007a20       0x42 ./usb/device/source/khci/usb_device_khci.o
 .text.USB_DeviceKhciInterruptStall
                0x00007a62       0x5c ./usb/device/source/khci/usb_device_khci.o
 .text.USB_DeviceKhciDeinit
                0x00007abe       0x64 ./usb/device/source/khci/usb_device_khci.o
                0x00007abe                USB_DeviceKhciDeinit
 .text.USB_DeviceKhciSend
                0x00007b22      0x11c ./usb/device/source/khci/usb_device_khci.o
                0x00007b22                USB_DeviceKhciSend
 .text.USB_DeviceKhciRecv
                0x00007c3e      0x160 ./usb/device/source/khci/usb_device_khci.o
                0x00007c3e                USB_DeviceKhciRecv
 .text.USB_DeviceKhciCancel
                0x00007d9e       0x86 ./usb/device/source/khci/usb_device_khci.o
                0x00007d9e                USB_DeviceKhciCancel
 .text.USB_DeviceKhciIsrFunction
                0x00007e24       0x84 ./usb/device/source/khci/usb_device_khci.o
                0x00007e24                USB_DeviceKhciIsrFunction
 .text.USB_DeviceCh9GetStatus
                0x00007ea8      0x10a ./usb/device/source/usb_device_ch9.o
 .text.USB_DeviceCh9SetClearFeature
                0x00007fb2      0x10c ./usb/device/source/usb_device_ch9.o
 .text.USB_DeviceCh9SetAddress
                0x000080be       0xca ./usb/device/source/usb_device_ch9.o
 .text.USB_DeviceCh9GetDescriptor
                0x00008188      0x132 ./usb/device/source/usb_device_ch9.o
 .text.USB_DeviceCh9GetConfiguration
                0x000082ba       0x8e ./usb/device/source/usb_device_ch9.o
 .text.USB_DeviceCh9SetConfiguration
                0x00008348       0xb6 ./usb/device/source/usb_device_ch9.o
 .text.USB_DeviceCh9GetInterface
                0x000083fe       0x9c ./usb/device/source/usb_device_ch9.o
 .text.USB_DeviceCh9SetInterface
                0x0000849a       0x90 ./usb/device/source/usb_device_ch9.o
 .text.USB_DeviceCh9SynchFrame
                0x0000852a       0x90 ./usb/device/source/usb_device_ch9.o
 .text.USB_DeviceControlCallbackFeedback
                0x000085ba       0x96 ./usb/device/source/usb_device_ch9.o
 .text.USB_DeviceFreeHandle
                0x00008650       0x36 ./usb/device/source/usb_device_dci.o
 .text.USB_DeviceTransfer
                0x00008686      0x10e ./usb/device/source/usb_device_dci.o
 .text.USB_DeviceControl
                0x00008794       0x48 ./usb/device/source/usb_device_dci.o
 .text.USB_DeviceResetNotification
                0x000087dc       0x98 ./usb/device/source/usb_device_dci.o
 .text.USB_DeviceNotification
                0x00008874      0x102 ./usb/device/source/usb_device_dci.o
 .text.USB_DeviceNotificationTrigger
                0x00008976       0x40 ./usb/device/source/usb_device_dci.o
                0x00008976                USB_DeviceNotificationTrigger
 .text.USB_DeviceInit
                0x000089b6      0x166 ./usb/device/source/usb_device_dci.o
                0x000089b6                USB_DeviceInit
 .text.USB_DeviceRun
                0x00008b1c       0x1c ./usb/device/source/usb_device_dci.o
                0x00008b1c                USB_DeviceRun
 .text.USB_DeviceDeinit
                0x00008b38       0x42 ./usb/device/source/usb_device_dci.o
                0x00008b38                USB_DeviceDeinit
 .text.USB_DeviceSendRequest
                0x00008b7a       0x32 ./usb/device/source/usb_device_dci.o
                0x00008b7a                USB_DeviceSendRequest
 .text.USB_DeviceRecvRequest
                0x00008bac       0x2c ./usb/device/source/usb_device_dci.o
                0x00008bac                USB_DeviceRecvRequest
 .text.USB_DeviceInitEndpoint
                0x00008bd8       0xbe ./usb/device/source/usb_device_dci.o
                0x00008bd8                USB_DeviceInitEndpoint
 .text.USB_DeviceDeinitEndpoint
                0x00008c96       0xac ./usb/device/source/usb_device_dci.o
                0x00008c96                USB_DeviceDeinitEndpoint
 .text.USB_DeviceStallEndpoint
                0x00008d42       0x30 ./usb/device/source/usb_device_dci.o
                0x00008d42                USB_DeviceStallEndpoint
 .text.USB_DeviceUnstallEndpoint
                0x00008d72       0x30 ./usb/device/source/usb_device_dci.o
                0x00008d72                USB_DeviceUnstallEndpoint
 .text.USB_DeviceCdcAcmFreeHandle
                0x00008da2       0x32 ./usb/device/class/cdc/usb_device_cdc_acm.o
 .text.USB_DeviceCdcAcmInterruptIn
                0x00008dd4       0x54 ./usb/device/class/cdc/usb_device_cdc_acm.o
 .text.USB_DeviceCdcAcmBulkIn
                0x00008e28       0x54 ./usb/device/class/cdc/usb_device_cdc_acm.o
 .text.USB_DeviceCdcAcmBulkOut
                0x00008e7c       0x54 ./usb/device/class/cdc/usb_device_cdc_acm.o
 .text.USB_DeviceCdcAcmEndpointsDeinit
                0x00008ed0       0xae ./usb/device/class/cdc/usb_device_cdc_acm.o
 .text.USB_DeviceCdcAcmInit
                0x00008f7e       0xaa ./usb/device/class/cdc/usb_device_cdc_acm.o
                0x00008f7e                USB_DeviceCdcAcmInit
 .text.USB_DeviceCdcAcmDeinit
                0x00009028       0x4e ./usb/device/class/cdc/usb_device_cdc_acm.o
                0x00009028                USB_DeviceCdcAcmDeinit
 .text.USB_DeviceCdcAcmSend
                0x00009076       0xa4 ./usb/device/class/cdc/usb_device_cdc_acm.o
                0x00009076                USB_DeviceCdcAcmSend
 .text.USB_DeviceCdcAcmRecv
                0x0000911a       0x78 ./usb/device/class/cdc/usb_device_cdc_acm.o
                0x0000911a                USB_DeviceCdcAcmRecv
 .text.USB_DeviceClassCallback
                0x00009192       0x5e ./usb/device/class/usb_device_class.o
                0x00009192                USB_DeviceClassCallback
 .text.DMA0_IRQHandler
                0x000091f0        0x8 ./startup/startup_mk64f12.o
                0x000091f0                DMA0_IRQHandler
 .text.DMA1_IRQHandler
                0x000091f8        0x8 ./startup/startup_mk64f12.o
                0x000091f8                DMA1_IRQHandler
 .text.DMA2_IRQHandler
                0x00009200        0x8 ./startup/startup_mk64f12.o
                0x00009200                DMA2_IRQHandler
 .text.DMA3_IRQHandler
                0x00009208        0x8 ./startup/startup_mk64f12.o
                0x00009208                DMA3_IRQHandler
 .text.DMA4_IRQHandler
                0x00009210        0x8 ./startup/startup_mk64f12.o
                0x00009210                DMA4_IRQHandler
 .text.DMA5_IRQHandler
                0x00009218        0x8 ./startup/startup_mk64f12.o
                0x00009218                DMA5_IRQHandler
 .text.DMA6_IRQHandler
                0x00009220        0x8 ./startup/startup_mk64f12.o
                0x00009220                DMA6_IRQHandler
 .text.DMA7_IRQHandler
                0x00009228        0x8 ./startup/startup_mk64f12.o
                0x00009228                DMA7_IRQHandler
 .text.DMA8_IRQHandler
                0x00009230        0x8 ./startup/startup_mk64f12.o
                0x00009230                DMA8_IRQHandler
 .text.DMA9_IRQHandler
                0x00009238        0x8 ./startup/startup_mk64f12.o
                0x00009238                DMA9_IRQHandler
 .text.DMA10_IRQHandler
                0x00009240        0x8 ./startup/startup_mk64f12.o
                0x00009240                DMA10_IRQHandler
 .text.DMA11_IRQHandler
                0x00009248        0x8 ./startup/startup_mk64f12.o
                0x00009248                DMA11_IRQHandler
 .text.DMA12_IRQHandler
                0x00009250        0x8 ./startup/startup_mk64f12.o
                0x00009250                DMA12_IRQHandler
 .text.DMA13_IRQHandler
                0x00009258        0x8 ./startup/startup_mk64f12.o
                0x00009258                DMA13_IRQHandler
 .text.DMA14_IRQHandler
                0x00009260        0x8 ./startup/startup_mk64f12.o
                0x00009260                DMA14_IRQHandler
 .text.DMA15_IRQHandler
                0x00009268        0x8 ./startup/startup_mk64f12.o
                0x00009268                DMA15_IRQHandler
 .text.DMA_Error_IRQHandler
                0x00009270        0x8 ./startup/startup_mk64f12.o
                0x00009270                DMA_Error_IRQHandler
 .text.MCM_IRQHandler
                0x00009278        0x8 ./startup/startup_mk64f12.o
                0x00009278                MCM_IRQHandler
 .text.FTFE_IRQHandler
                0x00009280        0x8 ./startup/startup_mk64f12.o
                0x00009280                FTFE_IRQHandler
 .text.Read_Collision_IRQHandler
                0x00009288        0x8 ./startup/startup_mk64f12.o
                0x00009288                Read_Collision_IRQHandler
 .text.LVD_LVW_IRQHandler
                0x00009290        0x8 ./startup/startup_mk64f12.o
                0x00009290                LVD_LVW_IRQHandler
 .text.LLWU_IRQHandler
                0x00009298        0x8 ./startup/startup_mk64f12.o
                0x00009298                LLWU_IRQHandler
 .text.WDOG_EWM_IRQHandler
                0x000092a0        0x8 ./startup/startup_mk64f12.o
                0x000092a0                WDOG_EWM_IRQHandler
 .text.RNG_IRQHandler
                0x000092a8        0x8 ./startup/startup_mk64f12.o
                0x000092a8                RNG_IRQHandler
 .text.I2C0_IRQHandler
                0x000092b0        0x8 ./startup/startup_mk64f12.o
                0x000092b0                I2C0_IRQHandler
 .text.I2C1_IRQHandler
                0x000092b8        0x8 ./startup/startup_mk64f12.o
                0x000092b8                I2C1_IRQHandler
 .text.SPI0_IRQHandler
                0x000092c0        0x8 ./startup/startup_mk64f12.o
                0x000092c0                SPI0_IRQHandler
 .text.SPI1_IRQHandler
                0x000092c8        0x8 ./startup/startup_mk64f12.o
                0x000092c8                SPI1_IRQHandler
 .text.I2S0_Tx_IRQHandler
                0x000092d0        0x8 ./startup/startup_mk64f12.o
                0x000092d0                I2S0_Tx_IRQHandler
 .text.I2S0_Rx_IRQHandler
                0x000092d8        0x8 ./startup/startup_mk64f12.o
                0x000092d8                I2S0_Rx_IRQHandler
 .text.UART0_LON_IRQHandler
                0x000092e0        0x8 ./startup/startup_mk64f12.o
                0x000092e0                UART0_LON_IRQHandler
 .text.UART0_RX_TX_IRQHandler
                0x000092e8        0x8 ./startup/startup_mk64f12.o
                0x000092e8                UART0_RX_TX_IRQHandler
 .text.UART0_ERR_IRQHandler
                0x000092f0        0x8 ./startup/startup_mk64f12.o
                0x000092f0                UART0_ERR_IRQHandler
 .text.UART1_RX_TX_IRQHandler
                0x000092f8        0x8 ./startup/startup_mk64f12.o
                0x000092f8                UART1_RX_TX_IRQHandler
 .text.UART1_ERR_IRQHandler
                0x00009300        0x8 ./startup/startup_mk64f12.o
                0x00009300                UART1_ERR_IRQHandler
 .text.UART2_RX_TX_IRQHandler
                0x00009308        0x8 ./startup/startup_mk64f12.o
                0x00009308                UART2_RX_TX_IRQHandler
 .text.UART2_ERR_IRQHandler
                0x00009310        0x8 ./startup/startup_mk64f12.o
                0x00009310                UART2_ERR_IRQHandler
 .text.UART3_RX_TX_IRQHandler
                0x00009318        0x8 ./startup/startup_mk64f12.o
                0x00009318                UART3_RX_TX_IRQHandler
 .text.UART3_ERR_IRQHandler
                0x00009320        0x8 ./startup/startup_mk64f12.o
                0x00009320                UART3_ERR_IRQHandler
 .text.ADC0_IRQHandler
                0x00009328        0x8 ./startup/startup_mk64f12.o
                0x00009328                ADC0_IRQHandler
 .text.CMP0_IRQHandler
                0x00009330        0x8 ./startup/startup_mk64f12.o
                0x00009330                CMP0_IRQHandler
 .text.CMP1_IRQHandler
                0x00009338        0x8 ./startup/startup_mk64f12.o
                0x00009338                CMP1_IRQHandler
 .text.FTM0_IRQHandler
                0x00009340        0x8 ./startup/startup_mk64f12.o
                0x00009340                FTM0_IRQHandler
 .text.FTM1_IRQHandler
                0x00009348        0x8 ./startup/startup_mk64f12.o
                0x00009348                FTM1_IRQHandler
 .text.FTM2_IRQHandler
                0x00009350        0x8 ./startup/startup_mk64f12.o
                0x00009350                FTM2_IRQHandler
 .text.CMT_IRQHandler
                0x00009358        0x8 ./startup/startup_mk64f12.o
                0x00009358                CMT_IRQHandler
 .text.RTC_IRQHandler
                0x00009360        0x8 ./startup/startup_mk64f12.o
                0x00009360                RTC_IRQHandler
 .text.RTC_Seconds_IRQHandler
                0x00009368        0x8 ./startup/startup_mk64f12.o
                0x00009368                RTC_Seconds_IRQHandler
 .text.PIT1_IRQHandler
                0x00009370        0x8 ./startup/startup_mk64f12.o
                0x00009370                PIT1_IRQHandler
 .text.PIT2_IRQHandler
                0x00009378        0x8 ./startup/startup_mk64f12.o
                0x00009378                PIT2_IRQHandler
 .text.PIT3_IRQHandler
                0x00009380        0x8 ./startup/startup_mk64f12.o
                0x00009380                PIT3_IRQHandler
 .text.PDB0_IRQHandler
                0x00009388        0x8 ./startup/startup_mk64f12.o
                0x00009388                PDB0_IRQHandler
 .text.USBDCD_IRQHandler
                0x00009390        0x8 ./startup/startup_mk64f12.o
                0x00009390                USBDCD_IRQHandler
 .text.Reserved71_IRQHandler
                0x00009398        0x8 ./startup/startup_mk64f12.o
                0x00009398                Reserved71_IRQHandler
 .text.DAC0_IRQHandler
                0x000093a0        0x8 ./startup/startup_mk64f12.o
                0x000093a0                DAC0_IRQHandler
 .text.MCG_IRQHandler
                0x000093a8        0x8 ./startup/startup_mk64f12.o
                0x000093a8                MCG_IRQHandler
 .text.LPTMR0_IRQHandler
                0x000093b0        0x8 ./startup/startup_mk64f12.o
                0x000093b0                LPTMR0_IRQHandler
 .text.PORTA_IRQHandler
                0x000093b8        0x8 ./startup/startup_mk64f12.o
                0x000093b8                PORTA_IRQHandler
 .text.PORTB_IRQHandler
                0x000093c0        0x8 ./startup/startup_mk64f12.o
                0x000093c0                PORTB_IRQHandler
 .text.PORTC_IRQHandler
                0x000093c8        0x8 ./startup/startup_mk64f12.o
                0x000093c8                PORTC_IRQHandler
 .text.PORTD_IRQHandler
                0x000093d0        0x8 ./startup/startup_mk64f12.o
                0x000093d0                PORTD_IRQHandler
 .text.PORTE_IRQHandler
                0x000093d8        0x8 ./startup/startup_mk64f12.o
                0x000093d8                PORTE_IRQHandler
 .text.SWI_IRQHandler
                0x000093e0        0x8 ./startup/startup_mk64f12.o
                0x000093e0                SWI_IRQHandler
 .text.SPI2_IRQHandler
                0x000093e8        0x8 ./startup/startup_mk64f12.o
                0x000093e8                SPI2_IRQHandler
 .text.UART4_RX_TX_IRQHandler
                0x000093f0        0x8 ./startup/startup_mk64f12.o
                0x000093f0                UART4_RX_TX_IRQHandler
 .text.UART4_ERR_IRQHandler
                0x000093f8        0x8 ./startup/startup_mk64f12.o
                0x000093f8                UART4_ERR_IRQHandler
 .text.UART5_RX_TX_IRQHandler
                0x00009400        0x8 ./startup/startup_mk64f12.o
                0x00009400                UART5_RX_TX_IRQHandler
 .text.UART5_ERR_IRQHandler
                0x00009408        0x8 ./startup/startup_mk64f12.o
                0x00009408                UART5_ERR_IRQHandler
 .text.CMP2_IRQHandler
                0x00009410        0x8 ./startup/startup_mk64f12.o
                0x00009410                CMP2_IRQHandler
 .text.FTM3_IRQHandler
                0x00009418        0x8 ./startup/startup_mk64f12.o
                0x00009418                FTM3_IRQHandler
 .text.DAC1_IRQHandler
                0x00009420        0x8 ./startup/startup_mk64f12.o
                0x00009420                DAC1_IRQHandler
 .text.ADC1_IRQHandler
                0x00009428        0x8 ./startup/startup_mk64f12.o
                0x00009428                ADC1_IRQHandler
 .text.I2C2_IRQHandler
                0x00009430        0x8 ./startup/startup_mk64f12.o
                0x00009430                I2C2_IRQHandler
 .text.CAN0_ORed_Message_buffer_IRQHandler
                0x00009438        0x8 ./startup/startup_mk64f12.o
                0x00009438                CAN0_ORed_Message_buffer_IRQHandler
 .text.CAN0_Bus_Off_IRQHandler
                0x00009440        0x8 ./startup/startup_mk64f12.o
                0x00009440                CAN0_Bus_Off_IRQHandler
 .text.CAN0_Error_IRQHandler
                0x00009448        0x8 ./startup/startup_mk64f12.o
                0x00009448                CAN0_Error_IRQHandler
 .text.CAN0_Tx_Warning_IRQHandler
                0x00009450        0x8 ./startup/startup_mk64f12.o
                0x00009450                CAN0_Tx_Warning_IRQHandler
 .text.CAN0_Rx_Warning_IRQHandler
                0x00009458        0x8 ./startup/startup_mk64f12.o
                0x00009458                CAN0_Rx_Warning_IRQHandler
 .text.CAN0_Wake_Up_IRQHandler
                0x00009460        0x8 ./startup/startup_mk64f12.o
                0x00009460                CAN0_Wake_Up_IRQHandler
 .text.SDHC_IRQHandler
                0x00009468        0x8 ./startup/startup_mk64f12.o
                0x00009468                SDHC_IRQHandler
 .text.ENET_1588_Timer_IRQHandler
                0x00009470        0x8 ./startup/startup_mk64f12.o
                0x00009470                ENET_1588_Timer_IRQHandler
 .text.ENET_Transmit_IRQHandler
                0x00009478        0x8 ./startup/startup_mk64f12.o
                0x00009478                ENET_Transmit_IRQHandler
 .text.ENET_Receive_IRQHandler
                0x00009480        0x8 ./startup/startup_mk64f12.o
                0x00009480                ENET_Receive_IRQHandler
 .text.ENET_Error_IRQHandler
                0x00009488        0x8 ./startup/startup_mk64f12.o
                0x00009488                ENET_Error_IRQHandler
 .text.EnableIRQ
                0x00009490       0x32 ./source/generated/usb_device_composite.o
 .text.USB_DeviceClockInit
                0x000094c2        0xe ./source/generated/usb_device_composite.o
 .text.USB_DeviceIsrEnable
                0x000094d0       0x2c ./source/generated/usb_device_composite.o
                0x000094d0                USB_DeviceIsrEnable
 .text.USB_DeviceTasks
                0x000094fc        0xc ./source/generated/usb_device_composite.o
                0x000094fc                USB_DeviceTasks
 .text.HardFault_Handler
                0x00009508       0x2c ./source/semihost_hardfault.o
                0x00009508                HardFault_Handler
 .text.GPIO_PinWrite
                0x00009534       0x36 ./source/usb_config.o
 .text.GPIO_PortToggle
                0x0000956a       0x1c ./source/usb_config.o
 .text.PIT_GetStatusFlags
                0x00009586       0x2a ./source/usb_config.o
 .text.PIT_ClearStatusFlags
                0x000095b0       0x2a ./source/usb_config.o
 .text.USB_DeviceInterface0CicVcomSetInterface
                0x000095da       0x1a ./source/usb_device_interface_0_cic_vcom.o
                0x000095da                USB_DeviceInterface0CicVcomSetInterface
 .text.USB_DeviceInterface1DicVcomSetInterface
                0x000095f4       0x1a ./source/usb_device_interface_0_cic_vcom.o
                0x000095f4                USB_DeviceInterface1DicVcomSetInterface
 .text.CLOCK_EnableClock
                0x0000960e       0x34 ./drivers/fsl_clock.o
 .text.CLOCK_DisableClock
                0x00009642       0x38 ./drivers/fsl_clock.o
 .text.OSC_SetExtRefClkConfig
                0x0000967a       0x34 ./drivers/fsl_clock.o
 .text.OSC_SetCapLoad
                0x000096ae       0x34 ./drivers/fsl_clock.o
 .text.CLOCK_GetPll0RefFreq
                0x000096e2        0xe ./drivers/fsl_clock.o
 .text.DelayLoop
                0x000096f0       0x20 ./drivers/fsl_common_arm.o
 .text.CLOCK_EnableClock
                0x00009710       0x34 ./drivers/fsl_flexcan.o
 .text.EnableIRQ
                0x00009744       0x32 ./drivers/fsl_flexcan.o
 .text.FLEXCAN_GetStatusFlags
                0x00009776       0x18 ./drivers/fsl_flexcan.o
 .text.FLEXCAN_ClearStatusFlags
                0x0000978e       0x1c ./drivers/fsl_flexcan.o
 .text.FLEXCAN_GetMbStatusFlags
                0x000097aa       0x1e ./drivers/fsl_flexcan.o
 .text.FLEXCAN_ClearMbStatusFlags
                0x000097c8       0x1c ./drivers/fsl_flexcan.o
 .text.FLEXCAN_EnableMbInterrupts
                0x000097e4       0x22 ./drivers/fsl_flexcan.o
 .text.FLEXCAN_DisableMbInterrupts
                0x00009806       0x24 ./drivers/fsl_flexcan.o
 .text.FLEXCAN_Enable
                0x0000982a       0x54 ./drivers/fsl_flexcan.o
 .text.FLEXCAN_EnterFreezeMode
                0x0000987e       0x3c ./drivers/fsl_flexcan.o
                0x0000987e                FLEXCAN_EnterFreezeMode
 .text.FLEXCAN_ExitFreezeMode
                0x000098ba       0x3c ./drivers/fsl_flexcan.o
                0x000098ba                FLEXCAN_ExitFreezeMode
 .text.FLEXCAN_IsMbOccupied
                0x000098f6       0x56 ./drivers/fsl_flexcan.o
 .text.FLEXCAN_SetRxMbGlobalMask
                0x0000994c       0x30 ./drivers/fsl_flexcan.o
                0x0000994c                FLEXCAN_SetRxMbGlobalMask
 .text.CLOCK_EnableClock
                0x0000997c       0x34 ./drivers/fsl_pit.o
 .text.CLOCK_EnableClock
                0x000099b0       0x34 ./drivers/fsl_uart.o
 .text.UART_WriteBlocking
                0x000099e4       0x50 ./drivers/fsl_uart.o
                0x000099e4                UART_WriteBlocking
 .text.UART0_RX_TX_DriverIRQHandler
                0x00009a34       0x12 ./drivers/fsl_uart.o
                0x00009a34                UART0_RX_TX_DriverIRQHandler
 .text.UART1_RX_TX_DriverIRQHandler
                0x00009a46       0x12 ./drivers/fsl_uart.o
                0x00009a46                UART1_RX_TX_DriverIRQHandler
 .text.UART2_RX_TX_DriverIRQHandler
                0x00009a58       0x12 ./drivers/fsl_uart.o
                0x00009a58                UART2_RX_TX_DriverIRQHandler
 .text.UART3_RX_TX_DriverIRQHandler
                0x00009a6a       0x12 ./drivers/fsl_uart.o
                0x00009a6a                UART3_RX_TX_DriverIRQHandler
 .text.UART4_RX_TX_DriverIRQHandler
                0x00009a7c       0x12 ./drivers/fsl_uart.o
                0x00009a7c                UART4_RX_TX_DriverIRQHandler
 .text.UART5_RX_TX_DriverIRQHandler
                0x00009a8e       0x12 ./drivers/fsl_uart.o
                0x00009a8e                UART5_RX_TX_DriverIRQHandler
 .text.SystemInitHook
                0x00009aa0        0xe ./device/system_MK64F12.o
                0x00009aa0                SystemInitHook
 .text.HAL_UartGetStatus
                0x00009aae       0x22 ./component/uart/fsl_adapter_uart.o
 .text.DisableGlobalIRQ
                0x00009ad0       0x22 ./component/serial_manager/fsl_component_serial_manager.o
 .text.EnableGlobalIRQ
                0x00009af2       0x20 ./component/serial_manager/fsl_component_serial_manager.o
 .text.SerialManager_StartWriting
                0x00009b12       0x38 ./component/serial_manager/fsl_component_serial_manager.o
 .text.SerialManager_Write
                0x00009b4a       0x44 ./component/serial_manager/fsl_component_serial_manager.o
 .text.SerialManager_Init
                0x00009b8e       0x60 ./component/serial_manager/fsl_component_serial_manager.o
                0x00009b8e                SerialManager_Init
 .text.SerialManager_OpenWriteHandle
                0x00009bee       0x50 ./component/serial_manager/fsl_component_serial_manager.o
                0x00009bee                SerialManager_OpenWriteHandle
 .text.SerialManager_OpenReadHandle
                0x00009c3e       0x60 ./component/serial_manager/fsl_component_serial_manager.o
                0x00009c3e                SerialManager_OpenReadHandle
 .text.SerialManager_WriteBlocking
                0x00009c9e       0x20 ./component/serial_manager/fsl_component_serial_manager.o
                0x00009c9e                SerialManager_WriteBlocking
 .text.Serial_UartInit
                0x00009cbe       0x3e ./component/serial_manager/fsl_component_serial_port_uart.o
                0x00009cbe                Serial_UartInit
 .text.Serial_UartWrite
                0x00009cfc       0x38 ./component/serial_manager/fsl_component_serial_port_uart.o
                0x00009cfc                Serial_UartWrite
 .text.DisableGlobalIRQ
                0x00009d34       0x22 ./component/osa/fsl_os_abstraction_bm.o
 .text.EnableGlobalIRQ
                0x00009d56       0x20 ./component/osa/fsl_os_abstraction_bm.o
 .text.OSA_EnterCritical
                0x00009d76       0x1a ./component/osa/fsl_os_abstraction_bm.o
                0x00009d76                OSA_EnterCritical
 .text.OSA_ExitCritical
                0x00009d90       0x16 ./component/osa/fsl_os_abstraction_bm.o
                0x00009d90                OSA_ExitCritical
 .text.BOARD_InitDebugConsole
                0x00009da6       0x22 ./board/board.o
                0x00009da6                BOARD_InitDebugConsole
 .text.BOARD_InitBootClocks
                0x00009dc8        0xc ./board/clock_config.o
                0x00009dc8                BOARD_InitBootClocks
 .text.EnableIRQ
                0x00009dd4       0x32 ./board/peripherals.o
 .text.SYSMPU_Enable
                0x00009e06       0x38 ./board/peripherals.o
 .text.PIT_EnableInterrupts
                0x00009e3e       0x3a ./board/peripherals.o
 .text.PIT_StartTimer
                0x00009e78       0x38 ./board/peripherals.o
 .text.USB0_init
                0x00009eb0        0xc ./board/peripherals.o
 .text.BOARD_InitBootPeripherals
                0x00009ebc        0xc ./board/peripherals.o
                0x00009ebc                BOARD_InitBootPeripherals
 .text.CLOCK_EnableClock
                0x00009ec8       0x34 ./board/pin_mux.o
 .text.PORT_SetPinMux
                0x00009efc       0x3a ./board/pin_mux.o
 .text.BOARD_InitBootPins
                0x00009f36       0x10 ./board/pin_mux.o
                0x00009f36                BOARD_InitBootPins
 .text.__main   0x00009f46        0xe c:/nxp/mcuxpressoide_11.6.1_8255/ide/plugins/com.nxp.mcuxpresso.tools.win32_11.6.1.202207200623/tools/bin/../lib/gcc/arm-none-eabi/10.3.1/../../../../arm-none-eabi/lib/thumb/v7e-m+fp/hard\libcr_nohost_nf.a(_cr__main.o)
                0x00009f46                __main
 .text.__sys_appexit
                0x00009f54        0x2 c:/nxp/mcuxpressoide_11.6.1_8255/ide/plugins/com.nxp.mcuxpresso.tools.win32_11.6.1.202207200623/tools/bin/../lib/gcc/arm-none-eabi/10.3.1/../../../../arm-none-eabi/lib/thumb/v7e-m+fp/hard\libcr_nohost_nf.a(__sys_appexit.o)
                0x00009f54                __sys_appexit
                0x00009f54                __exit
 .text.memcpy   0x00009f56        0x4 c:/nxp/mcuxpressoide_11.6.1_8255/ide/plugins/com.nxp.mcuxpresso.tools.win32_11.6.1.202207200623/tools/bin/../lib/gcc/arm-none-eabi/10.3.1/../../../../arm-none-eabi/lib/thumb/v7e-m+fp/hard\libcr_c.a(memcpy.o)
                0x00009f56                memcpy
 .text.memset   0x00009f5a        0x4 c:/nxp/mcuxpressoide_11.6.1_8255/ide/plugins/com.nxp.mcuxpresso.tools.win32_11.6.1.202207200623/tools/bin/../lib/gcc/arm-none-eabi/10.3.1/../../../../arm-none-eabi/lib/thumb/v7e-m+fp/hard\libcr_c.a(memset.o)
                0x00009f5a                memset
 .text._deferredlazyseek
                0x00009f5e       0x40 c:/nxp/mcuxpressoide_11.6.1_8255/ide/plugins/com.nxp.mcuxpresso.tools.win32_11.6.1.202207200623/tools/bin/../lib/gcc/arm-none-eabi/10.3.1/../../../../arm-none-eabi/lib/thumb/v7e-m+fp/hard\libcr_c.a(_deferredlazyseek.o)
                0x00009f5e                _deferredlazyseek
 .text.__flsbuf
                0x00009f9e      0x140 c:/nxp/mcuxpressoide_11.6.1_8255/ide/plugins/com.nxp.mcuxpresso.tools.win32_11.6.1.202207200623/tools/bin/../lib/gcc/arm-none-eabi/10.3.1/../../../../arm-none-eabi/lib/thumb/v7e-m+fp/hard\libcr_c.a(_deferredlazyseek.o)
                0x00009f9e                __flsbuf
 .text._fflush  0x0000a0de       0x52 c:/nxp/mcuxpressoide_11.6.1_8255/ide/plugins/com.nxp.mcuxpresso.tools.win32_11.6.1.202207200623/tools/bin/../lib/gcc/arm-none-eabi/10.3.1/../../../../arm-none-eabi/lib/thumb/v7e-m+fp/hard\libcr_c.a(_fflush.o)
                0x0000a0de                _fflush
 .text.free     0x0000a130       0x30 c:/nxp/mcuxpressoide_11.6.1_8255/ide/plugins/com.nxp.mcuxpresso.tools.win32_11.6.1.202207200623/tools/bin/../lib/gcc/arm-none-eabi/10.3.1/../../../../arm-none-eabi/lib/thumb/v7e-m+fp/hard\libcr_c.a(alloc.o)
                0x0000a130                free
 .text.fputs    0x0000a160       0x2c c:/nxp/mcuxpressoide_11.6.1_8255/ide/plugins/com.nxp.mcuxpresso.tools.win32_11.6.1.202207200623/tools/bin/../lib/gcc/arm-none-eabi/10.3.1/../../../../arm-none-eabi/lib/thumb/v7e-m+fp/hard\libcr_c.a(fputs.o)
                0x0000a160                fputs
 .text.setvbuf  0x0000a18c       0x3e c:/nxp/mcuxpressoide_11.6.1_8255/ide/plugins/com.nxp.mcuxpresso.tools.win32_11.6.1.202207200623/tools/bin/../lib/gcc/arm-none-eabi/10.3.1/../../../../arm-none-eabi/lib/thumb/v7e-m+fp/hard\libcr_c.a(setvbuf.o)
                0x0000a18c                setvbuf
 .text.strlen   0x0000a1ca       0x48 c:/nxp/mcuxpressoide_11.6.1_8255/ide/plugins/com.nxp.mcuxpresso.tools.win32_11.6.1.202207200623/tools/bin/../lib/gcc/arm-none-eabi/10.3.1/../../../../arm-none-eabi/lib/thumb/v7e-m+fp/hard\libcr_c.a(strlen.o)
                0x0000a1ca                strlen
 .text._fdopen  0x0000a212       0x68 c:/nxp/mcuxpressoide_11.6.1_8255/ide/plugins/com.nxp.mcuxpresso.tools.win32_11.6.1.202207200623/tools/bin/../lib/gcc/arm-none-eabi/10.3.1/../../../../arm-none-eabi/lib/thumb/v7e-m+fp/hard\libcr_c.a(_fdopen.o)
                0x0000a212                _fdopen
 .text.fclose   0x0000a27a       0x58 c:/nxp/mcuxpressoide_11.6.1_8255/ide/plugins/com.nxp.mcuxpresso.tools.win32_11.6.1.202207200623/tools/bin/../lib/gcc/arm-none-eabi/10.3.1/../../../../arm-none-eabi/lib/thumb/v7e-m+fp/hard\libcr_c.a(fclose.o)
                0x0000a27a                fclose
 .text.remove   0x0000a2d2       0x14 c:/nxp/mcuxpressoide_11.6.1_8255/ide/plugins/com.nxp.mcuxpresso.tools.win32_11.6.1.202207200623/tools/bin/../lib/gcc/arm-none-eabi/10.3.1/../../../../arm-none-eabi/lib/thumb/v7e-m+fp/hard\libcr_c.a(remove.o)
                0x0000a2d2                remove
 .text._do_fflush
                0x0000a2e6       0x40 c:/nxp/mcuxpressoide_11.6.1_8255/ide/plugins/com.nxp.mcuxpresso.tools.win32_11.6.1.202207200623/tools/bin/../lib/gcc/arm-none-eabi/10.3.1/../../../../arm-none-eabi/lib/thumb/v7e-m+fp/hard\libcr_c.a(_do_fflush.o)
                0x0000a2e6                _do_fflush
 .text.__aeabi_division_uldivmod
                0x0000a326      0x174 c:/nxp/mcuxpressoide_11.6.1_8255/ide/plugins/com.nxp.mcuxpresso.tools.win32_11.6.1.202207200623/tools/bin/../lib/gcc/arm-none-eabi/10.3.1/thumb/v7e-m+fp/hard\libcr_eabihelpers.a(division_64.o)
                0x0000a326                __aeabi_uldivmod
                0x0000a32a                __bhs_ldivmod1
 .text.__aeabi_division_idiv0
                0x0000a49a        0x2 c:/nxp/mcuxpressoide_11.6.1_8255/ide/plugins/com.nxp.mcuxpresso.tools.win32_11.6.1.202207200623/tools/bin/../lib/gcc/arm-none-eabi/10.3.1/thumb/v7e-m+fp/hard\libcr_eabihelpers.a(division_idiv0.o)
                0x0000a49a                __aeabi_idiv0
 .text.__aeabi_memcpy
                0x0000a49c       0x34 c:/nxp/mcuxpressoide_11.6.1_8255/ide/plugins/com.nxp.mcuxpresso.tools.win32_11.6.1.202207200623/tools/bin/../lib/gcc/arm-none-eabi/10.3.1/thumb/v7e-m+fp/hard\libcr_eabihelpers.a(memcpy.o)
                0x0000a49c                __aeabi_memcpy
                0x0000a4a6                __aeabi_memcpy8
                0x0000a4a6                __aeabi_memcpy4
 .text.__aeabi_memset_lowlevel
                0x0000a4d0       0x32 c:/nxp/mcuxpressoide_11.6.1_8255/ide/plugins/com.nxp.mcuxpresso.tools.win32_11.6.1.202207200623/tools/bin/../lib/gcc/arm-none-eabi/10.3.1/thumb/v7e-m+fp/hard\libcr_eabihelpers.a(memcpy.o)
                0x0000a4d0                __aeabi_lowlevel_memset
 .text.__sys_close
                0x0000a502        0x6 c:/nxp/mcuxpressoide_11.6.1_8255/ide/plugins/com.nxp.mcuxpresso.tools.win32_11.6.1.202207200623/tools/bin/../lib/gcc/arm-none-eabi/10.3.1/../../../../arm-none-eabi/lib/thumb/v7e-m+fp/hard\libcr_nohost_nf.a(__sys_close.o)
                0x0000a502                __sys_close
 .text.__sys_flen
                0x0000a508        0x6 c:/nxp/mcuxpressoide_11.6.1_8255/ide/plugins/com.nxp.mcuxpresso.tools.win32_11.6.1.202207200623/tools/bin/../lib/gcc/arm-none-eabi/10.3.1/../../../../arm-none-eabi/lib/thumb/v7e-m+fp/hard\libcr_nohost_nf.a(__sys_flen.o)
                0x0000a508                __sys_flen
 .text.__sys_istty
                0x0000a50e        0x6 c:/nxp/mcuxpressoide_11.6.1_8255/ide/plugins/com.nxp.mcuxpresso.tools.win32_11.6.1.202207200623/tools/bin/../lib/gcc/arm-none-eabi/10.3.1/../../../../arm-none-eabi/lib/thumb/v7e-m+fp/hard\libcr_nohost_nf.a(__sys_istty.o)
                0x0000a50e                __sys_istty
 .text.__sys_remove
                0x0000a514        0x6 c:/nxp/mcuxpressoide_11.6.1_8255/ide/plugins/com.nxp.mcuxpresso.tools.win32_11.6.1.202207200623/tools/bin/../lib/gcc/arm-none-eabi/10.3.1/../../../../arm-none-eabi/lib/thumb/v7e-m+fp/hard\libcr_nohost_nf.a(__sys_remove.o)
                0x0000a514                __sys_remove
 .text.__sys_seek
                0x0000a51a        0x6 c:/nxp/mcuxpressoide_11.6.1_8255/ide/plugins/com.nxp.mcuxpresso.tools.win32_11.6.1.202207200623/tools/bin/../lib/gcc/arm-none-eabi/10.3.1/../../../../arm-none-eabi/lib/thumb/v7e-m+fp/hard\libcr_nohost_nf.a(__sys_seek.o)
                0x0000a51a                __sys_seek
 .text.__sys_tmpnam
                0x0000a520        0x6 c:/nxp/mcuxpressoide_11.6.1_8255/ide/plugins/com.nxp.mcuxpresso.tools.win32_11.6.1.202207200623/tools/bin/../lib/gcc/arm-none-eabi/10.3.1/../../../../arm-none-eabi/lib/thumb/v7e-m+fp/hard\libcr_nohost_nf.a(__sys_tmpnam.o)
                0x0000a520                __sys_tmpnam
 .text.__sys_write
                0x0000a526        0x4 c:/nxp/mcuxpressoide_11.6.1_8255/ide/plugins/com.nxp.mcuxpresso.tools.win32_11.6.1.202207200623/tools/bin/../lib/gcc/arm-none-eabi/10.3.1/../../../../arm-none-eabi/lib/thumb/v7e-m+fp/hard\libcr_nohost_nf.a(__sys_write.o)
                0x0000a526                __sys_write
 *(SORT_BY_ALIGNMENT(.rodata) SORT_BY_ALIGNMENT(.rodata.*) SORT_BY_ALIGNMENT(.constdata) SORT_BY_ALIGNMENT(.constdata.*))
 *fill*         0x0000a52a        0x2 ff
 .rodata.s_UsbDeviceStandardRequest
                0x0000a52c       0x34 ./usb/device/source/usb_device_ch9.o
 .rodata.s_UsbDeviceKhciInterface
                0x0000a560       0x18 ./usb/device/source/usb_device_dci.o
 .rodata.s_UsbDeviceClassInterfaceMap
                0x0000a578       0x20 ./usb/device/class/usb_device_class.o
 .rodata.SPEED_MODE_MESSAGE
                0x0000a598        0x9 ./source/usb_config.o
                0x0000a598                SPEED_MODE_MESSAGE
 *fill*         0x0000a5a1        0x3 ff
 .rodata.POS_MODE_MESSAGE
                0x0000a5a4        0x9 ./source/usb_config.o
                0x0000a5a4                POS_MODE_MESSAGE
 *fill*         0x0000a5ad        0x3 ff
 .rodata.ACC_SPEED_10
                0x0000a5b0        0x9 ./source/usb_config.o
                0x0000a5b0                ACC_SPEED_10
 *fill*         0x0000a5b9        0x3 ff
 .rodata.DESA_SPEED_10
                0x0000a5bc        0x9 ./source/usb_config.o
                0x0000a5bc                DESA_SPEED_10
 *fill*         0x0000a5c5        0x3 ff
 .rodata.main.str1.4
                0x0000a5c8        0xd ./source/usb_config.o
 *fill*         0x0000a5d5        0x3 ff
 .rodata.USB_DeviceInterface0CicVcomCallback.str1.4
                0x0000a5d8       0x2e ./source/usb_device_interface_0_cic_vcom.o
 *fill*         0x0000a606        0x2 ff
 .rodata.CLOCK_GetMcgExtClkFreq.str1.4
                0x0000a608       0x49 ./drivers/fsl_clock.o
 *fill*         0x0000a651        0x3 ff
 .rodata.CLOCK_GetPll0Freq.str1.4
                0x0000a654       0x1d ./drivers/fsl_clock.o
 *fill*         0x0000a671        0x3 ff
 .rodata.CLOCK_EnablePll0.str1.4
                0x0000a674       0x1a ./drivers/fsl_clock.o
 *fill*         0x0000a68e        0x2 ff
 .rodata.CLOCK_SetPbeMode.str1.4
                0x0000a690       0x1a ./drivers/fsl_clock.o
 *fill*         0x0000a6aa        0x2 ff
 .rodata.CLOCK_BootToPeeMode.str1.4
                0x0000a6ac       0x1a ./drivers/fsl_clock.o
 *fill*         0x0000a6c6        0x2 ff
 .rodata.fllFactorTable.1
                0x0000a6c8       0x10 ./drivers/fsl_clock.o
 .rodata.SDK_DelayAtLeastUs.str1.4
                0x0000a6d8       0x2b ./drivers/fsl_common_arm.o
 *fill*         0x0000a703        0x1 ff
 .rodata.FLEXCAN_GetInstance.str1.4
                0x0000a704       0x3a ./drivers/fsl_flexcan.o
 *fill*         0x0000a73e        0x2 ff
 .rodata.FLEXCAN_IsMbIntEnabled.str1.4
                0x0000a740       0x5e ./drivers/fsl_flexcan.o
 *fill*         0x0000a79e        0x2 ff
 .rodata.FLEXCAN_Reset.str1.4
                0x0000a7a0       0x3a ./drivers/fsl_flexcan.o
 *fill*         0x0000a7da        0x2 ff
 .rodata.FLEXCAN_SetBitRate.str1.4
                0x0000a7dc       0xb8 ./drivers/fsl_flexcan.o
 .rodata.FLEXCAN_Init.str1.4
                0x0000a894       0xda ./drivers/fsl_flexcan.o
 *fill*         0x0000a96e        0x2 ff
 .rodata.FLEXCAN_SetTimingConfig.str1.4
                0x0000a970       0x25 ./drivers/fsl_flexcan.o
 *fill*         0x0000a995        0x3 ff
 .rodata.FLEXCAN_SetTxMbConfig.str1.4
                0x0000a998       0x78 ./drivers/fsl_flexcan.o
 .rodata.FLEXCAN_SetRxMbConfig.str1.4
                0x0000aa10       0xbc ./drivers/fsl_flexcan.o
 .rodata.FLEXCAN_WriteTxMb.str1.4
                0x0000aacc       0xcc ./drivers/fsl_flexcan.o
 .rodata.FLEXCAN_ReadRxMb.str1.4
                0x0000ab98       0xa0 ./drivers/fsl_flexcan.o
 .rodata.FLEXCAN_ReadRxFifo.str1.4
                0x0000ac38       0x26 ./drivers/fsl_flexcan.o
 *fill*         0x0000ac5e        0x2 ff
 .rodata.FLEXCAN_TransferCreateHandle.str1.4
                0x0000ac60       0x24 ./drivers/fsl_flexcan.o
 .rodata.FLEXCAN_TransferSendNonBlocking.str1.4
                0x0000ac84       0xd5 ./drivers/fsl_flexcan.o
 *fill*         0x0000ad59        0x3 ff
 .rodata.FLEXCAN_TransferReceiveNonBlocking.str1.4
                0x0000ad5c       0xd5 ./drivers/fsl_flexcan.o
 *fill*         0x0000ae31        0x3 ff
 .rodata.FLEXCAN_TransferAbortSend.str1.4
                0x0000ae34       0x9c ./drivers/fsl_flexcan.o
 .rodata.FLEXCAN_TransferAbortReceive.str1.4
                0x0000aed0       0x9c ./drivers/fsl_flexcan.o
 .rodata.FLEXCAN_TransferAbortReceiveFifo.str1.4
                0x0000af6c       0x24 ./drivers/fsl_flexcan.o
 .rodata.FLEXCAN_TransferHandleIRQ.str1.4
                0x0000af90       0x24 ./drivers/fsl_flexcan.o
 .rodata.CAN0_DriverIRQHandler.str1.4
                0x0000afb4       0x30 ./drivers/fsl_flexcan.o
 .rodata.PIT_GetInstance.str1.4
                0x0000afe4       0x31 ./drivers/fsl_pit.o
 *fill*         0x0000b015        0x3 ff
 .rodata.PIT_Init.str1.4
                0x0000b018       0x1e ./drivers/fsl_pit.o
 *fill*         0x0000b036        0x2 ff
 .rodata.s_uartBases
                0x0000b038       0x18 ./drivers/fsl_uart.o
 .rodata.s_uartClock
                0x0000b050       0x18 ./drivers/fsl_uart.o
 .rodata.UART_GetInstance.str1.4
                0x0000b068       0x2b ./drivers/fsl_uart.o
 *fill*         0x0000b093        0x1 ff
 .rodata.UART_Init.str1.4
                0x0000b094       0xfb ./drivers/fsl_uart.o
 *fill*         0x0000b18f        0x1 ff
 .rodata.UART_GetDefaultConfig.str1.4
                0x0000b190       0x20 ./drivers/fsl_uart.o
 .rodata.s_UartAdapterBase
                0x0000b1b0       0x18 ./component/uart/fsl_adapter_uart.o
 .rodata.HAL_UartInit.str1.4
                0x0000b1c8       0xdd ./component/uart/fsl_adapter_uart.o
 *fill*         0x0000b2a5        0x3 ff
 .rodata.HAL_UartSendBlocking.str1.4
                0x0000b2a8       0x60 ./component/uart/fsl_adapter_uart.o
 .rodata.OSA_MutexCreate.str1.4
                0x0000b308       0x2a ./component/osa/fsl_os_abstraction_bm.o
 *fill*         0x0000b332        0x2 ff
 .rodata.OSA_MutexDestroy.str1.4
                0x0000b334       0x2a ./component/osa/fsl_os_abstraction_bm.o
 *fill*         0x0000b35e        0x2 ff
 .rodata.mcgConfig_BOARD_BootClockRUN
                0x0000b360        0xb ./board/clock_config.o
                0x0000b360                mcgConfig_BOARD_BootClockRUN
 *fill*         0x0000b36b        0x1 ff
 .rodata.simConfig_BOARD_BootClockRUN
                0x0000b36c        0x8 ./board/clock_config.o
                0x0000b36c                simConfig_BOARD_BootClockRUN
 .rodata.oscConfig_BOARD_BootClockRUN
                0x0000b374        0x8 ./board/clock_config.o
                0x0000b374                oscConfig_BOARD_BootClockRUN
 .rodata.PIT_SetTimerPeriod.str1.4
                0x0000b37c       0x6f ./board/peripherals.o
 *fill*         0x0000b3eb        0x1 ff
 .rodata.CAN0_config
                0x0000b3ec       0x14 ./board/peripherals.o
                0x0000b3ec                CAN0_config
 .rodata.CAN0_rx_mb_config_0
                0x0000b400        0x8 ./board/peripherals.o
                0x0000b400                CAN0_rx_mb_config_0
 .rodata.CAN0_rx_mb_config_1
                0x0000b408        0x8 ./board/peripherals.o
                0x0000b408                CAN0_rx_mb_config_1
 .rodata.PIT_config
                0x0000b410        0x1 ./board/peripherals.o
                0x0000b410                PIT_config
 *fill*         0x0000b411        0x3 ff
 .rodata.PORT_SetPinConfig.str1.4
                0x0000b414       0x6b ./board/pin_mux.o
 *fill*         0x0000b47f        0x1 ff
 .rodata.__num_Ciob_streams
                0x0000b480        0x4 c:/nxp/mcuxpressoide_11.6.1_8255/ide/plugins/com.nxp.mcuxpresso.tools.win32_11.6.1.202207200623/tools/bin/../lib/gcc/arm-none-eabi/10.3.1/../../../../arm-none-eabi/lib/thumb/v7e-m+fp/hard\libcr_nohost_nf.a(__ciob.o)
                0x0000b480                __num_Ciob_streams
 .rodata.__assertion_failed.str1.1
                0x0000b484       0x15 c:/nxp/mcuxpressoide_11.6.1_8255/ide/plugins/com.nxp.mcuxpresso.tools.win32_11.6.1.202207200623/tools/bin/../lib/gcc/arm-none-eabi/10.3.1/../../../../arm-none-eabi/lib/thumb/v7e-m+fp/hard\libcr_nohost_nf.a(_cr_assert.o)
 .rodata._Csys_alloc.str1.1
                0x0000b499       0x18 c:/nxp/mcuxpressoide_11.6.1_8255/ide/plugins/com.nxp.mcuxpresso.tools.win32_11.6.1.202207200623/tools/bin/../lib/gcc/arm-none-eabi/10.3.1/../../../../arm-none-eabi/lib/thumb/v7e-m+fp/hard\libcr_c.a(alloc.o)
 .rodata._initio.str1.1
                0x0000b4b1        0x4 c:/nxp/mcuxpressoide_11.6.1_8255/ide/plugins/com.nxp.mcuxpresso.tools.win32_11.6.1.202207200623/tools/bin/../lib/gcc/arm-none-eabi/10.3.1/../../../../arm-none-eabi/lib/thumb/v7e-m+fp/hard\libcr_c.a(initio.o)
                0x0000b4b8                . = ALIGN (0x8)
 *fill*         0x0000b4b5        0x3 ff
                0x0000b4b8                _etext = .

.glue_7         0x0000b4b8        0x0
 .glue_7        0x0000b4b8        0x0 linker stubs

.glue_7t        0x0000b4b8        0x0
 .glue_7t       0x0000b4b8        0x0 linker stubs

.vfp11_veneer   0x0000b4b8        0x0
 .vfp11_veneer  0x0000b4b8        0x0 linker stubs

.v4_bx          0x0000b4b8        0x0
 .v4_bx         0x0000b4b8        0x0 linker stubs

.iplt           0x0000b4b8        0x0
 .iplt          0x0000b4b8        0x0 ./utilities/fsl_debug_console.o

.rel.dyn        0x0000b4b8        0x0
 .rel.iplt      0x0000b4b8        0x0 ./utilities/fsl_debug_console.o

.m_usb_data
 *(SORT_BY_ALIGNMENT(m_usb_bdt))

.data_RAM2      0x1fff0000        0x0 load address 0x0000b4b8
 FILL mask 0xff
                [!provide]                PROVIDE (__start_data_RAM2 = .)
                [!provide]                PROVIDE (__start_data_SRAM_LOWER = .)
 *(SORT_BY_ALIGNMENT(.ramfunc.$RAM2))
 *(SORT_BY_ALIGNMENT(.ramfunc.$SRAM_LOWER))
 *(SORT_BY_ALIGNMENT(.data.$RAM2))
 *(SORT_BY_ALIGNMENT(.data.$SRAM_LOWER))
 *(SORT_BY_ALIGNMENT(.data.$RAM2.*))
 *(SORT_BY_ALIGNMENT(.data.$SRAM_LOWER.*))
                0x1fff0000                . = ALIGN (0x8)
                [!provide]                PROVIDE (__end_data_RAM2 = .)
                [!provide]                PROVIDE (__end_data_SRAM_LOWER = .)

.data_RAM3      0x14000000        0x0 load address 0x0000b4b8
 FILL mask 0xff
                [!provide]                PROVIDE (__start_data_RAM3 = .)
                [!provide]                PROVIDE (__start_data_FLEX_RAM = .)
 *(SORT_BY_ALIGNMENT(.ramfunc.$RAM3))
 *(SORT_BY_ALIGNMENT(.ramfunc.$FLEX_RAM))
 *(SORT_BY_ALIGNMENT(.data.$RAM3))
 *(SORT_BY_ALIGNMENT(.data.$FLEX_RAM))
 *(SORT_BY_ALIGNMENT(.data.$RAM3.*))
 *(SORT_BY_ALIGNMENT(.data.$FLEX_RAM.*))
                0x14000000                . = ALIGN (0x8)
                [!provide]                PROVIDE (__end_data_RAM3 = .)
                [!provide]                PROVIDE (__end_data_FLEX_RAM = .)

.uninit_RESERVED
                0x20000000        0x0
                0x20000000                _start_uninit_RESERVED = .
 *(SORT_BY_ALIGNMENT(.bss.$RESERVED*))
                0x20000000                . = ALIGN (0x8)
                0x20000000                _end_uninit_RESERVED = .

.data           0x20000000      0x150 load address 0x0000b4b8
 FILL mask 0xff
                0x20000000                _data = .
                [!provide]                PROVIDE (__start_data_RAM = .)
                [!provide]                PROVIDE (__start_data_SRAM_UPPER = .)
 *(SORT_BY_ALIGNMENT(vtable))
 *(SORT_BY_ALIGNMENT(.ramfunc*))
 *(SORT_BY_ALIGNMENT(CodeQuickAccess))
 *(SORT_BY_ALIGNMENT(DataQuickAccess))
 *(SORT_BY_ALIGNMENT(RamFunction))
 *(SORT_BY_ALIGNMENT(.data*))
 .data.s_UsbDeviceInterfaceNullConfig
                0x20000000        0x8 ./source/generated/usb_device_composite.o
 .data.g_CompositeClassConfig
                0x20000008       0x18 ./source/generated/usb_device_composite.o
                0x20000008                g_CompositeClassConfig
 .data.g_UsbDeviceCompositeConfigList
                0x20000020        0xc ./source/generated/usb_device_composite.o
                0x20000020                g_UsbDeviceCompositeConfigList
 .data.g_UsbDeviceInterface0CicVcomSetting0DefaultEndpoints
                0x2000002c        0x6 ./source/generated/usb_device_descriptor.o
                0x2000002c                g_UsbDeviceInterface0CicVcomSetting0DefaultEndpoints
 *fill*         0x20000032        0x2 ff
 .data.g_UsbDeviceInterface0CicVcomInterface
                0x20000034       0x10 ./source/generated/usb_device_descriptor.o
                0x20000034                g_UsbDeviceInterface0CicVcomInterface
 .data.g_UsbDeviceInterface1DicVcomSetting0DefaultEndpoints
                0x20000044        0xc ./source/generated/usb_device_descriptor.o
                0x20000044                g_UsbDeviceInterface1DicVcomSetting0DefaultEndpoints
 .data.g_UsbDeviceInterface1DicVcomInterface
                0x20000050       0x10 ./source/generated/usb_device_descriptor.o
                0x20000050                g_UsbDeviceInterface1DicVcomInterface
 .data.g_UsbDeviceInterface0CicVcomInterfaces
                0x20000060       0x18 ./source/generated/usb_device_descriptor.o
                0x20000060                g_UsbDeviceInterface0CicVcomInterfaces
 .data.g_UsbDeviceInterface0CicVcomInterfaceList
                0x20000078        0x8 ./source/generated/usb_device_descriptor.o
                0x20000078                g_UsbDeviceInterface0CicVcomInterfaceList
 .data.g_UsbDeviceInterface0CicVcomConfig
                0x20000080        0x8 ./source/generated/usb_device_descriptor.o
                0x20000080                g_UsbDeviceInterface0CicVcomConfig
 .data.g_UsbDeviceDescriptor
                0x20000088       0x12 ./source/generated/usb_device_descriptor.o
                0x20000088                g_UsbDeviceDescriptor
 *fill*         0x2000009a        0x2 ff
 .data.g_UsbDeviceConfigurationDescriptor
                0x2000009c       0x4b ./source/generated/usb_device_descriptor.o
                0x2000009c                g_UsbDeviceConfigurationDescriptor
 *fill*         0x200000e7        0x1 ff
 .data.g_UsbDeviceString0
                0x200000e8        0x4 ./source/generated/usb_device_descriptor.o
                0x200000e8                g_UsbDeviceString0
 .data.g_UsbDeviceString1
                0x200000ec        0x8 ./source/generated/usb_device_descriptor.o
                0x200000ec                g_UsbDeviceString1
 .data.g_UsbDeviceString2
                0x200000f4        0xa ./source/generated/usb_device_descriptor.o
                0x200000f4                g_UsbDeviceString2
 *fill*         0x200000fe        0x2 ff
 .data.g_UsbDeviceStringDescriptorLength
                0x20000100        0xc ./source/generated/usb_device_descriptor.o
                0x20000100                g_UsbDeviceStringDescriptorLength
 .data.g_UsbDeviceStringDescriptorArray
                0x2000010c        0xc ./source/generated/usb_device_descriptor.o
                0x2000010c                g_UsbDeviceStringDescriptorArray
 .data.g_UsbDeviceLanguage
                0x20000118        0xc ./source/generated/usb_device_descriptor.o
                0x20000118                g_UsbDeviceLanguage
 .data.g_UsbDeviceLanguageList
                0x20000124       0x10 ./source/generated/usb_device_descriptor.o
                0x20000124                g_UsbDeviceLanguageList
 .data.s_lineCoding
                0x20000134        0x7 ./source/usb_device_interface_0_cic_vcom.o
 *fill*         0x2000013b        0x1 ff
 .data.s_slowIrcFreq
                0x2000013c        0x4 ./drivers/fsl_clock.o
 .data.s_fastIrcFreq
                0x20000140        0x4 ./drivers/fsl_clock.o
 .data.SystemCoreClock
                0x20000144        0x4 ./device/system_MK64F12.o
                0x20000144                SystemCoreClock
 .data.timeoutUSB
                0x20000148        0x2 ./source/usb_config.o
                0x20000148                timeoutUSB
 .data.timeoutBAT
                0x2000014a        0x2 ./source/usb_config.o
                0x2000014a                timeoutBAT
                0x20000150                . = ALIGN (0x8)
 *fill*         0x2000014c        0x4 ff
                0x20000150                _edata = .
                [!provide]                PROVIDE (__end_data_RAM = .)
                [!provide]                PROVIDE (__end_data_SRAM_UPPER = .)

.igot.plt       0x20000150        0x0 load address 0x0000b608
 .igot.plt      0x20000150        0x0 ./utilities/fsl_debug_console.o

.bss_RAM2       0x1fff0000        0x0
                [!provide]                PROVIDE (__start_bss_RAM2 = .)
                [!provide]                PROVIDE (__start_bss_SRAM_LOWER = .)
 *(SORT_BY_ALIGNMENT(.bss.$RAM2))
 *(SORT_BY_ALIGNMENT(.bss.$SRAM_LOWER))
 *(SORT_BY_ALIGNMENT(.bss.$RAM2.*))
 *(SORT_BY_ALIGNMENT(.bss.$SRAM_LOWER.*))
                0x1fff0000                . = ALIGN ((. != 0x0)?0x8:0x1)
                [!provide]                PROVIDE (__end_bss_RAM2 = .)
                [!provide]                PROVIDE (__end_bss_SRAM_LOWER = .)

.bss_RAM3       0x14000000        0x0
                [!provide]                PROVIDE (__start_bss_RAM3 = .)
                [!provide]                PROVIDE (__start_bss_FLEX_RAM = .)
 *(SORT_BY_ALIGNMENT(.bss.$RAM3))
 *(SORT_BY_ALIGNMENT(.bss.$FLEX_RAM))
 *(SORT_BY_ALIGNMENT(.bss.$RAM3.*))
 *(SORT_BY_ALIGNMENT(.bss.$FLEX_RAM.*))
                0x14000000                . = ALIGN ((. != 0x0)?0x8:0x1)
                [!provide]                PROVIDE (__end_bss_RAM3 = .)
                [!provide]                PROVIDE (__end_bss_FLEX_RAM = .)

.bss            0x20000200      0x958
                0x20000200                _bss = .
                [!provide]                PROVIDE (__start_bss_RAM = .)
                [!provide]                PROVIDE (__start_bss_SRAM_UPPER = .)
 *(SORT_BY_ALIGNMENT(.bss*))
 .bss.s_UsbDeviceKhciBdtBuffer
                0x20000200      0x200 ./usb/device/source/khci/usb_device_khci.o
 .bss.g_UsbDeviceComposite
                0x20000400       0x28 ./source/generated/usb_device_composite.o
                0x20000400                g_UsbDeviceComposite
 .bss.s_debugConsoleState
                0x20000428       0x20 ./utilities/fsl_debug_console.o
 .bss.g_serialHandle
                0x20000448        0x4 ./utilities/fsl_debug_console.o
                0x20000448                g_serialHandle
 .bss.s_UsbDeviceKhciState
                0x2000044c       0x84 ./usb/device/source/khci/usb_device_khci.o
 .bss.s_UsbDeviceKhciDmaAlignBuffer
                0x200004d0       0x40 ./usb/device/source/khci/usb_device_khci.o
 .bss.s_UsbDevice
                0x20000510       0x58 ./usb/device/source/usb_device_dci.o
 .bss.g_cdcAcmHandle
                0x20000568       0x50 ./usb/device/class/cdc/usb_device_cdc_acm.o
 .bss.s_UsbDeviceCommonClassStruct
                0x200005b8       0x10 ./usb/device/class/usb_device_class.o
 .bss.s_UsbDeviceSetupBuffer
                0x200005c8        0x8 ./usb/device/class/usb_device_class.o
 .bss.ringRx    0x200005d0        0xc ./source/usb_config.o
                0x200005d0                ringRx
 .bss.ringTx    0x200005dc        0x7 ./source/usb_config.o
                0x200005dc                ringTx
 *fill*         0x200005e3        0x1 
 .bss.rxBuf     0x200005e4      0x100 ./source/usb_config.o
                0x200005e4                rxBuf
 .bss.txBuf     0x200006e4      0x100 ./source/usb_config.o
                0x200006e4                txBuf
 .bss.auxbufRX  0x200007e4      0x100 ./source/usb_config.o
                0x200007e4                auxbufRX
 .bss.flag1     0x200008e4        0x1 ./source/usb_config.o
                0x200008e4                flag1
 *fill*         0x200008e5        0x3 
 .bss.flagQT    0x200008e8        0x1 ./source/usb_config.o
                0x200008e8                flagQT
 *fill*         0x200008e9        0x3 
 .bss.flagQT_2  0x200008ec        0x1 ./source/usb_config.o
                0x200008ec                flagQT_2
 *fill*         0x200008ed        0x3 
 .bss.RFIDData  0x200008f0        0x8 ./source/usb_config.o
                0x200008f0                RFIDData
 .bss.DestinationStation
                0x200008f8        0x8 ./source/usb_config.o
                0x200008f8                DestinationStation
 .bss.flexcanHandle
                0x20000900       0xa0 ./source/usb_config.o
                0x20000900                flexcanHandle
 .bss.txFrame   0x200009a0       0x10 ./source/usb_config.o
                0x200009a0                txFrame
 .bss.RX_STD_Frame
                0x200009b0       0x10 ./source/usb_config.o
                0x200009b0                RX_STD_Frame
 .bss.TX_CAN_BUF
                0x200009c0        0x8 ./source/usb_config.o
                0x200009c0                TX_CAN_BUF
 .bss.RX_STD_CAN_BUF
                0x200009c8        0x8 ./source/usb_config.o
                0x200009c8                RX_STD_CAN_BUF
 .bss.mbConfigSTD
                0x200009d0        0x8 ./source/usb_config.o
                0x200009d0                mbConfigSTD
 .bss.i.0       0x200009d8        0x4 ./source/usb_config.o
 .bss.s_abstractState
                0x200009dc        0x2 ./source/usb_device_interface_0_cic_vcom.o
 *fill*         0x200009de        0x2 
 .bss.s_countryCode
                0x200009e0        0x2 ./source/usb_device_interface_0_cic_vcom.o
 *fill*         0x200009e2        0x2 
 .bss.s_usbCdcAcmInfo
                0x200009e4       0x12 ./source/usb_device_interface_0_cic_vcom.o
 *fill*         0x200009f6        0x2 
 .bss.s_currRecvBuf
                0x200009f8       0x40 ./source/usb_device_interface_0_cic_vcom.o
 .bss.s_recvSize
                0x20000a38        0x4 ./source/usb_device_interface_0_cic_vcom.o
 .bss.s_sendSize
                0x20000a3c        0x4 ./source/usb_device_interface_0_cic_vcom.o
 .bss.s_UsbDeviceComposite
                0x20000a40        0x4 ./source/usb_device_interface_0_cic_vcom.o
 .bss.s_UsbInterface0CicVcom
                0x20000a44        0x8 ./source/usb_device_interface_0_cic_vcom.o
 .bss.g_xtal0Freq
                0x20000a4c        0x4 ./drivers/fsl_clock.o
                0x20000a4c                g_xtal0Freq
 .bss.g_xtal32Freq
                0x20000a50        0x4 ./drivers/fsl_clock.o
                0x20000a50                g_xtal32Freq
 .bss.s_flexcanHandle
                0x20000a54        0x4 ./drivers/fsl_flexcan.o
 .bss.s_flexcanIsr
                0x20000a58        0x4 ./drivers/fsl_flexcan.o
 .bss.s_i2cHandle
                0x20000a5c        0xc ./drivers/fsl_i2c.o
 .bss.s_i2cMasterIsr
                0x20000a68        0x4 ./drivers/fsl_i2c.o
 .bss.s_i2cSlaveIsr
                0x20000a6c        0x4 ./drivers/fsl_i2c.o
 .bss.s_uartHandle
                0x20000a70       0x18 ./drivers/fsl_uart.o
                0x20000a70                s_uartHandle
 .bss.s_uartIsr
                0x20000a88        0x4 ./drivers/fsl_uart.o
                0x20000a88                s_uartIsr
 .bss.__Ciob    0x20000a8c       0xb4 c:/nxp/mcuxpressoide_11.6.1_8255/ide/plugins/com.nxp.mcuxpresso.tools.win32_11.6.1.202207200623/tools/bin/../lib/gcc/arm-none-eabi/10.3.1/../../../../arm-none-eabi/lib/thumb/v7e-m+fp/hard\libcr_nohost_nf.a(__ciob.o)
                0x20000a8c                __Ciob
 .bss.errno     0x20000b40        0x4 c:/nxp/mcuxpressoide_11.6.1_8255/ide/plugins/com.nxp.mcuxpresso.tools.win32_11.6.1.202207200623/tools/bin/../lib/gcc/arm-none-eabi/10.3.1/../../../../arm-none-eabi/lib/thumb/v7e-m+fp/hard\libcr_c.a(errno.o)
                0x20000b40                errno
 .bss.__end_of_heap
                0x20000b44        0x4 c:/nxp/mcuxpressoide_11.6.1_8255/ide/plugins/com.nxp.mcuxpresso.tools.win32_11.6.1.202207200623/tools/bin/../lib/gcc/arm-none-eabi/10.3.1/../../../../arm-none-eabi/lib/thumb/v7e-m+fp/hard\libcr_c.a(__init_alloc.o)
                0x20000b44                __end_of_heap
 .bss.__heaps   0x20000b48        0x4 c:/nxp/mcuxpressoide_11.6.1_8255/ide/plugins/com.nxp.mcuxpresso.tools.win32_11.6.1.202207200623/tools/bin/../lib/gcc/arm-none-eabi/10.3.1/../../../../arm-none-eabi/lib/thumb/v7e-m+fp/hard\libcr_c.a(__init_alloc.o)
                0x20000b48                __heaps
 .bss.magneticSensorBitStatus
                0x20000b4c        0x2 ./source/usb_config.o
                0x20000b4c                magneticSensorBitStatus
 .bss.volt_bateria
                0x20000b4e        0x2 ./source/usb_config.o
                0x20000b4e                volt_bateria
 .bss.s_debugConsoleReadWaitSemaphore
                0x20000b50        0x1 ./utilities/fsl_debug_console.o
 .bss.operationMode
                0x20000b51        0x1 ./source/usb_config.o
                0x20000b51                operationMode
 .bss.init_comp
                0x20000b52        0x1 ./source/usb_config.o
                0x20000b52                init_comp
 *(SORT_BY_ALIGNMENT(COMMON))
                0x20000b58                . = ALIGN (0x8)
 *fill*         0x20000b53        0x5 
                0x20000b58                _ebss = .
                [!provide]                PROVIDE (__end_bss_RAM = .)
                [!provide]                PROVIDE (__end_bss_SRAM_UPPER = .)
                [!provide]                PROVIDE (end = .)

.noinit_RAM2    0x1fff0000        0x0