../usb/device/source/khci/usb_device_khci.c:108:21:USB_DeviceKhciEndpointTransfer	32	static
../usb/device/source/khci/usb_device_khci.c:146:13:USB_DeviceKhciPrimeNextSetup	24	static
../usb/device/source/khci/usb_device_khci.c:201:13:USB_DeviceKhciSetDefaultState	24	static
../usb/device/source/khci/usb_device_khci.c:270:21:USB_DeviceKhciEndpointInit	24	static
../usb/device/source/khci/usb_device_khci.c:379:21:USB_DeviceKhciEndpointDeinit	24	static
../usb/device/source/khci/usb_device_khci.c:415:21:USB_DeviceKhciEndpointStall	24	static
../usb/device/source/khci/usb_device_khci.c:539:21:USB_DeviceKhciEndpointUnstall	24	static
../usb/device/source/khci/usb_device_khci.c:635:13:USB_DeviceKhciInterruptTokenDone	80	static
../usb/device/source/khci/usb_device_khci.c:887:13:USB_DeviceKhciInterruptReset	32	static
../usb/device/source/khci/usb_device_khci.c:1097:13:USB_DeviceKhciInterruptStall	16	static
../usb/device/source/khci/usb_device_khci.c:1165:14:USB_DeviceKhciInit	32	static
../usb/device/source/khci/usb_device_khci.c:1254:14:USB_DeviceKhciDeinit	24	static
../usb/device/source/khci/usb_device_khci.c:1296:14:USB_DeviceKhciSend	48	static
../usb/device/source/khci/usb_device_khci.c:1358:14:USB_DeviceKhciRecv	48	static
../usb/device/source/khci/usb_device_khci.c:1420:14:USB_DeviceKhciCancel	40	static
../usb/device/source/khci/usb_device_khci.c:1458:14:USB_DeviceKhciControl	48	static
../usb/device/source/khci/usb_device_khci.c:1660:6:USB_DeviceKhciIsrFunction	32	static
