../usb/device/source/khci/usb_device_khci.c:108:21:USB_DeviceKhciEndpointTransfer	32	static
../usb/device/source/khci/usb_device_khci.c:146:13:USB_DeviceKhciPrimeNextSetup	24	static
../usb/device/source/khci/usb_device_khci.c:190:13:USB_DeviceKhciSetDefaultState	24	static
../usb/device/source/khci/usb_device_khci.c:259:21:USB_DeviceKhciEndpointInit	24	static
../usb/device/source/khci/usb_device_khci.c:368:21:USB_DeviceKhciEndpointDeinit	24	static
../usb/device/source/khci/usb_device_khci.c:397:21:USB_DeviceKhciEndpointStall	24	static
../usb/device/source/khci/usb_device_khci.c:506:21:USB_DeviceKhciEndpointUnstall	24	static
../usb/device/source/khci/usb_device_khci.c:595:13:USB_DeviceKhciInterruptTokenDone	80	static
../usb/device/source/khci/usb_device_khci.c:796:13:USB_DeviceKhciInterruptReset	32	static
../usb/device/source/khci/usb_device_khci.c:969:13:USB_DeviceKhciInterruptStall	16	static
../usb/device/source/khci/usb_device_khci.c:1016:14:USB_DeviceKhciInit	32	static
../usb/device/source/khci/usb_device_khci.c:1098:14:USB_DeviceKhciDeinit	24	static
../usb/device/source/khci/usb_device_khci.c:1140:14:USB_DeviceKhciSend	48	static
../usb/device/source/khci/usb_device_khci.c:1202:14:USB_DeviceKhciRecv	48	static
../usb/device/source/khci/usb_device_khci.c:1264:14:USB_DeviceKhciCancel	40	static
../usb/device/source/khci/usb_device_khci.c:1295:14:USB_DeviceKhciControl	48	static
../usb/device/source/khci/usb_device_khci.c:1489:6:USB_DeviceKhciIsrFunction	32	static
