../drivers/fsl_uart.c:128:10:UART_GetInstance	0	static
../drivers/fsl_uart.c:153:8:UART_TransferGetRxRingBufferLength	0	static
../drivers/fsl_uart.c:213:10:UART_Init	24	static
../drivers/fsl_uart.c:358:6:UART_Deinit	8	static
../drivers/fsl_uart.c:397:6:UART_GetDefaultConfig	8	static
../drivers/fsl_uart.c:437:10:UART_SetBaudRate	12	static
../drivers/fsl_uart.c:513:6:UART_Enable9bitMode	0	static
../drivers/fsl_uart.c:540:6:UART_SendAddress	0	static
../drivers/fsl_uart.c:566:6:UART_EnableInterrupts	0	static
../drivers/fsl_uart.c:594:6:UART_DisableInterrupts	0	static
../drivers/fsl_uart.c:629:10:UART_GetEnabledInterrupts	0	static
../drivers/fsl_uart.c:661:10:UART_GetStatusFlags	0	static
../drivers/fsl_uart.c:1476:6:UART_TransferHandleIRQ	32	static
../drivers/fsl_uart.c:696:10:UART_ClearStatusFlags	8	static
../drivers/fsl_uart.c:756:10:UART_WriteBlocking	0	static
../drivers/fsl_uart.c:828:10:UART_ReadBlocking	24	static
../drivers/fsl_uart.c:932:6:UART_TransferCreateHandle	24	static
../drivers/fsl_uart.c:980:6:UART_TransferStartRingBuffer	0	static
../drivers/fsl_uart.c:1012:6:UART_TransferStopRingBuffer	0	static
../drivers/fsl_uart.c:1056:10:UART_TransferSendNonBlocking	0	static
../drivers/fsl_uart.c:1099:6:UART_TransferAbortSend	0	static
../drivers/fsl_uart.c:1124:10:UART_TransferGetSendCount	8	static
../drivers/fsl_uart.c:1175:10:UART_TransferReceiveNonBlocking	24	static
../drivers/fsl_uart.c:1320:6:UART_TransferAbortReceive	0	static
../drivers/fsl_uart.c:1357:10:UART_TransferGetReceiveCount	0	static
../drivers/fsl_uart.c:1388:10:UART_EnableTxFIFO	8	static
../drivers/fsl_uart.c:1433:10:UART_EnableRxFIFO	8	static
../drivers/fsl_uart.c:1802:6:UART_TransferHandleErrorIRQ	0	static
../drivers/fsl_uart.c:1837:6:UART0_DriverIRQHandler	8	static
../drivers/fsl_uart.c:1844:6:UART0_RX_TX_DriverIRQHandler	8	static
../drivers/fsl_uart.c:1854:6:UART1_DriverIRQHandler	8	static
../drivers/fsl_uart.c:1861:6:UART1_RX_TX_DriverIRQHandler	8	static
../drivers/fsl_uart.c:1884:6:UART2_DriverIRQHandler	8	static
../drivers/fsl_uart.c:1891:6:UART2_RX_TX_DriverIRQHandler	8	static
../drivers/fsl_uart.c:1900:6:UART3_DriverIRQHandler	8	static
../drivers/fsl_uart.c:1907:6:UART3_RX_TX_DriverIRQHandler	8	static
../drivers/fsl_uart.c:1918:6:UART4_DriverIRQHandler	8	static
../drivers/fsl_uart.c:1925:6:UART4_RX_TX_DriverIRQHandler	8	static
../drivers/fsl_uart.c:1934:6:UART5_DriverIRQHandler	8	static
../drivers/fsl_uart.c:1941:6:UART5_RX_TX_DriverIRQHandler	8	static
