C:\Users\Lauta\Documents\MCUXpressoIDE_11.6.1_8255\workspace\test_usb\CMSIS/core_cm4.h:1679:22:__NVIC_EnableIRQ	0	static
../drivers/fsl_i2c.c:309:17:I2C_CheckAndClearError	0	static
../drivers/fsl_i2c.c:518:13:I2C_TransferCommonIRQHandler	8	static
../drivers/fsl_i2c.c:145:10:I2C_GetInstance	0	static
../drivers/fsl_i2c.c:628:6:I2C_MasterDeinit	8	static
../drivers/fsl_i2c.c:652:6:I2C_MasterGetDefaultConfig	8	static
../drivers/fsl_i2c.c:689:6:I2C_EnableInterrupts	0	static
../drivers/fsl_i2c.c:739:6:I2C_DisableInterrupts	0	static
../drivers/fsl_i2c.c:768:6:I2C_MasterSetBaudRate	20	static
../drivers/fsl_i2c.c:560:6:I2C_MasterInit	16	static
../drivers/fsl_i2c.c:938:10:I2C_MasterStop	0	static
../drivers/fsl_i2c.c:973:10:I2C_MasterGetStatusFlags	0	static
../drivers/fsl_i2c.c:831:10:I2C_MasterStart	16	static
../drivers/fsl_i2c.c:879:10:I2C_MasterRepeatedStart	16	static
../drivers/fsl_i2c.c:1639:6:I2C_MasterTransferHandleIRQ	24	static
../drivers/fsl_i2c.c:2137:6:I2C_SlaveTransferHandleIRQ	24	static
../drivers/fsl_i2c.c:1008:10:I2C_MasterWriteBlocking	16	static
../drivers/fsl_i2c.c:1112:10:I2C_MasterReadBlocking	24	static
../drivers/fsl_i2c.c:1230:10:I2C_MasterTransferBlocking	24	static
../drivers/fsl_i2c.c:1460:6:I2C_MasterTransferCreateHandle	24	static
../drivers/fsl_i2c.c:1501:10:I2C_MasterTransferNonBlocking	24	static
../drivers/fsl_i2c.c:1539:10:I2C_MasterTransferAbort	0	static
../drivers/fsl_i2c.c:1619:10:I2C_MasterTransferGetCount	0	static
../drivers/fsl_i2c.c:1710:6:I2C_SlaveInit	24	static
../drivers/fsl_i2c.c:1779:6:I2C_SlaveDeinit	0	static
../drivers/fsl_i2c.c:1802:6:I2C_SlaveGetDefaultConfig	8	static
../drivers/fsl_i2c.c:1843:10:I2C_SlaveWriteBlocking	8	static
../drivers/fsl_i2c.c:1898:10:I2C_SlaveReadBlocking	8	static
../drivers/fsl_i2c.c:1991:6:I2C_SlaveTransferCreateHandle	24	static
../drivers/fsl_i2c.c:2041:10:I2C_SlaveTransferNonBlocking	24	static
../drivers/fsl_i2c.c:2083:6:I2C_SlaveTransferAbort	8	static
../drivers/fsl_i2c.c:2109:10:I2C_SlaveTransferGetCount	0	static
../drivers/fsl_i2c.c:2390:6:I2C0_DriverIRQHandler	0	static
../drivers/fsl_i2c.c:2398:6:I2C1_DriverIRQHandler	0	static
../drivers/fsl_i2c.c:2407:6:I2C2_DriverIRQHandler	0	static
