../drivers/fsl_flexcan.c:687:13:FLEXCAN_Reset	16	static
../drivers/fsl_flexcan.c:377:10:FLEXCAN_GetInstance	0	static
../drivers/fsl_flexcan.c:533:6:FLEXCAN_EnterFreezeMode	0	static
../drivers/fsl_flexcan.c:551:6:FLEXCAN_ExitFreezeMode	0	static
../drivers/fsl_flexcan.c:1162:6:FLEXCAN_Deinit	8	static
../drivers/fsl_flexcan.c:1207:6:FLEXCAN_GetDefaultConfig	8	static
../drivers/fsl_flexcan.c:1380:6:FLEXCAN_SetTimingConfig	16	static
../drivers/fsl_flexcan.c:901:6:FLEXCAN_Init	24	static
../drivers/fsl_flexcan.c:1506:6:FLEXCAN_SetRxMbGlobalMask	8	static
../drivers/fsl_flexcan.c:1528:6:FLEXCAN_SetRxFifoGlobalMask	8	static
../drivers/fsl_flexcan.c:1554:6:FLEXCAN_SetRxIndividualMask	8	static
../drivers/fsl_flexcan.c:1580:6:FLEXCAN_SetTxMbConfig	8	static
../drivers/fsl_flexcan.c:1737:6:FLEXCAN_CalculateImprovedTimingValues	36	static
../drivers/fsl_flexcan.c:2271:6:FLEXCAN_SetRxMbConfig	12	static
../drivers/fsl_flexcan.c:2393:6:FLEXCAN_SetRxFifoConfig	24	static
../drivers/fsl_flexcan.c:2766:10:FLEXCAN_WriteTxMb	12	static
../drivers/fsl_flexcan.c:2939:10:FLEXCAN_ReadRxMb	20	static
../drivers/fsl_flexcan.c:3114:10:FLEXCAN_ReadRxFifo	12	static
../drivers/fsl_flexcan.c:3224:10:FLEXCAN_TransferSendBlocking	16	static
../drivers/fsl_flexcan.c:3273:10:FLEXCAN_TransferReceiveBlocking	4	static
../drivers/fsl_flexcan.c:3395:10:FLEXCAN_TransferReceiveFifoBlocking	8	static
../drivers/fsl_flexcan.c:3455:6:FLEXCAN_TransferCreateHandle	24	static
../drivers/fsl_flexcan.c:3540:10:FLEXCAN_TransferSendNonBlocking	16	static
../drivers/fsl_flexcan.c:3604:10:FLEXCAN_TransferReceiveNonBlocking	16	static
../drivers/fsl_flexcan.c:3774:10:FLEXCAN_TransferReceiveFifoNonBlocking	8	static
../drivers/fsl_flexcan.c:3902:6:FLEXCAN_TransferAbortSend	16	static
../drivers/fsl_flexcan.c:4018:6:FLEXCAN_TransferAbortReceive	8	static
../drivers/fsl_flexcan.c:4049:6:FLEXCAN_TransferAbortReceiveFifo	0	static
../drivers/fsl_flexcan.c:4449:6:FLEXCAN_TransferHandleIRQ	56	static
../drivers/fsl_flexcan.c:4120:10:FLEXCAN_GetTimeStamp	0	static
../drivers/fsl_flexcan.c:4504:6:CAN0_DriverIRQHandler	8	static
