../component/osa/fsl_os_abstraction_bm.c:153:18:main_task	0	static
../component/osa/fsl_os_abstraction_bm.c:184:7:OSA_MemoryAllocate	16	static
../component/osa/fsl_os_abstraction_bm.c:202:6:OSA_MemoryFree	0	static
../component/osa/fsl_os_abstraction_bm.c:207:6:OSA_EnterCritical	0	static
../component/osa/fsl_os_abstraction_bm.c:212:6:OSA_ExitCritical	0	static
../component/osa/fsl_os_abstraction_bm.c:223:6:OSA_EnableIRQGlobal	0	static
../component/osa/fsl_os_abstraction_bm.c:244:6:OSA_DisableIRQGlobal	0	static
../component/osa/fsl_os_abstraction_bm.c:465:18:OSA_TimeInit	0	static
../component/osa/fsl_os_abstraction_bm.c:482:22:OSA_TimeDiff	0	static
../component/osa/fsl_os_abstraction_bm.c:500:6:OSA_TimeDelay	0	static
../component/osa/fsl_os_abstraction_bm.c:519:22:OSA_TimeGetMsec	0	static
../component/osa/fsl_os_abstraction_bm.c:535:14:OSA_SemaphoreCreate	0	static
../component/osa/fsl_os_abstraction_bm.c:559:14:OSA_SemaphoreDestroy	8	static
../component/osa/fsl_os_abstraction_bm.c:582:14:OSA_SemaphoreWait	16	static
../component/osa/fsl_os_abstraction_bm.c:651:14:OSA_SemaphorePost	16	static
../component/osa/fsl_os_abstraction_bm.c:676:14:OSA_MutexCreate	0	static
../component/osa/fsl_os_abstraction_bm.c:705:14:OSA_MutexLock	16	static
../component/osa/fsl_os_abstraction_bm.c:771:14:OSA_MutexUnlock	16	static
../component/osa/fsl_os_abstraction_bm.c:789:14:OSA_MutexDestroy	0	static
../component/osa/fsl_os_abstraction_bm.c:806:14:OSA_EventCreate	0	static
../component/osa/fsl_os_abstraction_bm.c:829:14:OSA_EventSet	16	static
../component/osa/fsl_os_abstraction_bm.c:854:14:OSA_EventClear	16	static
../component/osa/fsl_os_abstraction_bm.c:884:14:OSA_EventGet	16	static
../component/osa/fsl_os_abstraction_bm.c:916:14:OSA_EventWait	24	static
../component/osa/fsl_os_abstraction_bm.c:1000:14:OSA_EventDestroy	8	static
../component/osa/fsl_os_abstraction_bm.c:1019:14:OSA_MsgQCreate	0	static
../component/osa/fsl_os_abstraction_bm.c:1041:14:OSA_MsgQPut	16	static
../component/osa/fsl_os_abstraction_bm.c:1100:14:OSA_MsgQGet	24	static
../component/osa/fsl_os_abstraction_bm.c:1191:5:OSA_MsgQAvailableMsgs	0	static
../component/osa/fsl_os_abstraction_bm.c:1206:14:OSA_MsgQDestroy	8	static
../component/osa/fsl_os_abstraction_bm.c:1224:6:OSA_InterruptEnable	0	static
../component/osa/fsl_os_abstraction_bm.c:1234:6:OSA_InterruptDisable	0	static
../component/osa/fsl_os_abstraction_bm.c:1245:6:OSA_InstallIntHandler	0	static
