../utilities/fsl_debug_console.c:424:10:DbgConsole_ReadOneCharacter	24	static
../utilities/fsl_debug_console.c:495:5:DbgConsole_SendData	24	static
../utilities/fsl_debug_console.c:548:5:DbgConsole_SendDataReliable	24	static
../utilities/fsl_debug_console.c:629:5:DbgConsole_ReadLine	24	static
../utilities/fsl_debug_console.c:695:5:DbgConsole_ReadCharacter	24	static
../utilities/fsl_debug_console.c:732:13:DbgConsole_PrintCallback	32	static
../utilities/fsl_debug_console.c:777:10:DbgConsole_Init	64	static
../utilities/fsl_debug_console.c:945:10:DbgConsole_EnterLowpower	16	static
../utilities/fsl_debug_console.c:956:10:DbgConsole_ExitLowpower	16	static
../utilities/fsl_debug_console.c:967:10:DbgConsole_Deinit	8	static
../utilities/fsl_debug_console.c:1010:40:DbgConsole_Flush	4	static
../utilities/fsl_debug_console.c:1049:5:DbgConsole_Printf	16	static
../utilities/fsl_debug_console.c:1062:5:DbgConsole_Vprintf	152	static
../utilities/fsl_debug_console.c:1078:5:DbgConsole_Putchar	16	static
../utilities/fsl_debug_console.c:1085:5:DbgConsole_Scanf	40	static
../utilities/fsl_debug_console.c:1104:5:DbgConsole_BlockingPrintf	16	static
../utilities/fsl_debug_console.c:1117:5:DbgConsole_BlockingVprintf	160	static
../utilities/fsl_debug_console.c:1186:5:DbgConsole_Getchar	16	static
