../source/test_usb.c:254:13:flexcan_callback	0	static
../source/test_usb.c:308:6:DecodeRFIDSensor	0	static
../source/test_usb.c:238:6:DecodeCANMessage	0	static
../source/test_usb.c:326:6:DecodeMagneticSensor	0	static
../source/test_usb.c:429:6:RecibirDatos	0	static
../source/test_usb.c:438:6:UpdateChecksum	0	static
../source/test_usb.c:446:6:CheckBytesLeft	0	static
../source/test_usb.c:455:6:CheckChecksumAndReceiveData	0	static
../source/test_usb.c:348:6:Decode	8	static
../source/test_usb.c:463:6:EnviarDatos	8	static
../source/test_usb.c:141:5:main	8	static
../source/test_usb.c:497:6:PIT0_IRQHandler	0	static
