../source/test_usb.c:274:13:flexcan_callback	0	static
../source/test_usb.c:328:6:DecodeRFIDSensor	0	static
../source/test_usb.c:346:6:DecodeMagneticSensor	0	static
../source/test_usb.c:250:6:DecodeCANMessage	0	static
../source/test_usb.c:449:6:RecibirDatos	0	static
../source/test_usb.c:458:6:UpdateChecksum	0	static
../source/test_usb.c:466:6:CheckBytesLeft	0	static
../source/test_usb.c:475:6:CheckChecksumAndReceiveData	0	static
../source/test_usb.c:368:6:Decode	8	static
../source/test_usb.c:483:6:EnviarDatos	8	static
../source/test_usb.c:515:6:CreateCANMessage	0	static
../source/test_usb.c:150:5:main	8	static
../source/test_usb.c:537:6:PIT0_IRQHandler	0	static
