../source/usb_device_interface_0_cic_vcom.c:159:6:USB_DeviceInterface0CicVcomTask	24	static
../source/usb_device_interface_0_cic_vcom.c:236:14:USB_DeviceInterface0CicVcomCallback	16	static
../source/usb_device_interface_0_cic_vcom.c:493:14:USB_DeviceInterface0CicVcomSetConfiguration	8	static
../source/usb_device_interface_0_cic_vcom.c:509:14:USB_DeviceInterface0CicVcomSetInterface	0	static
../source/usb_device_interface_0_cic_vcom.c:521:14:USB_DeviceInterface1DicVcomSetInterface	0	static
../source/usb_device_interface_0_cic_vcom.c:532:14:USB_DeviceInterface0CicVcomInit	0	static
