C:\Users\Lauta\Documents\MCUXpressoIDE_11.6.1_8255\workspace\test_usb (2)\usb_config\CMSIS/core_cm4.h:1679:22:__NVIC_EnableIRQ	16	static
../drivers/fsl_clock.h:668:20:CLOCK_EnableClock	24	static
../drivers/fsl_clock.h:679:20:CLOCK_DisableClock	24	static
../drivers/fsl_common_arm.h:499:24:EnableIRQ	24	static
../drivers/fsl_i2c.h:385:20:I2C_Enable	16	static
../drivers/fsl_i2c.h:418:24:I2C_SlaveGetStatusFlags	16	static
../drivers/fsl_i2c.h:436:20:I2C_MasterClearStatusFlags	16	static
../drivers/fsl_i2c.h:471:20:I2C_SlaveClearStatusFlags	16	static
../drivers/fsl_i2c.c:145:10:I2C_GetInstance	24	static
../drivers/fsl_i2c.c:163:13:I2C_SetHoldTime	56	static
../drivers/fsl_i2c.c:231:17:I2C_InitTransferStateMachine	40	static
../drivers/fsl_i2c.c:309:17:I2C_CheckAndClearError	24	static
../drivers/fsl_i2c.c:333:17:I2C_MasterTransferRunStateMachine	40	static
../drivers/fsl_i2c.c:518:13:I2C_TransferCommonIRQHandler	24	static
../drivers/fsl_i2c.c:560:6:I2C_MasterInit	32	static
../drivers/fsl_i2c.c:628:6:I2C_MasterDeinit	16	static
../drivers/fsl_i2c.c:652:6:I2C_MasterGetDefaultConfig	16	static
../drivers/fsl_i2c.c:689:6:I2C_EnableInterrupts	24	static
../drivers/fsl_i2c.c:739:6:I2C_DisableInterrupts	16	static
../drivers/fsl_i2c.c:768:6:I2C_MasterSetBaudRate	56	static
../drivers/fsl_i2c.c:831:10:I2C_MasterStart	24	static
../drivers/fsl_i2c.c:879:10:I2C_MasterRepeatedStart	32	static
../drivers/fsl_i2c.c:938:10:I2C_MasterStop	24	static
../drivers/fsl_i2c.c:973:10:I2C_MasterGetStatusFlags	24	static
../drivers/fsl_i2c.c:1008:10:I2C_MasterWriteBlocking	32	static
../drivers/fsl_i2c.c:1112:10:I2C_MasterReadBlocking	32	static
../drivers/fsl_i2c.c:1230:10:I2C_MasterTransferBlocking	48	static
../drivers/fsl_i2c.c:1460:6:I2C_MasterTransferCreateHandle	32	static
../drivers/fsl_i2c.c:1501:10:I2C_MasterTransferNonBlocking	32	static
../drivers/fsl_i2c.c:1539:10:I2C_MasterTransferAbort	16	static
../drivers/fsl_i2c.c:1619:10:I2C_MasterTransferGetCount	24	static
../drivers/fsl_i2c.c:1639:6:I2C_MasterTransferHandleIRQ	40	static
../drivers/fsl_i2c.c:1710:6:I2C_SlaveInit	32	static
../drivers/fsl_i2c.c:1779:6:I2C_SlaveDeinit	16	static
../drivers/fsl_i2c.c:1802:6:I2C_SlaveGetDefaultConfig	16	static
../drivers/fsl_i2c.c:1843:10:I2C_SlaveWriteBlocking	32	static
../drivers/fsl_i2c.c:1898:10:I2C_SlaveReadBlocking	32	static
../drivers/fsl_i2c.c:1991:6:I2C_SlaveTransferCreateHandle	32	static
../drivers/fsl_i2c.c:2041:10:I2C_SlaveTransferNonBlocking	24	static
../drivers/fsl_i2c.c:2083:6:I2C_SlaveTransferAbort	16	static
../drivers/fsl_i2c.c:2109:10:I2C_SlaveTransferGetCount	24	static
../drivers/fsl_i2c.c:2137:6:I2C_SlaveTransferHandleIRQ	40	static
../drivers/fsl_i2c.c:2390:6:I2C0_DriverIRQHandler	8	static
../drivers/fsl_i2c.c:2398:6:I2C1_DriverIRQHandler	8	static
../drivers/fsl_i2c.c:2407:6:I2C2_DriverIRQHandler	8	static
