C:\Users\Lauta\Documents\MCUXpressoIDE_11.6.1_8255\workspace\usb_config\CMSIS/core_cm4.h:1679:22:__NVIC_EnableIRQ	16	static
../drivers/fsl_clock.h:668:20:CLOCK_EnableClock	24	static
../drivers/fsl_clock.h:679:20:CLOCK_DisableClock	24	static
../drivers/fsl_common_arm.h:499:24:EnableIRQ	24	static
../drivers/fsl_common_arm.h:579:24:DisableGlobalIRQ	16	static
../drivers/fsl_common_arm.h:606:20:EnableGlobalIRQ	24	static
../drivers/fsl_uart.h:396:20:UART_Set9thTransmitBit	16	static
../drivers/fsl_uart.h:406:20:UART_Clear9thTransmitBit	16	static
../drivers/fsl_uart.h:653:20:UART_WriteByte	16	static
../drivers/fsl_uart.c:128:10:UART_GetInstance	24	static
../drivers/fsl_uart.c:153:8:UART_TransferGetRxRingBufferLength	24	static
../drivers/fsl_uart.c:173:13:UART_TransferIsRxRingBufferFull	24	static
../drivers/fsl_uart.c:213:10:UART_Init	48	static
../drivers/fsl_uart.c:358:6:UART_Deinit	16	static
../drivers/fsl_uart.c:397:6:UART_GetDefaultConfig	16	static
../drivers/fsl_uart.c:437:10:UART_SetBaudRate	48	static
../drivers/fsl_uart.c:513:6:UART_Enable9bitMode	24	static
../drivers/fsl_uart.c:540:6:UART_SendAddress	16	static
../drivers/fsl_uart.c:566:6:UART_EnableInterrupts	16	static
../drivers/fsl_uart.c:594:6:UART_DisableInterrupts	16	static
../drivers/fsl_uart.c:629:10:UART_GetEnabledInterrupts	24	static
../drivers/fsl_uart.c:661:10:UART_GetStatusFlags	24	static
../drivers/fsl_uart.c:696:10:UART_ClearStatusFlags	24	static
../drivers/fsl_uart.c:756:10:UART_WriteBlocking	24	static
../drivers/fsl_uart.c:798:13:UART_WriteNonBlocking	32	static
../drivers/fsl_uart.c:828:10:UART_ReadBlocking	32	static
../drivers/fsl_uart.c:906:13:UART_ReadNonBlocking	32	static
../drivers/fsl_uart.c:932:6:UART_TransferCreateHandle	32	static
../drivers/fsl_uart.c:980:6:UART_TransferStartRingBuffer	32	static
../drivers/fsl_uart.c:1012:6:UART_TransferStopRingBuffer	24	static
../drivers/fsl_uart.c:1056:10:UART_TransferSendNonBlocking	32	static
../drivers/fsl_uart.c:1099:6:UART_TransferAbortSend	24	static
../drivers/fsl_uart.c:1124:10:UART_TransferGetSendCount	24	static
../drivers/fsl_uart.c:1175:10:UART_TransferReceiveNonBlocking	56	static
../drivers/fsl_uart.c:1320:6:UART_TransferAbortReceive	24	static
../drivers/fsl_uart.c:1357:10:UART_TransferGetReceiveCount	24	static
../drivers/fsl_uart.c:1388:10:UART_EnableTxFIFO	24	static
../drivers/fsl_uart.c:1433:10:UART_EnableRxFIFO	24	static
../drivers/fsl_uart.c:1476:6:UART_TransferHandleIRQ	48	static
../drivers/fsl_uart.c:1802:6:UART_TransferHandleErrorIRQ	16	static
../drivers/fsl_uart.c:1837:6:UART0_DriverIRQHandler	8	static
../drivers/fsl_uart.c:1844:6:UART0_RX_TX_DriverIRQHandler	8	static
../drivers/fsl_uart.c:1854:6:UART1_DriverIRQHandler	8	static
../drivers/fsl_uart.c:1861:6:UART1_RX_TX_DriverIRQHandler	8	static
../drivers/fsl_uart.c:1884:6:UART2_DriverIRQHandler	8	static
../drivers/fsl_uart.c:1891:6:UART2_RX_TX_DriverIRQHandler	8	static
../drivers/fsl_uart.c:1900:6:UART3_DriverIRQHandler	8	static
../drivers/fsl_uart.c:1907:6:UART3_RX_TX_DriverIRQHandler	8	static
../drivers/fsl_uart.c:1918:6:UART4_DriverIRQHandler	8	static
../drivers/fsl_uart.c:1925:6:UART4_RX_TX_DriverIRQHandler	8	static
../drivers/fsl_uart.c:1934:6:UART5_DriverIRQHandler	8	static
../drivers/fsl_uart.c:1941:6:UART5_RX_TX_DriverIRQHandler	8	static
