C:\Users\wen_c\Documents\MCUXpressoIDE_11.6.1_8255\workspace\test_usb\drivers/fsl_gpio.h:162:20:GPIO_PinWrite	24	static
C:\Users\wen_c\Documents\MCUXpressoIDE_11.6.1_8255\workspace\test_usb\drivers/fsl_gpio.h:221:20:GPIO_PortToggle	16	static
C:\Users\wen_c\Documents\MCUXpressoIDE_11.6.1_8255\workspace\test_usb\drivers/fsl_pit.h:207:24:PIT_GetStatusFlags	16	static
C:\Users\wen_c\Documents\MCUXpressoIDE_11.6.1_8255\workspace\test_usb\drivers/fsl_pit.h:220:20:PIT_ClearStatusFlags	24	static
../source/test_usb.c:206:5:main	8	static
../source/test_usb.c:317:6:workingmode	16	static
../source/test_usb.c:343:6:DecodeCANMessage	8	static
../source/test_usb.c:380:13:flexcan_callback	24	static
../source/test_usb.c:435:6:DecodeRFIDSensor	8	static
../source/test_usb.c:453:6:DecodeMagneticSensor	4	static
../source/test_usb.c:475:6:Decode	8	static
../source/test_usb.c:562:6:RecibirDatos	32	static
../source/test_usb.c:643:6:UpdateChecksum	4	static
../source/test_usb.c:668:6:EnviarDatos	24	static
../source/test_usb.c:736:6:CreateCANMessage	16	static
../source/test_usb.c:779:6:ChargeToCANBuf	24	static
../source/test_usb.c:814:6:ActionQT	8	static
../source/test_usb.c:894:6:PIT0_IRQHandler	16	static
