C:\Users\Lauta\Documents\MCUXpressoIDE_11.6.1_8255\workspace\test_usb\drivers/fsl_gpio.h:221:20:GPIO_PortToggle	16	static
C:\Users\Lauta\Documents\MCUXpressoIDE_11.6.1_8255\workspace\test_usb\drivers/fsl_pit.h:207:24:PIT_GetStatusFlags	16	static
C:\Users\Lauta\Documents\MCUXpressoIDE_11.6.1_8255\workspace\test_usb\drivers/fsl_pit.h:220:20:PIT_ClearStatusFlags	24	static
../source/test_usb.c:100:5:main	8	static
../source/test_usb.c:150:6:Decode	8	static
../source/test_usb.c:232:6:RecibirDatos	16	static
../source/test_usb.c:241:6:EnviarDatos	24	static
../source/test_usb.c:275:6:PIT0_IRQHandler	16	static
