C:\Users\wen_c\Documents\MCUXpressoIDE_11.6.1_8255\workspace\new\AGV-MICRO\drivers/fsl_gpio.h:162:20:GPIO_PinWrite	24	static
C:\Users\wen_c\Documents\MCUXpressoIDE_11.6.1_8255\workspace\new\AGV-MICRO\drivers/fsl_gpio.h:221:20:GPIO_PortToggle	16	static
C:\Users\wen_c\Documents\MCUXpressoIDE_11.6.1_8255\workspace\new\AGV-MICRO\drivers/fsl_pit.h:207:24:PIT_GetStatusFlags	16	static
C:\Users\wen_c\Documents\MCUXpressoIDE_11.6.1_8255\workspace\new\AGV-MICRO\drivers/fsl_pit.h:220:20:PIT_ClearStatusFlags	24	static
../source/usb_config.c:211:5:main	8	static
../source/usb_config.c:315:6:workingmode	16	static
../source/usb_config.c:372:6:DecodeCANMessage	8	static
../source/usb_config.c:413:13:flexcan_callback	24	static
../source/usb_config.c:468:6:DecodeRFIDSensor	8	static
../source/usb_config.c:486:6:DecodeMagneticSensor	4	static
../source/usb_config.c:508:6:Decode	8	static
../source/usb_config.c:601:6:RecibirDatos	32	static
../source/usb_config.c:689:6:UpdateChecksum	4	static
../source/usb_config.c:714:6:EnviarDatos	24	static
../source/usb_config.c:782:6:CreateCANMessage	16	static
../source/usb_config.c:825:6:ChargeToCANBuf	24	static
../source/usb_config.c:860:6:ActionQT	8	static
../source/usb_config.c:932:6:SpeedMotorControl	8	static
../source/usb_config.c:952:10:speedConvertionRPMtoDEC	24	static
../source/usb_config.c:958:7:speedControlCalc	32	static
../source/usb_config.c:971:6:SteeringMotorControl	24	static
../source/usb_config.c:1011:9:positionConvert	24	static
../source/usb_config.c:1017:6:PositionMotorControl	8	static
../source/usb_config.c:1033:6:PIT0_IRQHandler	16	static
