C:\Users\wen_c\Documents\MCUXpressoIDE_11.6.1_8255\workspace\new\AGV-MICRO\drivers/fsl_gpio.h:162:20:GPIO_PinWrite	24	static
C:\Users\wen_c\Documents\MCUXpressoIDE_11.6.1_8255\workspace\new\AGV-MICRO\drivers/fsl_gpio.h:221:20:GPIO_PortToggle	16	static
C:\Users\wen_c\Documents\MCUXpressoIDE_11.6.1_8255\workspace\new\AGV-MICRO\drivers/fsl_pit.h:207:24:PIT_GetStatusFlags	16	static
C:\Users\wen_c\Documents\MCUXpressoIDE_11.6.1_8255\workspace\new\AGV-MICRO\drivers/fsl_pit.h:220:20:PIT_ClearStatusFlags	24	static
../source/usb_config.c:256:5:main	8	static
../source/usb_config.c:374:6:workingmode	16	static
../source/usb_config.c:447:6:DecodeCANMessage	8	static
../source/usb_config.c:526:13:flexcan_callback	24	static
../source/usb_config.c:581:6:DecodeRFIDSensor	8	static
../source/usb_config.c:601:6:DecodeMagneticSensor	4	static
../source/usb_config.c:623:6:Decode	8	static
../source/usb_config.c:716:6:RecibirDatos	32	static
../source/usb_config.c:817:6:UpdateChecksum	4	static
../source/usb_config.c:842:6:EnviarDatos	24	static
../source/usb_config.c:947:6:CreateCANMessage	16	static
../source/usb_config.c:993:6:ChargeToCANBuf	24	static
../source/usb_config.c:1028:6:ActionQT	8	static
../source/usb_config.c:1100:6:BrakeControl	16	static
../source/usb_config.c:1134:6:SpeedMotorControl	8	static
../source/usb_config.c:1154:10:speedConvertionRPMtoDEC	24	static
../source/usb_config.c:1160:7:speedControlCalc	32	static
../source/usb_config.c:1173:6:SteeringMotorControl	24	static
../source/usb_config.c:1222:9:positionConvert	24	static
../source/usb_config.c:1228:6:PositionMotorControl	8	static
../source/usb_config.c:1246:6:checkDeviceConnection	4	static
../source/usb_config.c:1257:6:CheckFaults	4	static
../source/usb_config.c:1262:6:PIT0_IRQHandler	16	static
