C:\Users\wen_c\Documents\MCUXpressoIDE_11.6.1_8255\workspace\new\AGV-MICRO\drivers/fsl_gpio.h:162:20:GPIO_PinWrite	24	static
C:\Users\wen_c\Documents\MCUXpressoIDE_11.6.1_8255\workspace\new\AGV-MICRO\drivers/fsl_gpio.h:206:20:GPIO_PortClear	16	static
C:\Users\wen_c\Documents\MCUXpressoIDE_11.6.1_8255\workspace\new\AGV-MICRO\drivers/fsl_gpio.h:221:20:GPIO_PortToggle	16	static
C:\Users\wen_c\Documents\MCUXpressoIDE_11.6.1_8255\workspace\new\AGV-MICRO\drivers/fsl_pit.h:207:24:PIT_GetStatusFlags	16	static
C:\Users\wen_c\Documents\MCUXpressoIDE_11.6.1_8255\workspace\new\AGV-MICRO\drivers/fsl_pit.h:220:20:PIT_ClearStatusFlags	24	static
../source/usb_config.c:295:5:main	16	static
../source/usb_config.c:417:6:workingmode	16	static
../source/usb_config.c:478:6:DecodeCANMessage	8	static
../source/usb_config.c:572:13:flexcan_callback	24	static
../source/usb_config.c:644:6:DecodeRFIDSensor	8	static
../source/usb_config.c:671:6:DecodeMagneticSensor	4	static
../source/usb_config.c:693:6:Decode	8	static
../source/usb_config.c:786:6:RecibirDatos	32	static
../source/usb_config.c:925:6:UpdateChecksum	4	static
../source/usb_config.c:950:6:EnviarDatos	24	static
../source/usb_config.c:1067:6:CreateCANMessage	16	static
../source/usb_config.c:1125:6:ChargeToCanBUF	32	static
../source/usb_config.c:1179:6:ActionQT	8	static
../source/usb_config.c:1251:6:BrakeControl	4	static
../source/usb_config.c:1272:6:SpeedMotorControl	8	static
../source/usb_config.c:1310:10:speedConvertionRPMtoDEC	24	static
../source/usb_config.c:1316:7:speedControlCalc	32	static
../source/usb_config.c:1329:6:SteeringMotorControl	24	static
../source/usb_config.c:1378:9:positionConvert	24	static
../source/usb_config.c:1384:6:PositionMotorControl	8	static
../source/usb_config.c:1402:6:checkDeviceConnection	8	static
../source/usb_config.c:1416:6:CheckFaults	4	static
../source/usb_config.c:1420:6:InitCAN	8	static
../source/usb_config.c:1477:6:PIT0_IRQHandler	16	static
