C:\Users\Lauta\Documents\MCUXpressoIDE_11.6.1_8255\workspace\usb_config\drivers/fsl_gpio.h:162:20:GPIO_PinWrite	24	static
C:\Users\Lauta\Documents\MCUXpressoIDE_11.6.1_8255\workspace\usb_config\drivers/fsl_gpio.h:221:20:GPIO_PortToggle	16	static
C:\Users\Lauta\Documents\MCUXpressoIDE_11.6.1_8255\workspace\usb_config\drivers/fsl_pit.h:207:24:PIT_GetStatusFlags	16	static
C:\Users\Lauta\Documents\MCUXpressoIDE_11.6.1_8255\workspace\usb_config\drivers/fsl_pit.h:220:20:PIT_ClearStatusFlags	24	static
../source/usb_config.c:174:5:main	8	static
../source/usb_config.c:274:6:workingmode	16	static
../source/usb_config.c:300:6:DecodeCANMessage	8	static
../source/usb_config.c:337:13:flexcan_callback	24	static
../source/usb_config.c:392:6:DecodeRFIDSensor	8	static
../source/usb_config.c:410:6:DecodeMagneticSensor	4	static
../source/usb_config.c:432:6:Decode	8	static
../source/usb_config.c:525:6:RecibirDatos	32	static
../source/usb_config.c:597:6:UpdateChecksum	4	static
../source/usb_config.c:622:6:EnviarDatos	24	static
../source/usb_config.c:690:6:CreateCANMessage	16	static
../source/usb_config.c:727:6:ChargeToCANBuf	24	static
../source/usb_config.c:762:6:ActionQT	8	static
../source/usb_config.c:835:6:PIT0_IRQHandler	16	static
