C:\Users\wen_c\Documents\MCUXpressoIDE_11.6.1_8255\workspace\new\AGV-MICRO\drivers/fsl_gpio.h:162:20:GPIO_PinWrite	24	static
C:\Users\wen_c\Documents\MCUXpressoIDE_11.6.1_8255\workspace\new\AGV-MICRO\drivers/fsl_gpio.h:221:20:GPIO_PortToggle	16	static
C:\Users\wen_c\Documents\MCUXpressoIDE_11.6.1_8255\workspace\new\AGV-MICRO\drivers/fsl_pit.h:207:24:PIT_GetStatusFlags	16	static
C:\Users\wen_c\Documents\MCUXpressoIDE_11.6.1_8255\workspace\new\AGV-MICRO\drivers/fsl_pit.h:220:20:PIT_ClearStatusFlags	24	static
../source/usb_config.c:263:5:main	8	static
../source/usb_config.c:382:6:workingmode	16	static
../source/usb_config.c:470:6:DecodeCANMessage	8	static
../source/usb_config.c:564:13:flexcan_callback	24	static
../source/usb_config.c:619:6:DecodeRFIDSensor	8	static
../source/usb_config.c:639:6:DecodeMagneticSensor	4	static
../source/usb_config.c:661:6:Decode	8	static
../source/usb_config.c:754:6:RecibirDatos	32	static
../source/usb_config.c:862:6:UpdateChecksum	4	static
../source/usb_config.c:887:6:EnviarDatos	24	static
../source/usb_config.c:992:6:CreateCANMessage	16	static
../source/usb_config.c:1044:6:ChargeToCANBuf	24	static
../source/usb_config.c:1096:6:ActionQT	8	static
../source/usb_config.c:1168:6:BrakeControl	16	static
../source/usb_config.c:1202:6:SpeedMotorControl	8	static
../source/usb_config.c:1222:10:speedConvertionRPMtoDEC	24	static
../source/usb_config.c:1228:7:speedControlCalc	32	static
../source/usb_config.c:1241:6:SteeringMotorControl	24	static
../source/usb_config.c:1290:9:positionConvert	24	static
../source/usb_config.c:1296:6:PositionMotorControl	8	static
../source/usb_config.c:1314:6:checkDeviceConnection	4	static
../source/usb_config.c:1325:6:CheckFaults	4	static
../source/usb_config.c:1330:6:PIT0_IRQHandler	16	static
