C:\Users\wen_c\Documents\MCUXpressoIDE_11.6.1_8255\workspace\new\AGV-MICRO\drivers/fsl_gpio.h:162:20:GPIO_PinWrite	24	static
C:\Users\wen_c\Documents\MCUXpressoIDE_11.6.1_8255\workspace\new\AGV-MICRO\drivers/fsl_gpio.h:221:20:GPIO_PortToggle	16	static
C:\Users\wen_c\Documents\MCUXpressoIDE_11.6.1_8255\workspace\new\AGV-MICRO\drivers/fsl_pit.h:207:24:PIT_GetStatusFlags	16	static
C:\Users\wen_c\Documents\MCUXpressoIDE_11.6.1_8255\workspace\new\AGV-MICRO\drivers/fsl_pit.h:220:20:PIT_ClearStatusFlags	24	static
../source/usb_config.c:214:5:main	8	static
../source/usb_config.c:323:6:workingmode	16	static
../source/usb_config.c:396:6:DecodeCANMessage	8	static
../source/usb_config.c:445:13:flexcan_callback	24	static
../source/usb_config.c:500:6:DecodeRFIDSensor	8	static
../source/usb_config.c:520:6:DecodeMagneticSensor	4	static
../source/usb_config.c:542:6:Decode	8	static
../source/usb_config.c:635:6:RecibirDatos	32	static
../source/usb_config.c:736:6:UpdateChecksum	4	static
../source/usb_config.c:761:6:EnviarDatos	24	static
../source/usb_config.c:829:6:CreateCANMessage	16	static
../source/usb_config.c:875:6:ChargeToCANBuf	24	static
../source/usb_config.c:910:6:ActionQT	8	static
../source/usb_config.c:982:6:BrakeControl	16	static
../source/usb_config.c:1016:6:SpeedMotorControl	8	static
../source/usb_config.c:1036:10:speedConvertionRPMtoDEC	24	static
../source/usb_config.c:1042:7:speedControlCalc	32	static
../source/usb_config.c:1055:6:SteeringMotorControl	24	static
../source/usb_config.c:1104:9:positionConvert	24	static
../source/usb_config.c:1110:6:PositionMotorControl	8	static
../source/usb_config.c:1129:6:PIT0_IRQHandler	16	static
