C:\Users\wen_c\Documents\MCUXpressoIDE_11.6.1_8255\workspace\new\AGV-MICRO\drivers/fsl_gpio.h:162:20:GPIO_PinWrite	24	static
C:\Users\wen_c\Documents\MCUXpressoIDE_11.6.1_8255\workspace\new\AGV-MICRO\drivers/fsl_gpio.h:221:20:GPIO_PortToggle	16	static
C:\Users\wen_c\Documents\MCUXpressoIDE_11.6.1_8255\workspace\new\AGV-MICRO\drivers/fsl_pit.h:207:24:PIT_GetStatusFlags	16	static
C:\Users\wen_c\Documents\MCUXpressoIDE_11.6.1_8255\workspace\new\AGV-MICRO\drivers/fsl_pit.h:220:20:PIT_ClearStatusFlags	24	static
../source/usb_config.c:284:5:main	16	static
../source/usb_config.c:426:6:workingmode	16	static
../source/usb_config.c:485:6:DecodeCANMessage	8	static
../source/usb_config.c:571:13:flexcan_callback	24	static
../source/usb_config.c:626:6:DecodeRFIDSensor	8	static
../source/usb_config.c:653:6:DecodeMagneticSensor	4	static
../source/usb_config.c:675:6:Decode	8	static
../source/usb_config.c:768:6:RecibirDatos	32	static
../source/usb_config.c:912:6:UpdateChecksum	4	static
../source/usb_config.c:937:6:EnviarDatos	24	static
../source/usb_config.c:1107:6:CreateCANMessage	16	static
../source/usb_config.c:1159:6:ChargeToCanBUF	32	static
../source/usb_config.c:1265:6:ActionQT	8	static
../source/usb_config.c:1337:6:BrakeControl	4	static
../source/usb_config.c:1358:6:SpeedMotorControl	8	static
../source/usb_config.c:1396:10:speedConvertionRPMtoDEC	24	static
../source/usb_config.c:1402:7:speedControlCalc	32	static
../source/usb_config.c:1415:6:SteeringMotorControl	24	static
../source/usb_config.c:1464:9:positionConvert	24	static
../source/usb_config.c:1470:6:PositionMotorControl	8	static
../source/usb_config.c:1488:6:checkDeviceConnection	4	static
../source/usb_config.c:1499:6:CheckFaults	4	static
../source/usb_config.c:1504:6:PIT0_IRQHandler	16	static
