C:\Users\wen_c\Documents\MCUXpressoIDE_11.6.1_8255\workspace\new\AGV-MICRO\drivers/fsl_gpio.h:162:20:GPIO_PinWrite	24	static
C:\Users\wen_c\Documents\MCUXpressoIDE_11.6.1_8255\workspace\new\AGV-MICRO\drivers/fsl_gpio.h:221:20:GPIO_PortToggle	16	static
C:\Users\wen_c\Documents\MCUXpressoIDE_11.6.1_8255\workspace\new\AGV-MICRO\drivers/fsl_pit.h:207:24:PIT_GetStatusFlags	16	static
C:\Users\wen_c\Documents\MCUXpressoIDE_11.6.1_8255\workspace\new\AGV-MICRO\drivers/fsl_pit.h:220:20:PIT_ClearStatusFlags	24	static
../source/usb_config.c:212:5:main	8	static
../source/usb_config.c:316:6:workingmode	16	static
../source/usb_config.c:385:6:DecodeCANMessage	8	static
../source/usb_config.c:429:13:flexcan_callback	24	static
../source/usb_config.c:484:6:DecodeRFIDSensor	8	static
../source/usb_config.c:502:6:DecodeMagneticSensor	4	static
../source/usb_config.c:524:6:Decode	8	static
../source/usb_config.c:617:6:RecibirDatos	32	static
../source/usb_config.c:705:6:UpdateChecksum	4	static
../source/usb_config.c:730:6:EnviarDatos	24	static
../source/usb_config.c:798:6:CreateCANMessage	16	static
../source/usb_config.c:844:6:ChargeToCANBuf	24	static
../source/usb_config.c:879:6:ActionQT	8	static
../source/usb_config.c:951:6:SpeedMotorControl	8	static
../source/usb_config.c:971:10:speedConvertionRPMtoDEC	24	static
../source/usb_config.c:977:7:speedControlCalc	32	static
../source/usb_config.c:990:6:SteeringMotorControl	24	static
../source/usb_config.c:1038:9:positionConvert	24	static
../source/usb_config.c:1044:6:PositionMotorControl	8	static
../source/usb_config.c:1063:6:PIT0_IRQHandler	16	static
