C:\Users\wen_c\Documents\MCUXpressoIDE_11.6.1_8255\workspace\new\AGV-MICRO\drivers/fsl_gpio.h:162:20:GPIO_PinWrite	24	static
C:\Users\wen_c\Documents\MCUXpressoIDE_11.6.1_8255\workspace\new\AGV-MICRO\drivers/fsl_gpio.h:221:20:GPIO_PortToggle	16	static
C:\Users\wen_c\Documents\MCUXpressoIDE_11.6.1_8255\workspace\new\AGV-MICRO\drivers/fsl_pit.h:207:24:PIT_GetStatusFlags	16	static
C:\Users\wen_c\Documents\MCUXpressoIDE_11.6.1_8255\workspace\new\AGV-MICRO\drivers/fsl_pit.h:220:20:PIT_ClearStatusFlags	24	static
../source/usb_config.c:213:5:main	8	static
../source/usb_config.c:322:6:workingmode	16	static
../source/usb_config.c:391:6:DecodeCANMessage	8	static
../source/usb_config.c:435:13:flexcan_callback	24	static
../source/usb_config.c:490:6:DecodeRFIDSensor	8	static
../source/usb_config.c:508:6:DecodeMagneticSensor	4	static
../source/usb_config.c:530:6:Decode	8	static
../source/usb_config.c:623:6:RecibirDatos	32	static
../source/usb_config.c:724:6:UpdateChecksum	4	static
../source/usb_config.c:749:6:EnviarDatos	24	static
../source/usb_config.c:817:6:CreateCANMessage	16	static
../source/usb_config.c:863:6:ChargeToCANBuf	24	static
../source/usb_config.c:898:6:ActionQT	8	static
../source/usb_config.c:970:6:SpeedMotorControl	8	static
../source/usb_config.c:990:10:speedConvertionRPMtoDEC	24	static
../source/usb_config.c:996:7:speedControlCalc	32	static
../source/usb_config.c:1009:6:SteeringMotorControl	24	static
../source/usb_config.c:1053:9:positionConvert	24	static
../source/usb_config.c:1059:6:PositionMotorControl	8	static
../source/usb_config.c:1078:6:PIT0_IRQHandler	16	static
