C:\Users\wen_c\Documents\MCUXpressoIDE_11.6.1_8255\workspace\new\AGV-MICRO\drivers/fsl_gpio.h:162:20:GPIO_PinWrite	24	static
C:\Users\wen_c\Documents\MCUXpressoIDE_11.6.1_8255\workspace\new\AGV-MICRO\drivers/fsl_gpio.h:221:20:GPIO_PortToggle	16	static
C:\Users\wen_c\Documents\MCUXpressoIDE_11.6.1_8255\workspace\new\AGV-MICRO\drivers/fsl_pit.h:207:24:PIT_GetStatusFlags	16	static
C:\Users\wen_c\Documents\MCUXpressoIDE_11.6.1_8255\workspace\new\AGV-MICRO\drivers/fsl_pit.h:220:20:PIT_ClearStatusFlags	24	static
../source/usb_config.c:298:5:main	16	static
../source/usb_config.c:441:6:workingmode	16	static
../source/usb_config.c:522:6:DecodeCANMessage	8	static
../source/usb_config.c:616:13:flexcan_callback	24	static
../source/usb_config.c:671:6:DecodeRFIDSensor	8	static
../source/usb_config.c:698:6:DecodeMagneticSensor	8	static
../source/usb_config.c:728:6:Decode	8	static
../source/usb_config.c:821:6:RecibirDatos	32	static
../source/usb_config.c:999:6:UpdateChecksum	4	static
../source/usb_config.c:1024:6:EnviarDatos	32	static
../source/usb_config.c:1224:6:CreateCANMessage	16	static
../source/usb_config.c:1276:6:ChargeToCanBUF	32	static
../source/usb_config.c:1382:6:ActionQT	8	static
../source/usb_config.c:1454:6:BrakeControl	8	static
../source/usb_config.c:1477:6:SpeedMotorControl	8	static
../source/usb_config.c:1515:10:speedConvertionRPMtoDEC	24	static
../source/usb_config.c:1521:7:speedControlCalc	32	static
../source/usb_config.c:1534:6:SteeringMotorControl	24	static
../source/usb_config.c:1583:9:positionConvert	24	static
../source/usb_config.c:1589:6:PositionMotorControl	8	static
../source/usb_config.c:1607:6:checkDeviceConnection	4	static
../source/usb_config.c:1618:6:CheckFaults	4	static
../source/usb_config.c:1623:6:PIT0_IRQHandler	16	static
