C:\Users\wen_c\Documents\MCUXpressoIDE_11.6.1_8255\workspace\new\AGV-MICRO\drivers/fsl_gpio.h:162:20:GPIO_PinWrite	24	static
C:\Users\wen_c\Documents\MCUXpressoIDE_11.6.1_8255\workspace\new\AGV-MICRO\drivers/fsl_gpio.h:221:20:GPIO_PortToggle	16	static
C:\Users\wen_c\Documents\MCUXpressoIDE_11.6.1_8255\workspace\new\AGV-MICRO\drivers/fsl_pit.h:207:24:PIT_GetStatusFlags	16	static
C:\Users\wen_c\Documents\MCUXpressoIDE_11.6.1_8255\workspace\new\AGV-MICRO\drivers/fsl_pit.h:220:20:PIT_ClearStatusFlags	24	static
../source/usb_config.c:194:5:main	8	static
../source/usb_config.c:294:6:workingmode	16	static
../source/usb_config.c:341:6:DecodeCANMessage	8	static
../source/usb_config.c:381:13:flexcan_callback	24	static
../source/usb_config.c:436:6:DecodeRFIDSensor	8	static
../source/usb_config.c:454:6:DecodeMagneticSensor	4	static
../source/usb_config.c:476:6:Decode	8	static
../source/usb_config.c:569:6:RecibirDatos	32	static
../source/usb_config.c:641:6:UpdateChecksum	4	static
../source/usb_config.c:666:6:EnviarDatos	24	static
../source/usb_config.c:734:6:CreateCANMessage	16	static
../source/usb_config.c:777:6:ChargeToCANBuf	24	static
../source/usb_config.c:812:6:ActionQT	8	static
../source/usb_config.c:885:6:PIT0_IRQHandler	16	static
