C:\Users\wen_c\Documents\MCUXpressoIDE_11.6.1_8255\workspace\new\AGV-MICRO\drivers/fsl_gpio.h:162:20:GPIO_PinWrite	24	static
C:\Users\wen_c\Documents\MCUXpressoIDE_11.6.1_8255\workspace\new\AGV-MICRO\drivers/fsl_gpio.h:221:20:GPIO_PortToggle	16	static
C:\Users\wen_c\Documents\MCUXpressoIDE_11.6.1_8255\workspace\new\AGV-MICRO\drivers/fsl_pit.h:207:24:PIT_GetStatusFlags	16	static
C:\Users\wen_c\Documents\MCUXpressoIDE_11.6.1_8255\workspace\new\AGV-MICRO\drivers/fsl_pit.h:220:20:PIT_ClearStatusFlags	24	static
../source/usb_config.c:298:5:main	16	static
../source/usb_config.c:440:6:workingmode	16	static
../source/usb_config.c:511:6:DecodeCANMessage	8	static
../source/usb_config.c:605:13:flexcan_callback	24	static
../source/usb_config.c:660:6:DecodeRFIDSensor	8	static
../source/usb_config.c:687:6:DecodeMagneticSensor	8	static
../source/usb_config.c:713:6:Decode	8	static
../source/usb_config.c:806:6:RecibirDatos	32	static
../source/usb_config.c:965:6:UpdateChecksum	4	static
../source/usb_config.c:990:6:EnviarDatos	24	static
../source/usb_config.c:1184:6:CreateCANMessage	16	static
../source/usb_config.c:1236:6:ChargeToCanBUF	32	static
../source/usb_config.c:1342:6:ActionQT	8	static
../source/usb_config.c:1414:6:BrakeControl	4	static
../source/usb_config.c:1435:6:SpeedMotorControl	8	static
../source/usb_config.c:1473:10:speedConvertionRPMtoDEC	24	static
../source/usb_config.c:1479:7:speedControlCalc	32	static
../source/usb_config.c:1492:6:SteeringMotorControl	24	static
../source/usb_config.c:1541:9:positionConvert	24	static
../source/usb_config.c:1547:6:PositionMotorControl	8	static
../source/usb_config.c:1565:6:checkDeviceConnection	4	static
../source/usb_config.c:1576:6:CheckFaults	4	static
../source/usb_config.c:1581:6:PIT0_IRQHandler	16	static
