C:\Users\wen_c\Documents\MCUXpressoIDE_11.6.1_8255\workspace\new\AGV-MICRO\drivers/fsl_gpio.h:162:20:GPIO_PinWrite	24	static
C:\Users\wen_c\Documents\MCUXpressoIDE_11.6.1_8255\workspace\new\AGV-MICRO\drivers/fsl_gpio.h:221:20:GPIO_PortToggle	16	static
C:\Users\wen_c\Documents\MCUXpressoIDE_11.6.1_8255\workspace\new\AGV-MICRO\drivers/fsl_pit.h:207:24:PIT_GetStatusFlags	16	static
C:\Users\wen_c\Documents\MCUXpressoIDE_11.6.1_8255\workspace\new\AGV-MICRO\drivers/fsl_pit.h:220:20:PIT_ClearStatusFlags	24	static
../source/usb_config.c:271:5:main	8	static
../source/usb_config.c:391:6:workingmode	16	static
../source/usb_config.c:478:6:DecodeCANMessage	8	static
../source/usb_config.c:572:13:flexcan_callback	24	static
../source/usb_config.c:627:6:DecodeRFIDSensor	8	static
../source/usb_config.c:654:6:DecodeMagneticSensor	4	static
../source/usb_config.c:676:6:Decode	8	static
../source/usb_config.c:769:6:RecibirDatos	32	static
../source/usb_config.c:903:6:UpdateChecksum	4	static
../source/usb_config.c:928:6:EnviarDatos	24	static
../source/usb_config.c:1045:6:CreateCANMessage	16	static
../source/usb_config.c:1098:6:ChargeToCANBuf	24	static
../source/usb_config.c:1150:6:ActionQT	8	static
../source/usb_config.c:1222:6:BrakeControl	16	static
../source/usb_config.c:1256:6:SpeedMotorControl	8	static
../source/usb_config.c:1294:10:speedConvertionRPMtoDEC	24	static
../source/usb_config.c:1300:7:speedControlCalc	32	static
../source/usb_config.c:1313:6:SteeringMotorControl	24	static
../source/usb_config.c:1362:9:positionConvert	24	static
../source/usb_config.c:1368:6:PositionMotorControl	8	static
../source/usb_config.c:1386:6:checkDeviceConnection	4	static
../source/usb_config.c:1397:6:CheckFaults	4	static
../source/usb_config.c:1402:6:PIT0_IRQHandler	16	static
