C:\Users\wen_c\Documents\MCUXpressoIDE_11.6.1_8255\workspace\new\AGV-MICRO\drivers/fsl_gpio.h:162:20:GPIO_PinWrite	24	static
C:\Users\wen_c\Documents\MCUXpressoIDE_11.6.1_8255\workspace\new\AGV-MICRO\drivers/fsl_gpio.h:221:20:GPIO_PortToggle	16	static
C:\Users\wen_c\Documents\MCUXpressoIDE_11.6.1_8255\workspace\new\AGV-MICRO\drivers/fsl_pit.h:207:24:PIT_GetStatusFlags	16	static
C:\Users\wen_c\Documents\MCUXpressoIDE_11.6.1_8255\workspace\new\AGV-MICRO\drivers/fsl_pit.h:220:20:PIT_ClearStatusFlags	24	static
../source/usb_config.c:302:5:main	16	static
../source/usb_config.c:445:6:workingmode	16	static
../source/usb_config.c:526:6:DecodeCANMessage	8	static
../source/usb_config.c:620:13:flexcan_callback	24	static
../source/usb_config.c:675:6:DecodeRFIDSensor	8	static
../source/usb_config.c:702:6:DecodeMagneticSensor	8	static
../source/usb_config.c:732:6:Decode	8	static
../source/usb_config.c:825:6:RecibirDatos	32	static
../source/usb_config.c:1003:6:UpdateChecksum	4	static
../source/usb_config.c:1028:6:EnviarDatos	32	static
../source/usb_config.c:1228:6:CreateCANMessage	16	static
../source/usb_config.c:1280:6:ChargeToCanBUF	32	static
../source/usb_config.c:1386:6:ActionQT	8	static
../source/usb_config.c:1458:6:BrakeControl	8	static
../source/usb_config.c:1481:6:SpeedMotorControl	8	static
../source/usb_config.c:1519:10:speedConvertionRPMtoDEC	24	static
../source/usb_config.c:1525:7:speedControlCalc	32	static
../source/usb_config.c:1538:6:SteeringMotorControl	24	static
../source/usb_config.c:1587:9:positionConvert	24	static
../source/usb_config.c:1593:6:PositionMotorControl	8	static
../source/usb_config.c:1611:6:checkDeviceConnection	4	static
../source/usb_config.c:1622:6:CheckFaults	4	static
../source/usb_config.c:1627:6:PIT0_IRQHandler	16	static
