C:\Users\Lauta\Documents\MCUXpressoIDE_11.6.1_8255\workspace\test_usb (2)\usb_config\drivers/fsl_common_arm.h:579:24:DisableGlobalIRQ	16	static
C:\Users\Lauta\Documents\MCUXpressoIDE_11.6.1_8255\workspace\test_usb (2)\usb_config\drivers/fsl_common_arm.h:606:20:EnableGlobalIRQ	24	static
../component/osa/fsl_os_abstraction_bm.c:153:18:main_task	16	static
../component/osa/fsl_os_abstraction_bm.c:184:7:OSA_MemoryAllocate	24	static
../component/osa/fsl_os_abstraction_bm.c:202:6:OSA_MemoryFree	16	static
../component/osa/fsl_os_abstraction_bm.c:207:6:OSA_EnterCritical	16	static
../component/osa/fsl_os_abstraction_bm.c:212:6:OSA_ExitCritical	16	static
../component/osa/fsl_os_abstraction_bm.c:223:6:OSA_EnableIRQGlobal	8	static
../component/osa/fsl_os_abstraction_bm.c:244:6:OSA_DisableIRQGlobal	8	static
../component/osa/fsl_os_abstraction_bm.c:465:18:OSA_TimeInit	4	static
../component/osa/fsl_os_abstraction_bm.c:482:22:OSA_TimeDiff	16	static
../component/osa/fsl_os_abstraction_bm.c:500:6:OSA_TimeDelay	16	static
../component/osa/fsl_os_abstraction_bm.c:519:22:OSA_TimeGetMsec	4	static
../component/osa/fsl_os_abstraction_bm.c:535:14:OSA_SemaphoreCreate	24	static
../component/osa/fsl_os_abstraction_bm.c:559:14:OSA_SemaphoreDestroy	24	static
../component/osa/fsl_os_abstraction_bm.c:582:14:OSA_SemaphoreWait	24	static
../component/osa/fsl_os_abstraction_bm.c:651:14:OSA_SemaphorePost	24	static
../component/osa/fsl_os_abstraction_bm.c:676:14:OSA_MutexCreate	24	static
../component/osa/fsl_os_abstraction_bm.c:705:14:OSA_MutexLock	24	static
../component/osa/fsl_os_abstraction_bm.c:771:14:OSA_MutexUnlock	24	static
../component/osa/fsl_os_abstraction_bm.c:789:14:OSA_MutexDestroy	24	static
../component/osa/fsl_os_abstraction_bm.c:806:14:OSA_EventCreate	24	static
../component/osa/fsl_os_abstraction_bm.c:829:14:OSA_EventSet	24	static
../component/osa/fsl_os_abstraction_bm.c:854:14:OSA_EventClear	24	static
../component/osa/fsl_os_abstraction_bm.c:884:14:OSA_EventGet	32	static
../component/osa/fsl_os_abstraction_bm.c:916:14:OSA_EventWait	40	static
../component/osa/fsl_os_abstraction_bm.c:1000:14:OSA_EventDestroy	24	static
../component/osa/fsl_os_abstraction_bm.c:1019:14:OSA_MsgQCreate	32	static
../component/osa/fsl_os_abstraction_bm.c:1041:14:OSA_MsgQPut	40	static
../component/osa/fsl_os_abstraction_bm.c:1100:14:OSA_MsgQGet	48	static
../component/osa/fsl_os_abstraction_bm.c:1191:5:OSA_MsgQAvailableMsgs	24	static
../component/osa/fsl_os_abstraction_bm.c:1206:14:OSA_MsgQDestroy	24	static
../component/osa/fsl_os_abstraction_bm.c:1224:6:OSA_InterruptEnable	8	static
../component/osa/fsl_os_abstraction_bm.c:1234:6:OSA_InterruptDisable	8	static
../component/osa/fsl_os_abstraction_bm.c:1245:6:OSA_InstallIntHandler	16	static
