Archive member included to satisfy reference by file (symbol)

d:/nxp/mcuxpressoide_11.6.1_8255/ide/plugins/com.nxp.mcuxpresso.tools.win32_11.6.1.202207200623/tools/bin/../lib/gcc/arm-none-eabi/10.3.1/../../../../arm-none-eabi/lib/thumb/v7e-m+fp/hard\libcr_nohost_nf.a(_cr__main.o)
                              ./startup/startup_mk64f12.o (__main)
d:/nxp/mcuxpressoide_11.6.1_8255/ide/plugins/com.nxp.mcuxpresso.tools.win32_11.6.1.202207200623/tools/bin/../lib/gcc/arm-none-eabi/10.3.1/../../../../arm-none-eabi/lib/thumb/v7e-m+fp/hard\libcr_c.a(memcpy.o)
                              ./utilities/fsl_str.o (memcpy)
d:/nxp/mcuxpressoide_11.6.1_8255/ide/plugins/com.nxp.mcuxpresso.tools.win32_11.6.1.202207200623/tools/bin/../lib/gcc/arm-none-eabi/10.3.1/../../../../arm-none-eabi/lib/thumb/v7e-m+fp/hard\libcr_c.a(memset.o)
                              ./utilities/fsl_debug_console.o (memset)
d:/nxp/mcuxpressoide_11.6.1_8255/ide/plugins/com.nxp.mcuxpresso.tools.win32_11.6.1.202207200623/tools/bin/../lib/gcc/arm-none-eabi/10.3.1/../../../../arm-none-eabi/lib/thumb/v7e-m+fp/hard\libcr_c.a(alloc.o)
                              ./drivers/fsl_common.o (malloc)
d:/nxp/mcuxpressoide_11.6.1_8255/ide/plugins/com.nxp.mcuxpresso.tools.win32_11.6.1.202207200623/tools/bin/../lib/gcc/arm-none-eabi/10.3.1/../../../../arm-none-eabi/lib/thumb/v7e-m+fp/hard\libcr_c.a(errno.o)
                              ./utilities/fsl_str.o (errno)
d:/nxp/mcuxpressoide_11.6.1_8255/ide/plugins/com.nxp.mcuxpresso.tools.win32_11.6.1.202207200623/tools/bin/../lib/gcc/arm-none-eabi/10.3.1/../../../../arm-none-eabi/lib/thumb/v7e-m+fp/hard\libcr_c.a(initio.o)
                              d:/nxp/mcuxpressoide_11.6.1_8255/ide/plugins/com.nxp.mcuxpresso.tools.win32_11.6.1.202207200623/tools/bin/../lib/gcc/arm-none-eabi/10.3.1/../../../../arm-none-eabi/lib/thumb/v7e-m+fp/hard\libcr_nohost_nf.a(_cr__main.o) (_initio)
d:/nxp/mcuxpressoide_11.6.1_8255/ide/plugins/com.nxp.mcuxpresso.tools.win32_11.6.1.202207200623/tools/bin/../lib/gcc/arm-none-eabi/10.3.1/../../../../arm-none-eabi/lib/thumb/v7e-m+fp/hard\libcr_c.a(scanf.o)
                              ./utilities/fsl_str.o (strtoul)
d:/nxp/mcuxpressoide_11.6.1_8255/ide/plugins/com.nxp.mcuxpresso.tools.win32_11.6.1.202207200623/tools/bin/../lib/gcc/arm-none-eabi/10.3.1/../../../../arm-none-eabi/lib/thumb/v7e-m+fp/hard\libcr_c.a(setvbuf.o)
                              d:/nxp/mcuxpressoide_11.6.1_8255/ide/plugins/com.nxp.mcuxpresso.tools.win32_11.6.1.202207200623/tools/bin/../lib/gcc/arm-none-eabi/10.3.1/../../../../arm-none-eabi/lib/thumb/v7e-m+fp/hard\libcr_c.a(initio.o) (setvbuf)
d:/nxp/mcuxpressoide_11.6.1_8255/ide/plugins/com.nxp.mcuxpresso.tools.win32_11.6.1.202207200623/tools/bin/../lib/gcc/arm-none-eabi/10.3.1/../../../../arm-none-eabi/lib/thumb/v7e-m+fp/hard\libcr_c.a(strlen.o)
                              ./utilities/fsl_str.o (strlen)
d:/nxp/mcuxpressoide_11.6.1_8255/ide/plugins/com.nxp.mcuxpresso.tools.win32_11.6.1.202207200623/tools/bin/../lib/gcc/arm-none-eabi/10.3.1/../../../../arm-none-eabi/lib/thumb/v7e-m+fp/hard\libcr_c.a(ungetc.o)
                              d:/nxp/mcuxpressoide_11.6.1_8255/ide/plugins/com.nxp.mcuxpresso.tools.win32_11.6.1.202207200623/tools/bin/../lib/gcc/arm-none-eabi/10.3.1/../../../../arm-none-eabi/lib/thumb/v7e-m+fp/hard\libcr_c.a(scanf.o) (ungetc)
d:/nxp/mcuxpressoide_11.6.1_8255/ide/plugins/com.nxp.mcuxpresso.tools.win32_11.6.1.202207200623/tools/bin/../lib/gcc/arm-none-eabi/10.3.1/../../../../arm-none-eabi/lib/thumb/v7e-m+fp/hard\libcr_c.a(__fillbuf.o)
                              d:/nxp/mcuxpressoide_11.6.1_8255/ide/plugins/com.nxp.mcuxpresso.tools.win32_11.6.1.202207200623/tools/bin/../lib/gcc/arm-none-eabi/10.3.1/../../../../arm-none-eabi/lib/thumb/v7e-m+fp/hard\libcr_c.a(scanf.o) (__filbuf)
d:/nxp/mcuxpressoide_11.6.1_8255/ide/plugins/com.nxp.mcuxpresso.tools.win32_11.6.1.202207200623/tools/bin/../lib/gcc/arm-none-eabi/10.3.1/../../../../arm-none-eabi/lib/thumb/v7e-m+fp/hard\libcr_c.a(__init_alloc.o)
                              d:/nxp/mcuxpressoide_11.6.1_8255/ide/plugins/com.nxp.mcuxpresso.tools.win32_11.6.1.202207200623/tools/bin/../lib/gcc/arm-none-eabi/10.3.1/../../../../arm-none-eabi/lib/thumb/v7e-m+fp/hard\libcr_c.a(alloc.o) (__heaps)
d:/nxp/mcuxpressoide_11.6.1_8255/ide/plugins/com.nxp.mcuxpresso.tools.win32_11.6.1.202207200623/tools/bin/../lib/gcc/arm-none-eabi/10.3.1/../../../../arm-none-eabi/lib/thumb/v7e-m+fp/hard\libcr_c.a(_cr_sbrk.o)
                              d:/nxp/mcuxpressoide_11.6.1_8255/ide/plugins/com.nxp.mcuxpresso.tools.win32_11.6.1.202207200623/tools/bin/../lib/gcc/arm-none-eabi/10.3.1/../../../../arm-none-eabi/lib/thumb/v7e-m+fp/hard\libcr_c.a(alloc.o) (_sbrk)
d:/nxp/mcuxpressoide_11.6.1_8255/ide/plugins/com.nxp.mcuxpresso.tools.win32_11.6.1.202207200623/tools/bin/../lib/gcc/arm-none-eabi/10.3.1/../../../../arm-none-eabi/lib/thumb/v7e-m+fp/hard\libcr_c.a(_deferredlazyseek.o)
[...]
Memory Configuration

Name             Origin             Length             Attributes
PROGRAM_FLASH    0x00000000         0x00100000         xr
SRAM_UPPER       0x20000000         0x00030000         xrw
SRAM_LOWER       0x1fff0000         0x00010000         xrw
FLEX_RAM         0x14000000         0x00001000         xrw
*default*        0x00000000         0xffffffff

Linker script and memory map

LOAD ./utilities/fsl_debug_console.o
LOAD ./utilities/fsl_str.o
LOAD ./usb/device/source/khci/usb_device_khci.o
LOAD ./usb/device/source/usb_device_ch9.o
LOAD ./usb/device/source/usb_device_dci.o
LOAD ./usb/device/class/cdc/usb_device_cdc_acm.o
LOAD ./usb/device/class/usb_device_class.o
LOAD ./startup/startup_mk64f12.o
LOAD ./source/generated/usb_device_composite.o
LOAD ./source/generated/usb_device_descriptor.o
LOAD ./source/semihost_hardfault.o
LOAD ./source/test_usb.o
LOAD ./source/usb_device_interface_0_cic_vcom.o
LOAD ./drivers/fsl_adc16.o
LOAD ./drivers/fsl_clock.o
LOAD ./drivers/fsl_common.o
LOAD ./drivers/fsl_common_arm.o
LOAD ./drivers/fsl_flexcan.o
LOAD ./drivers/fsl_gpio.o
LOAD ./drivers/fsl_i2c.o
LOAD ./drivers/fsl_pit.o
LOAD ./drivers/fsl_smc.o
LOAD ./drivers/fsl_sysmpu.o
LOAD ./drivers/fsl_uart.o
LOAD ./device/system_MK64F12.o
LOAD ./component/uart/fsl_adapter_uart.o
LOAD ./component/serial_manager/fsl_component_serial_manager.o
LOAD ./component/serial_manager/fsl_component_serial_port_uart.o
LOAD ./component/osa/fsl_os_abstraction_bm.o
LOAD ./component/lists/fsl_component_generic_list.o
LOAD ./board/board.o
LOAD ./board/clock_config.o
LOAD ./board/peripherals.o
LOAD ./board/pin_mux.o
START GROUP
LOAD d:/nxp/mcuxpressoide_11.6.1_8255/ide/plugins/com.nxp.mcuxpresso.tools.win32_11.6.1.202207200623/tools/bin/../lib/gcc/arm-none-eabi/10.3.1/../../../../arm-none-eabi/lib/thumb/v7e-m+fp/hard\libcr_nohost_nf.a
LOAD d:/nxp/mcuxpressoide_11.6.1_8255/ide/plugins/com.nxp.mcuxpresso.tools.win32_11.6.1.202207200623/tools/bin/../lib/gcc/arm-none-eabi/10.3.1/../../../../arm-none-eabi/lib/thumb/v7e-m+fp/hard\libcr_c.a
LOAD d:/nxp/mcuxpressoide_11.6.1_8255/ide/plugins/com.nxp.mcuxpresso.tools.win32_11.6.1.202207200623/tools/bin/../lib/gcc/arm-none-eabi/10.3.1/thumb/v7e-m+fp/hard\libcr_eabihelpers.a
LOAD d:/nxp/mcuxpressoide_11.6.1_8255/ide/plugins/com.nxp.mcuxpresso.tools.win32_11.6.1.202207200623/tools/bin/../lib/gcc/arm-none-eabi/10.3.1/thumb/v7e-m+fp/hard\libgcc.a
END GROUP
                0x00000000                __base_PROGRAM_FLASH = 0x0
                0x00000000                __base_Flash = 0x0
                0x00100000                __top_PROGRAM_FLASH = 0x100000
                0x00100000                __top_Flash = 0x100000
                0x20000000                __base_SRAM_UPPER = 0x20000000
                0x20000000                __base_RAM = 0x20000000
                0x20030000                __top_SRAM_UPPER = 0x20030000
                0x20030000                __top_RAM = 0x20030000
                0x1fff0000                __base_SRAM_LOWER = 0x1fff0000
                0x1fff0000                __base_RAM2 = 0x1fff0000
                0x20000000                __top_SRAM_LOWER = 0x20000000
                0x20000000                __top_RAM2 = 0x20000000
                0x14000000                __base_FLEX_RAM = 0x14000000
                0x14000000                __base_RAM3 = 0x14000000
                0x14001000                __top_FLEX_RAM = 0x14001000
                0x14001000                __top_RAM3 = 0x14001000

.text           0x00000000     0x4980
 FILL mask 0xff
                0x00000000                __vectors_start__ = ABSOLUTE (.)
 *(SORT_BY_ALIGNMENT(.isr_vector))
 .isr_vector    0x00000000      0x198 ./startup/startup_mk64f12.o
                0x00000000                g_pfnVectors
                0x00000000                __Vectors
                0x00000198                . = ALIGN (0x4)
                0x00000198                __section_table_start = .
                0x00000198                __data_section_table = .
                0x00000198        0x4 LONG 0x4980 LOADADDR (.data)
                0x0000019c        0x4 LONG 0x20000000 ADDR (.data)
                0x000001a0        0x4 LONG 0x150 SIZEOF (.data)
                0x000001a4        0x4 LONG 0x4980 LOADADDR (.data_RAM2)
                0x000001a8        0x4 LONG 0x1fff0000 ADDR (.data_RAM2)
                0x000001ac        0x4 LONG 0x0 SIZEOF (.data_RAM2)
                0x000001b0        0x4 LONG 0x4980 LOADADDR (.data_RAM3)
                0x000001b4        0x4 LONG 0x14000000 ADDR (.data_RAM3)
                0x000001b8        0x4 LONG 0x0 SIZEOF (.data_RAM3)
                0x000001bc                __data_section_table_end = .
                0x000001bc                __bss_section_table = .
                0x000001bc        0x4 LONG 0x20000200 ADDR (.bss)
                0x000001c0        0x4 LONG 0x840 SIZEOF (.bss)
                0x000001c4        0x4 LONG 0x1fff0000 ADDR (.bss_RAM2)
                0x000001c8        0x4 LONG 0x0 SIZEOF (.bss_RAM2)
                0x000001cc        0x4 LONG 0x14000000 ADDR (.bss_RAM3)
                0x000001d0        0x4 LONG 0x0 SIZEOF (.bss_RAM3)
                0x000001d4                __bss_section_table_end = .
                0x000001d4                __section_table_end = .
 *(SORT_BY_ALIGNMENT(.after_vectors*))
 .after_vectors.reset
                0x000001d4       0x44 ./startup/startup_mk64f12.o
                0x000001d4                ResetISR
 .after_vectors
                0x00000218       0x14 ./startup/startup_mk64f12.o
                0x00000218                NMI_Handler
                0x0000021c                MemManage_Handler
                0x0000021e                BusFault_Handler
                0x00000220                UsageFault_Handler
                0x00000222                SVC_Handler
                0x00000224                DebugMon_Handler
                0x00000226                PendSV_Handler
                0x00000228                SysTick_Handler
                0x0000022a                DMA_Error_DriverIRQHandler
                0x0000022a                LPTMR0_DriverIRQHandler
                0x0000022a                FTM1_DriverIRQHandler
                0x0000022a                FTM2_DriverIRQHandler
                0x0000022a                PIT2_DriverIRQHandler
                0x0000022a                SDHC_DriverIRQHandler
                0x0000022a                I2S0_Tx_DriverIRQHandler
                0x0000022a                RTC_Seconds_DriverIRQHandler
                0x0000022a                DMA6_DriverIRQHandler
                0x0000022a                LLWU_DriverIRQHandler
                0x0000022a                MCM_DriverIRQHandler
                0x0000022a                MCG_DriverIRQHandler
                0x0000022a                ENET_1588_Timer_DriverIRQHandler
                0x0000022a                DAC1_DriverIRQHandler
                0x0000022a                SPI1_DriverIRQHandler
                0x0000022a                CMP1_DriverIRQHandler
                0x0000022a                FTM0_DriverIRQHandler
                0x0000022a                IntDefaultHandler
                0x0000022a                USB0_DriverIRQHandler
                0x0000022a                UART5_ERR_DriverIRQHandler
                0x0000022a                PORTC_DriverIRQHandler
                0x0000022a                DMA11_DriverIRQHandler
                0x0000022a                DAC0_DriverIRQHandler
                0x0000022a                DMA10_DriverIRQHandler
                0x0000022a                CMP2_DriverIRQHandler
                0x0000022a                UART2_ERR_DriverIRQHandler
                0x0000022a                SPI2_DriverIRQHandler
                0x0000022a                LVD_LVW_DriverIRQHandler
                0x0000022a                DMA12_DriverIRQHandler
                0x0000022a                RNG_DriverIRQHandler
                0x0000022a                DMA5_DriverIRQHandler
                0x0000022a                DMA4_DriverIRQHandler
                0x0000022a                USBDCD_DriverIRQHandler
                0x0000022a                UART3_ERR_DriverIRQHandler
                0x0000022a                DMA3_DriverIRQHandler
                0x0000022a                DMA8_DriverIRQHandler
                0x0000022a                DMA9_DriverIRQHandler
                0x0000022a                UART0_ERR_DriverIRQHandler
                0x0000022a                CMT_DriverIRQHandler
                0x0000022a                Reserved71_DriverIRQHandler
                0x0000022a                ADC1_DriverIRQHandler
                0x0000022a                PORTA_DriverIRQHandler
                0x0000022a                DMA14_DriverIRQHandler
                0x0000022a                PIT3_DriverIRQHandler
                0x0000022a                PIT1_DriverIRQHandler
                0x0000022a                WDOG_EWM_DriverIRQHandler
                0x0000022a                PDB0_DriverIRQHandler
                0x0000022a                RTC_DriverIRQHandler
                0x0000022a                I2S0_Rx_DriverIRQHandler
                0x0000022a                Read_Collision_DriverIRQHandler
                0x0000022a                SWI_DriverIRQHandler
                0x0000022a                UART4_ERR_DriverIRQHandler
                0x0000022a                PORTB_DriverIRQHandler
                0x0000022a                UART0_LON_DriverIRQHandler
                0x0000022a                DMA0_DriverIRQHandler
                0x0000022a                DMA1_DriverIRQHandler
                0x0000022a                ENET_Receive_DriverIRQHandler
                0x0000022a                DMA13_DriverIRQHandler
                0x0000022a                ENET_Error_DriverIRQHandler
                0x0000022a                DMA15_DriverIRQHandler
                0x0000022a                SPI0_DriverIRQHandler
                0x0000022a                ADC0_DriverIRQHandler
                0x0000022a                CMP0_DriverIRQHandler
                0x0000022a                FTM3_DriverIRQHandler
                0x0000022a                PIT0_DriverIRQHandler
                0x0000022a                UART1_ERR_DriverIRQHandler
                0x0000022a                DMA2_DriverIRQHandler
                0x0000022a                ENET_Transmit_DriverIRQHandler
                0x0000022a                PORTD_DriverIRQHandler
                0x0000022a                PORTE_DriverIRQHandler
                0x0000022a                FTFE_DriverIRQHandler
                0x0000022a                DMA7_DriverIRQHandler
 .after_vectors.init_data
                0x0000022c       0x12 ./startup/startup_mk64f12.o
                0x0000022c                data_init
 .after_vectors.init_bss
                0x0000023e       0x10 ./startup/startup_mk64f12.o
                0x0000023e                bss_init
                0x00000400                . = 0x400
 *fill*         0x0000024e      0x1b2 ff
                0x00000400                PROVIDE (__FLASH_CONFIG_START__ = .)
 *(SORT_BY_ALIGNMENT(.FlashConfig))
 .FlashConfig   0x00000400       0x10 ./startup/startup_mk64f12.o
                0x00000400                Flash_Config
                0x00000410                PROVIDE (__FLASH_CONFIG_END__ = .)
                0x00000001                ASSERT (! ((__FLASH_CONFIG_START__ == __FLASH_CONFIG_END__)), Linker Flash Config Support Enabled, but no .FlashConfig section provided within application)
 *(SORT_BY_ALIGNMENT(.text*))
 .text.DbgConsole_SendDataReliable
                0x00000410       0x30 ./utilities/fsl_debug_console.o
                0x00000410                DbgConsole_SendDataReliable
 .text.DbgConsole_Init
                0x00000440       0x78 ./utilities/fsl_debug_console.o
                0x00000440                DbgConsole_Init
 .text.DbgConsole_Vprintf
                0x000004b8       0x3c ./utilities/fsl_debug_console.o
                0x000004b8                DbgConsole_Vprintf
 .text.USB_DeviceKhciEndpointTransfer
                0x000004f4       0x8c ./usb/device/source/khci/usb_device_khci.o
 .text.USB_DeviceKhciInit
                0x00000580       0x68 ./usb/device/source/khci/usb_device_khci.o
                0x00000580                USB_DeviceKhciInit
 .text.USB_DeviceControlCallback
                0x000005e8      0x1d4 ./usb/device/source/usb_device_ch9.o
 .text.USB_DeviceControlPipeInit
                0x000007bc       0x50 ./usb/device/source/usb_device_ch9.o
                0x000007bc                USB_DeviceControlPipeInit
 .text.USB_DeviceInit
                0x0000080c       0xc0 ./usb/device/source/usb_device_dci.o
                0x0000080c                USB_DeviceInit
 .text.USB_DeviceCdcAcmEndpointsInit
                0x000008cc      0x1d4 ./usb/device/class/cdc/usb_device_cdc_acm.o
 .text.USB_DeviceCdcAcmInit
                0x00000aa0       0x58 ./usb/device/class/cdc/usb_device_cdc_acm.o
                0x00000aa0                USB_DeviceCdcAcmInit
 .text.USB_DeviceClassGetHandleByDeviceHandle
                0x00000af8       0x34 ./usb/device/class/usb_device_class.o
 .text.USB_DeviceClassFreeHandle.isra.0
                0x00000b2c       0x30 ./usb/device/class/usb_device_class.o
 .text.USB_DeviceClassGetDeviceHandle
                0x00000b5c       0x38 ./usb/device/class/usb_device_class.o
                0x00000b5c                USB_DeviceClassGetDeviceHandle
 .text.USB_DeviceClassInit
                0x00000b94       0xc8 ./usb/device/class/usb_device_class.o
                0x00000b94                USB_DeviceClassInit
 .text.USB_DeviceCallback
                0x00000c5c       0xe0 ./source/generated/usb_device_composite.o
 .text.USB0_IRQHandler
                0x00000d3c       0x14 ./source/generated/usb_device_composite.o
                0x00000d3c                USB0_IRQHandler
 .text.USB_DeviceIsrEnable
                0x00000d50       0x14 ./source/generated/usb_device_composite.o
                0x00000d50                USB_DeviceIsrEnable
 .text.USB_DeviceApplicationInit
                0x00000d64       0x4c ./source/generated/usb_device_composite.o
                0x00000d64                USB_DeviceApplicationInit
 .text.USB_DeviceGetDeviceDescriptor
                0x00000db0       0x10 ./source/generated/usb_device_descriptor.o
                0x00000db0                USB_DeviceGetDeviceDescriptor
 .text.USB_DeviceGetConfigurationDescriptor
                0x00000dc0       0x18 ./source/generated/usb_device_descriptor.o
                0x00000dc0                USB_DeviceGetConfigurationDescriptor
 .text.USB_DeviceGetStringDescriptor
                0x00000dd8       0x40 ./source/generated/usb_device_descriptor.o
                0x00000dd8                USB_DeviceGetStringDescriptor
 .text.flexcan_callback
                0x00000e18       0x3c ./source/test_usb.o
 .text.DecodeRFIDSensor
                0x00000e54       0x5c ./source/test_usb.o
                0x00000e54                DecodeRFIDSensor
 .text.DecodeMagneticSensor
                0x00000eb0       0x14 ./source/test_usb.o
                0x00000eb0                DecodeMagneticSensor
 .text.DecodeCANMessage
                0x00000ec4       0x60 ./source/test_usb.o
                0x00000ec4                DecodeCANMessage
 .text.RecibirDatos
                0x00000f24       0x20 ./source/test_usb.o
                0x00000f24                RecibirDatos
 .text.UpdateChecksum
                0x00000f44       0x1c ./source/test_usb.o
                0x00000f44                UpdateChecksum
 .text.CheckBytesLeft
                0x00000f60       0x1c ./source/test_usb.o
                0x00000f60                CheckBytesLeft
 .text.CheckChecksumAndReceiveData
                0x00000f7c       0x1c ./source/test_usb.o
                0x00000f7c                CheckChecksumAndReceiveData
 .text.Decode   0x00000f98       0xc8 ./source/test_usb.o
                0x00000f98                Decode
 .text.EnviarDatos
                0x00001060       0xb4 ./source/test_usb.o
                0x00001060                EnviarDatos
 .text.CreateCANMessage
                0x00001114       0x48 ./source/test_usb.o
                0x00001114                CreateCANMessage
 .text.startup.main
                0x0000115c      0x170 ./source/test_usb.o
                0x0000115c                main
 .text.PIT0_IRQHandler
                0x000012cc       0x34 ./source/test_usb.o
                0x000012cc                PIT0_IRQHandler
 .text.USB_DeviceInterface0CicVcomTask
                0x00001300       0x98 ./source/usb_device_interface_0_cic_vcom.o
                0x00001300                USB_DeviceInterface0CicVcomTask
 .text.USB_DeviceInterface0CicVcomCallback
                0x00001398      0x198 ./source/usb_device_interface_0_cic_vcom.o
                0x00001398                USB_DeviceInterface0CicVcomCallback
 .text.USB_DeviceInterface0CicVcomSetConfiguration
                0x00001530       0x24 ./source/usb_device_interface_0_cic_vcom.o
                0x00001530                USB_DeviceInterface0CicVcomSetConfiguration
 .text.USB_DeviceInterface0CicVcomInit
                0x00001554       0x18 ./source/usb_device_interface_0_cic_vcom.o
                0x00001554                USB_DeviceInterface0CicVcomInit
 .text.CLOCK_GetMcgExtClkFreq
                0x0000156c       0x34 ./drivers/fsl_clock.o
 .text.CLOCK_GetFllRefClkFreq
                0x000015a0       0x54 ./drivers/fsl_clock.o
 .text.CLOCK_GetInternalRefClkSelectFreq
                0x000015f4       0x28 ./drivers/fsl_clock.o
 .text.CLOCK_SetSimConfig
                0x0000161c       0x38 ./drivers/fsl_clock.o
                0x0000161c                CLOCK_SetSimConfig
 .text.CLOCK_EnableUsbfs0Clock
                0x00001654       0x98 ./drivers/fsl_clock.o
                0x00001654                CLOCK_EnableUsbfs0Clock
 .text.CLOCK_GetFllFreq
                0x000016ec       0x3c ./drivers/fsl_clock.o
                0x000016ec                CLOCK_GetFllFreq
 .text.CLOCK_GetPll0Freq
                0x00001728       0x2c ./drivers/fsl_clock.o
                0x00001728                CLOCK_GetPll0Freq
 .text.CLOCK_GetOutClkFreq
                0x00001754       0x28 ./drivers/fsl_clock.o
                0x00001754                CLOCK_GetOutClkFreq
 .text.CLOCK_GetCoreSysClkFreq
                0x0000177c       0x18 ./drivers/fsl_clock.o
                0x0000177c                CLOCK_GetCoreSysClkFreq
 .text.CLOCK_SetExternalRefClkConfig
                0x00001794       0x34 ./drivers/fsl_clock.o
                0x00001794                CLOCK_SetExternalRefClkConfig
 .text.CLOCK_SetInternalRefClkConfig
                0x000017c8       0x7c ./drivers/fsl_clock.o
                0x000017c8                CLOCK_SetInternalRefClkConfig
 .text.CLOCK_EnablePll0
                0x00001844       0x34 ./drivers/fsl_clock.o
                0x00001844                CLOCK_EnablePll0
 .text.CLOCK_InitOsc0
                0x00001878       0x64 ./drivers/fsl_clock.o
                0x00001878                CLOCK_InitOsc0
 .text.CLOCK_SetPbeMode
                0x000018dc       0x50 ./drivers/fsl_clock.o
                0x000018dc                CLOCK_SetPbeMode
 .text.CLOCK_BootToPeeMode
                0x0000192c       0x30 ./drivers/fsl_clock.o
                0x0000192c                CLOCK_BootToPeeMode
 .text.SDK_DelayAtLeastUs
                0x0000195c       0x20 ./drivers/fsl_common_arm.o
                0x0000195c                SDK_DelayAtLeastUs
 .text.FLEXCAN_GetInstance
                0x0000197c       0x10 ./drivers/fsl_flexcan.o
                0x0000197c                FLEXCAN_GetInstance
 .text.FLEXCAN_Init
                0x0000198c      0x128 ./drivers/fsl_flexcan.o
                0x0000198c                FLEXCAN_Init
 .text.FLEXCAN_TransferCreateHandle
                0x00001ab4       0x8c ./drivers/fsl_flexcan.o
                0x00001ab4                FLEXCAN_TransferCreateHandle
 .text.FLEXCAN_TransferHandleIRQ
                0x00001b40      0x164 ./drivers/fsl_flexcan.o
                0x00001b40                FLEXCAN_TransferHandleIRQ
 .text.CAN0_DriverIRQHandler
                0x00001ca4       0x20 ./drivers/fsl_flexcan.o
                0x00001ca4                CAN0_DriverIRQHandler
 .text.I2C_TransferCommonIRQHandler
                0x00001cc4       0x28 ./drivers/fsl_i2c.o
 .text.I2C0_DriverIRQHandler
                0x00001cec       0x14 ./drivers/fsl_i2c.o
                0x00001cec                I2C0_DriverIRQHandler
 .text.I2C1_DriverIRQHandler
                0x00001d00       0x14 ./drivers/fsl_i2c.o
                0x00001d00                I2C1_DriverIRQHandler
 .text.I2C2_DriverIRQHandler
                0x00001d14       0x14 ./drivers/fsl_i2c.o
                0x00001d14                I2C2_DriverIRQHandler
 .text.PIT_Init
                0x00001d28       0x48 ./drivers/fsl_pit.o
                0x00001d28                PIT_Init
 .text.UART_GetInstance
                0x00001d70       0x4c ./drivers/fsl_uart.o
                0x00001d70                UART_GetInstance
 .text.UART_Init
                0x00001dbc      0x104 ./drivers/fsl_uart.o
                0x00001dbc                UART_Init
 .text.UART0_DriverIRQHandler
                0x00001ec0       0x20 ./drivers/fsl_uart.o
                0x00001ec0                UART0_DriverIRQHandler
 .text.UART1_DriverIRQHandler
                0x00001ee0       0x20 ./drivers/fsl_uart.o
                0x00001ee0                UART1_DriverIRQHandler
 .text.UART2_DriverIRQHandler
                0x00001f00       0x20 ./drivers/fsl_uart.o
                0x00001f00                UART2_DriverIRQHandler
 .text.UART3_DriverIRQHandler
                0x00001f20       0x20 ./drivers/fsl_uart.o
                0x00001f20                UART3_DriverIRQHandler
 .text.UART4_DriverIRQHandler
                0x00001f40       0x20 ./drivers/fsl_uart.o
                0x00001f40                UART4_DriverIRQHandler
 .text.UART5_DriverIRQHandler
                0x00001f60       0x20 ./drivers/fsl_uart.o
                0x00001f60                UART5_DriverIRQHandler
 .text.SystemInit
                0x00001f80       0x34 ./device/system_MK64F12.o
                0x00001f80                SystemInit
 .text.HAL_UartInit
                0x00001fb4       0x8c ./component/uart/fsl_adapter_uart.o
                0x00001fb4                HAL_UartInit
 .text.HAL_UartSendBlocking
                0x00002040       0x18 ./component/uart/fsl_adapter_uart.o
                0x00002040                HAL_UartSendBlocking
 .text.BOARD_BootClockRUN
                0x00002058       0xa0 ./board/clock_config.o
                0x00002058                BOARD_BootClockRUN
 .text.BOARD_InitPeripherals
                0x000020f8       0xa4 ./board/peripherals.o
                0x000020f8                BOARD_InitPeripherals
 .text.CLOCK_EnableClock
                0x0000219c       0x18 ./board/pin_mux.o
 .text.BOARD_InitPins
                0x000021b4       0x84 ./board/pin_mux.o
                0x000021b4                BOARD_InitPins
 .text.BOARD_InitDEBUG_UARTPins
                0x00002238       0x30 ./board/pin_mux.o
                0x00002238                BOARD_InitDEBUG_UARTPins
 .text._initio  0x00002268       0x78 d:/nxp/mcuxpressoide_11.6.1_8255/ide/plugins/com.nxp.mcuxpresso.tools.win32_11.6.1.202207200623/tools/bin/../lib/gcc/arm-none-eabi/10.3.1/../../../../arm-none-eabi/lib/thumb/v7e-m+fp/hard\libcr_c.a(initio.o)
                0x00002268                _initio
 .text._Cwritebuf
                0x000022e0       0x6c d:/nxp/mcuxpressoide_11.6.1_8255/ide/plugins/com.nxp.mcuxpresso.tools.win32_11.6.1.202207200623/tools/bin/../lib/gcc/arm-none-eabi/10.3.1/../../../../arm-none-eabi/lib/thumb/v7e-m+fp/hard\libcr_c.a(_writebuf.o)
                0x000022e0                _Cwritebuf
 .text.fflush   0x0000234c       0x3c d:/nxp/mcuxpressoide_11.6.1_8255/ide/plugins/com.nxp.mcuxpresso.tools.win32_11.6.1.202207200623/tools/bin/../lib/gcc/arm-none-eabi/10.3.1/../../../../arm-none-eabi/lib/thumb/v7e-m+fp/hard\libcr_c.a(fflush.o)
                0x0000234c                fflush
 .text.fseek    0x00002388       0xfc d:/nxp/mcuxpressoide_11.6.1_8255/ide/plugins/com.nxp.mcuxpresso.tools.win32_11.6.1.202207200623/tools/bin/../lib/gcc/arm-none-eabi/10.3.1/../../../../arm-none-eabi/lib/thumb/v7e-m+fp/hard\libcr_c.a(fseek.o)
                0x00002388                fseek
 .text.ftell    0x00002484       0x44 d:/nxp/mcuxpressoide_11.6.1_8255/ide/plugins/com.nxp.mcuxpresso.tools.win32_11.6.1.202207200623/tools/bin/../lib/gcc/arm-none-eabi/10.3.1/../../../../arm-none-eabi/lib/thumb/v7e-m+fp/hard\libcr_c.a(ftell.o)
                0x00002484                ftell
 .text.DbgConsole_PrintCallback
                0x000024c8       0x3a ./utilities/fsl_debug_console.o
 .text.DbgConsole_Printf
                0x00002502       0x1a ./utilities/fsl_debug_console.o
                0x00002502                DbgConsole_Printf
 .text.ConvertRadixNumToString.constprop.0
                0x0000251c       0x48 ./utilities/fsl_str.o
 .text.StrFormatPrintf
                0x00002564      0x1c8 ./utilities/fsl_str.o
                0x00002564                StrFormatPrintf
 .text.USB_DeviceKhciSetDefaultState
                0x0000272c       0x90 ./usb/device/source/khci/usb_device_khci.o
 .text.USB_DeviceKhciPrimeNextSetup
                0x000027bc       0x34 ./usb/device/source/khci/usb_device_khci.o
 .text.USB_DeviceKhciDeinit
                0x000027f0       0x2a ./usb/device/source/khci/usb_device_khci.o
                0x000027f0                USB_DeviceKhciDeinit
 .text.USB_DeviceKhciSend
                0x0000281a       0x86 ./usb/device/source/khci/usb_device_khci.o
                0x0000281a                USB_DeviceKhciSend
 .text.USB_DeviceKhciRecv
                0x000028a0       0x9c ./usb/device/source/khci/usb_device_khci.o
                0x000028a0                USB_DeviceKhciRecv
 .text.USB_DeviceKhciCancel
                0x0000293c       0x4a ./usb/device/source/khci/usb_device_khci.o
                0x0000293c                USB_DeviceKhciCancel
 .text.USB_DeviceKhciEndpointUnstall
                0x00002986       0x88 ./usb/device/source/khci/usb_device_khci.o
 .text.USB_DeviceKhciEndpointDeinit
                0x00002a0e       0x2a ./usb/device/source/khci/usb_device_khci.o
 .text.USB_DeviceKhciControl
                0x00002a38      0x28c ./usb/device/source/khci/usb_device_khci.o
                0x00002a38                USB_DeviceKhciControl
 .text.USB_DeviceKhciIsrFunction
                0x00002cc4      0x2ae ./usb/device/source/khci/usb_device_khci.o
                0x00002cc4                USB_DeviceKhciIsrFunction
 .text.USB_DeviceCh9SynchFrame
                0x00002f72       0x6c ./usb/device/source/usb_device_ch9.o
 .text.USB_DeviceCh9GetStatus
                0x00002fde       0xb0 ./usb/device/source/usb_device_ch9.o
 .text.USB_DeviceCh9GetInterface
                0x0000308e       0x6c ./usb/device/source/usb_device_ch9.o
 .text.USB_DeviceCh9GetConfiguration
                0x000030fa       0x5c ./usb/device/source/usb_device_ch9.o
 .text.USB_DeviceCh9GetDescriptor
                0x00003156       0xa4 ./usb/device/source/usb_device_ch9.o
 .text.USB_DeviceCh9SetConfiguration
                0x000031fa       0x7e ./usb/device/source/usb_device_ch9.o
 .text.USB_DeviceCh9SetAddress
                0x00003278       0x74 ./usb/device/source/usb_device_ch9.o
 .text.USB_DeviceCh9SetClearFeature
                0x000032ec       0x9a ./usb/device/source/usb_device_ch9.o
 .text.USB_DeviceControlCallbackFeedback.constprop.0
                0x00003386       0x54 ./usb/device/source/usb_device_ch9.o
 .text.USB_DeviceCh9SetInterface
                0x000033da       0x62 ./usb/device/source/usb_device_ch9.o
 .text.USB_DeviceControl
                0x0000343c       0x14 ./usb/device/source/usb_device_dci.o
 .text.USB_DeviceTransfer
                0x00003450       0x7a ./usb/device/source/usb_device_dci.o
 .text.USB_DeviceNotificationTrigger
                0x000034ca       0xa6 ./usb/device/source/usb_device_dci.o
                0x000034ca                USB_DeviceNotificationTrigger
 .text.USB_DeviceRun
                0x00003570        0x8 ./usb/device/source/usb_device_dci.o
                0x00003570                USB_DeviceRun
 .text.USB_DeviceDeinit
                0x00003578       0x34 ./usb/device/source/usb_device_dci.o
                0x00003578                USB_DeviceDeinit
 .text.USB_DeviceSendRequest
                0x000035ac        0xc ./usb/device/source/usb_device_dci.o
                0x000035ac                USB_DeviceSendRequest
 .text.USB_DeviceRecvRequest
                0x000035b8        0x8 ./usb/device/source/usb_device_dci.o
                0x000035b8                USB_DeviceRecvRequest
 .text.USB_DeviceInitEndpoint
                0x000035c0       0x3e ./usb/device/source/usb_device_dci.o
                0x000035c0                USB_DeviceInitEndpoint
 .text.USB_DeviceDeinitEndpoint
                0x000035fe       0x3e ./usb/device/source/usb_device_dci.o
                0x000035fe                USB_DeviceDeinitEndpoint
 .text.USB_DeviceStallEndpoint
                0x0000363c       0x22 ./usb/device/source/usb_device_dci.o
                0x0000363c                USB_DeviceStallEndpoint
 .text.USB_DeviceUnstallEndpoint
                0x0000365e       0x22 ./usb/device/source/usb_device_dci.o
                0x0000365e                USB_DeviceUnstallEndpoint
 .text.USB_DeviceGetStatus
                0x00003680       0x42 ./usb/device/source/usb_device_dci.o
                0x00003680                USB_DeviceGetStatus
 .text.USB_DeviceSetStatus
                0x000036c2       0x62 ./usb/device/source/usb_device_dci.o
                0x000036c2                USB_DeviceSetStatus
 .text.USB_DeviceCdcAcmInterruptIn
                0x00003724       0x20 ./usb/device/class/cdc/usb_device_cdc_acm.o
 .text.USB_DeviceCdcAcmBulkIn
                0x00003744       0x20 ./usb/device/class/cdc/usb_device_cdc_acm.o
 .text.USB_DeviceCdcAcmBulkOut
                0x00003764       0x20 ./usb/device/class/cdc/usb_device_cdc_acm.o
 .text.USB_DeviceCdcAcmEndpointsDeinit
                0x00003784       0x56 ./usb/device/class/cdc/usb_device_cdc_acm.o
 .text.USB_DeviceCdcAcmEvent
                0x000037da      0x37a ./usb/device/class/cdc/usb_device_cdc_acm.o
                0x000037da                USB_DeviceCdcAcmEvent
 .text.USB_DeviceCdcAcmSend
                0x00003b54       0x4e ./usb/device/class/cdc/usb_device_cdc_acm.o
                0x00003b54                USB_DeviceCdcAcmSend
 .text.USB_DeviceCdcAcmRecv
                0x00003ba2       0x3a ./usb/device/class/cdc/usb_device_cdc_acm.o
                0x00003ba2                USB_DeviceCdcAcmRecv
 .text.USB_DeviceClassEvent
                0x00003bdc       0x5e ./usb/device/class/usb_device_class.o
                0x00003bdc                USB_DeviceClassEvent
 .text.USB_DeviceClassCallback
                0x00003c3a       0x38 ./usb/device/class/usb_device_class.o
                0x00003c3a                USB_DeviceClassCallback
 .text.DMA0_IRQHandler
                0x00003c72        0x8 ./startup/startup_mk64f12.o
                0x00003c72                DMA0_IRQHandler
 .text.DMA1_IRQHandler
                0x00003c7a        0x8 ./startup/startup_mk64f12.o
                0x00003c7a                DMA1_IRQHandler
 .text.DMA2_IRQHandler
                0x00003c82        0x8 ./startup/startup_mk64f12.o
                0x00003c82                DMA2_IRQHandler
 .text.DMA3_IRQHandler
                0x00003c8a        0x8 ./startup/startup_mk64f12.o
                0x00003c8a                DMA3_IRQHandler
 .text.DMA4_IRQHandler
                0x00003c92        0x8 ./startup/startup_mk64f12.o
                0x00003c92                DMA4_IRQHandler
 .text.DMA5_IRQHandler
                0x00003c9a        0x8 ./startup/startup_mk64f12.o
                0x00003c9a                DMA5_IRQHandler
 .text.DMA6_IRQHandler
                0x00003ca2        0x8 ./startup/startup_mk64f12.o
                0x00003ca2                DMA6_IRQHandler
 .text.DMA7_IRQHandler
                0x00003caa        0x8 ./startup/startup_mk64f12.o
                0x00003caa                DMA7_IRQHandler
 .text.DMA8_IRQHandler
                0x00003cb2        0x8 ./startup/startup_mk64f12.o
                0x00003cb2                DMA8_IRQHandler
 .text.DMA9_IRQHandler
                0x00003cba        0x8 ./startup/startup_mk64f12.o
                0x00003cba                DMA9_IRQHandler
 .text.DMA10_IRQHandler
                0x00003cc2        0x8 ./startup/startup_mk64f12.o
                0x00003cc2                DMA10_IRQHandler
 .text.DMA11_IRQHandler
                0x00003cca        0x8 ./startup/startup_mk64f12.o
                0x00003cca                DMA11_IRQHandler
 .text.DMA12_IRQHandler
                0x00003cd2        0x8 ./startup/startup_mk64f12.o
                0x00003cd2                DMA12_IRQHandler
 .text.DMA13_IRQHandler
                0x00003cda        0x8 ./startup/startup_mk64f12.o
                0x00003cda                DMA13_IRQHandler
 .text.DMA14_IRQHandler
                0x00003ce2        0x8 ./startup/startup_mk64f12.o
                0x00003ce2                DMA14_IRQHandler
 .text.DMA15_IRQHandler
                0x00003cea        0x8 ./startup/startup_mk64f12.o
                0x00003cea                DMA15_IRQHandler
 .text.DMA_Error_IRQHandler
                0x00003cf2        0x8 ./startup/startup_mk64f12.o
                0x00003cf2                DMA_Error_IRQHandler
 .text.MCM_IRQHandler
                0x00003cfa        0x8 ./startup/startup_mk64f12.o
                0x00003cfa                MCM_IRQHandler
 .text.FTFE_IRQHandler
                0x00003d02        0x8 ./startup/startup_mk64f12.o
                0x00003d02                FTFE_IRQHandler
 .text.Read_Collision_IRQHandler
                0x00003d0a        0x8 ./startup/startup_mk64f12.o
                0x00003d0a                Read_Collision_IRQHandler
 .text.LVD_LVW_IRQHandler
                0x00003d12        0x8 ./startup/startup_mk64f12.o
                0x00003d12                LVD_LVW_IRQHandler
 .text.LLWU_IRQHandler
                0x00003d1a        0x8 ./startup/startup_mk64f12.o
                0x00003d1a                LLWU_IRQHandler
 .text.WDOG_EWM_IRQHandler
                0x00003d22        0x8 ./startup/startup_mk64f12.o
                0x00003d22                WDOG_EWM_IRQHandler
 .text.RNG_IRQHandler
                0x00003d2a        0x8 ./startup/startup_mk64f12.o
                0x00003d2a                RNG_IRQHandler
 .text.I2C0_IRQHandler
                0x00003d32        0x8 ./startup/startup_mk64f12.o
                0x00003d32                I2C0_IRQHandler
 .text.I2C1_IRQHandler
                0x00003d3a        0x8 ./startup/startup_mk64f12.o
                0x00003d3a                I2C1_IRQHandler
 .text.SPI0_IRQHandler
                0x00003d42        0x8 ./startup/startup_mk64f12.o
                0x00003d42                SPI0_IRQHandler
 .text.SPI1_IRQHandler
                0x00003d4a        0x8 ./startup/startup_mk64f12.o
                0x00003d4a                SPI1_IRQHandler
 .text.I2S0_Tx_IRQHandler
                0x00003d52        0x8 ./startup/startup_mk64f12.o
                0x00003d52                I2S0_Tx_IRQHandler
 .text.I2S0_Rx_IRQHandler
                0x00003d5a        0x8 ./startup/startup_mk64f12.o
                0x00003d5a                I2S0_Rx_IRQHandler
 .text.UART0_LON_IRQHandler
                0x00003d62        0x8 ./startup/startup_mk64f12.o
                0x00003d62                UART0_LON_IRQHandler
 .text.UART0_RX_TX_IRQHandler
                0x00003d6a        0x8 ./startup/startup_mk64f12.o
                0x00003d6a                UART0_RX_TX_IRQHandler
 .text.UART0_ERR_IRQHandler
                0x00003d72        0x8 ./startup/startup_mk64f12.o
                0x00003d72                UART0_ERR_IRQHandler
 .text.UART1_RX_TX_IRQHandler
                0x00003d7a        0x8 ./startup/startup_mk64f12.o
                0x00003d7a                UART1_RX_TX_IRQHandler
 .text.UART1_ERR_IRQHandler
                0x00003d82        0x8 ./startup/startup_mk64f12.o
                0x00003d82                UART1_ERR_IRQHandler
 .text.UART2_RX_TX_IRQHandler
                0x00003d8a        0x8 ./startup/startup_mk64f12.o
                0x00003d8a                UART2_RX_TX_IRQHandler
 .text.UART2_ERR_IRQHandler
                0x00003d92        0x8 ./startup/startup_mk64f12.o
                0x00003d92                UART2_ERR_IRQHandler
 .text.UART3_RX_TX_IRQHandler
                0x00003d9a        0x8 ./startup/startup_mk64f12.o
                0x00003d9a                UART3_RX_TX_IRQHandler
 .text.UART3_ERR_IRQHandler
                0x00003da2        0x8 ./startup/startup_mk64f12.o
                0x00003da2                UART3_ERR_IRQHandler
 .text.ADC0_IRQHandler
                0x00003daa        0x8 ./startup/startup_mk64f12.o
                0x00003daa                ADC0_IRQHandler
 .text.CMP0_IRQHandler
                0x00003db2        0x8 ./startup/startup_mk64f12.o
                0x00003db2                CMP0_IRQHandler
 .text.CMP1_IRQHandler
                0x00003dba        0x8 ./startup/startup_mk64f12.o
                0x00003dba                CMP1_IRQHandler
 .text.FTM0_IRQHandler
                0x00003dc2        0x8 ./startup/startup_mk64f12.o
                0x00003dc2                FTM0_IRQHandler
 .text.FTM1_IRQHandler
                0x00003dca        0x8 ./startup/startup_mk64f12.o
                0x00003dca                FTM1_IRQHandler
 .text.FTM2_IRQHandler
                0x00003dd2        0x8 ./startup/startup_mk64f12.o
                0x00003dd2                FTM2_IRQHandler
 .text.CMT_IRQHandler
                0x00003dda        0x8 ./startup/startup_mk64f12.o
                0x00003dda                CMT_IRQHandler
 .text.RTC_IRQHandler
                0x00003de2        0x8 ./startup/startup_mk64f12.o
                0x00003de2                RTC_IRQHandler
 .text.RTC_Seconds_IRQHandler
                0x00003dea        0x8 ./startup/startup_mk64f12.o
                0x00003dea                RTC_Seconds_IRQHandler
 .text.PIT1_IRQHandler
                0x00003df2        0x8 ./startup/startup_mk64f12.o
                0x00003df2                PIT1_IRQHandler
 .text.PIT2_IRQHandler
                0x00003dfa        0x8 ./startup/startup_mk64f12.o
                0x00003dfa                PIT2_IRQHandler
 .text.PIT3_IRQHandler
                0x00003e02        0x8 ./startup/startup_mk64f12.o
                0x00003e02                PIT3_IRQHandler
 .text.PDB0_IRQHandler
                0x00003e0a        0x8 ./startup/startup_mk64f12.o
                0x00003e0a                PDB0_IRQHandler
 .text.USBDCD_IRQHandler
                0x00003e12        0x8 ./startup/startup_mk64f12.o
                0x00003e12                USBDCD_IRQHandler
 .text.Reserved71_IRQHandler
                0x00003e1a        0x8 ./startup/startup_mk64f12.o
                0x00003e1a                Reserved71_IRQHandler
 .text.DAC0_IRQHandler
                0x00003e22        0x8 ./startup/startup_mk64f12.o
                0x00003e22                DAC0_IRQHandler
 .text.MCG_IRQHandler
                0x00003e2a        0x8 ./startup/startup_mk64f12.o
                0x00003e2a                MCG_IRQHandler
 .text.LPTMR0_IRQHandler
                0x00003e32        0x8 ./startup/startup_mk64f12.o
                0x00003e32                LPTMR0_IRQHandler
 .text.PORTA_IRQHandler
                0x00003e3a        0x8 ./startup/startup_mk64f12.o
                0x00003e3a                PORTA_IRQHandler
 .text.PORTB_IRQHandler
                0x00003e42        0x8 ./startup/startup_mk64f12.o
                0x00003e42                PORTB_IRQHandler
 .text.PORTC_IRQHandler
                0x00003e4a        0x8 ./startup/startup_mk64f12.o
                0x00003e4a                PORTC_IRQHandler
 .text.PORTD_IRQHandler
                0x00003e52        0x8 ./startup/startup_mk64f12.o
                0x00003e52                PORTD_IRQHandler
 .text.PORTE_IRQHandler
                0x00003e5a        0x8 ./startup/startup_mk64f12.o
                0x00003e5a                PORTE_IRQHandler
 .text.SWI_IRQHandler
                0x00003e62        0x8 ./startup/startup_mk64f12.o
                0x00003e62                SWI_IRQHandler
 .text.SPI2_IRQHandler
                0x00003e6a        0x8 ./startup/startup_mk64f12.o
                0x00003e6a                SPI2_IRQHandler
 .text.UART4_RX_TX_IRQHandler
                0x00003e72        0x8 ./startup/startup_mk64f12.o
                0x00003e72                UART4_RX_TX_IRQHandler
 .text.UART4_ERR_IRQHandler
                0x00003e7a        0x8 ./startup/startup_mk64f12.o
                0x00003e7a                UART4_ERR_IRQHandler
 .text.UART5_RX_TX_IRQHandler
                0x00003e82        0x8 ./startup/startup_mk64f12.o
                0x00003e82                UART5_RX_TX_IRQHandler
 .text.UART5_ERR_IRQHandler
                0x00003e8a        0x8 ./startup/startup_mk64f12.o
                0x00003e8a                UART5_ERR_IRQHandler
 .text.CMP2_IRQHandler
                0x00003e92        0x8 ./startup/startup_mk64f12.o
                0x00003e92                CMP2_IRQHandler
 .text.FTM3_IRQHandler
                0x00003e9a        0x8 ./startup/startup_mk64f12.o
                0x00003e9a                FTM3_IRQHandler
 .text.DAC1_IRQHandler
                0x00003ea2        0x8 ./startup/startup_mk64f12.o
                0x00003ea2                DAC1_IRQHandler
 .text.ADC1_IRQHandler
                0x00003eaa        0x8 ./startup/startup_mk64f12.o
                0x00003eaa                ADC1_IRQHandler
 .text.I2C2_IRQHandler
                0x00003eb2        0x8 ./startup/startup_mk64f12.o
                0x00003eb2                I2C2_IRQHandler
 .text.CAN0_ORed_Message_buffer_IRQHandler
                0x00003eba        0x8 ./startup/startup_mk64f12.o
                0x00003eba                CAN0_ORed_Message_buffer_IRQHandler
 .text.CAN0_Wake_Up_IRQHandler
                0x00003ec2        0x8 ./startup/startup_mk64f12.o
                0x00003ec2                CAN0_Wake_Up_IRQHandler
 .text.CAN0_Bus_Off_IRQHandler
                0x00003eca        0x8 ./startup/startup_mk64f12.o
                0x00003eca                CAN0_Bus_Off_IRQHandler
 .text.CAN0_Error_IRQHandler
                0x00003ed2        0x8 ./startup/startup_mk64f12.o
                0x00003ed2                CAN0_Error_IRQHandler
 .text.CAN0_Tx_Warning_IRQHandler
                0x00003eda        0x8 ./startup/startup_mk64f12.o
                0x00003eda                CAN0_Tx_Warning_IRQHandler
 .text.CAN0_Rx_Warning_IRQHandler
                0x00003ee2        0x8 ./startup/startup_mk64f12.o
                0x00003ee2                CAN0_Rx_Warning_IRQHandler
 .text.SDHC_IRQHandler
                0x00003eea        0x8 ./startup/startup_mk64f12.o
                0x00003eea                SDHC_IRQHandler
 .text.ENET_1588_Timer_IRQHandler
                0x00003ef2        0x8 ./startup/startup_mk64f12.o
                0x00003ef2                ENET_1588_Timer_IRQHandler
 .text.ENET_Transmit_IRQHandler
                0x00003efa        0x8 ./startup/startup_mk64f12.o
                0x00003efa                ENET_Transmit_IRQHandler
 .text.ENET_Receive_IRQHandler
                0x00003f02        0x8 ./startup/startup_mk64f12.o
                0x00003f02                ENET_Receive_IRQHandler
 .text.ENET_Error_IRQHandler
                0x00003f0a        0x8 ./startup/startup_mk64f12.o
                0x00003f0a                ENET_Error_IRQHandler
 .text.HardFault_Handler
                0x00003f12       0x2a ./source/semihost_hardfault.o
                0x00003f12                HardFault_Handler
 .text.USB_DeviceInterface0CicVcomSetInterface
                0x00003f3c        0x4 ./source/usb_device_interface_0_cic_vcom.o
                0x00003f3c                USB_DeviceInterface0CicVcomSetInterface
 .text.USB_DeviceInterface1DicVcomSetInterface
                0x00003f40        0x4 ./source/usb_device_interface_0_cic_vcom.o
                0x00003f40                USB_DeviceInterface1DicVcomSetInterface
 .text.FLEXCAN_Reset
                0x00003f44       0x5a ./drivers/fsl_flexcan.o
 .text.FLEXCAN_EnterFreezeMode
                0x00003f9e       0x18 ./drivers/fsl_flexcan.o
                0x00003f9e                FLEXCAN_EnterFreezeMode
 .text.FLEXCAN_ExitFreezeMode
                0x00003fb6       0x18 ./drivers/fsl_flexcan.o
                0x00003fb6                FLEXCAN_ExitFreezeMode
 .text.FLEXCAN_SetTimingConfig
                0x00003fce       0x4a ./drivers/fsl_flexcan.o
                0x00003fce                FLEXCAN_SetTimingConfig
 .text.FLEXCAN_SetRxMbGlobalMask
                0x00004018       0x14 ./drivers/fsl_flexcan.o
                0x00004018                FLEXCAN_SetRxMbGlobalMask
 .text.FLEXCAN_SetTxMbConfig
                0x0000402c       0x2c ./drivers/fsl_flexcan.o
                0x0000402c                FLEXCAN_SetTxMbConfig
 .text.FLEXCAN_SetRxMbConfig
                0x00004058       0x40 ./drivers/fsl_flexcan.o
                0x00004058                FLEXCAN_SetRxMbConfig
 .text.FLEXCAN_WriteTxMb
                0x00004098       0x6e ./drivers/fsl_flexcan.o
                0x00004098                FLEXCAN_WriteTxMb
 .text.FLEXCAN_ReadRxMb
                0x00004106       0x58 ./drivers/fsl_flexcan.o
                0x00004106                FLEXCAN_ReadRxMb
 .text.FLEXCAN_ReadRxFifo
                0x0000415e       0x48 ./drivers/fsl_flexcan.o
                0x0000415e                FLEXCAN_ReadRxFifo
 .text.FLEXCAN_TransferSendNonBlocking
                0x000041a6       0x4a ./drivers/fsl_flexcan.o
                0x000041a6                FLEXCAN_TransferSendNonBlocking
 .text.FLEXCAN_TransferReceiveNonBlocking
                0x000041f0       0x30 ./drivers/fsl_flexcan.o
                0x000041f0                FLEXCAN_TransferReceiveNonBlocking
 .text.FLEXCAN_TransferAbortSend
                0x00004220       0x34 ./drivers/fsl_flexcan.o
                0x00004220                FLEXCAN_TransferAbortSend
 .text.FLEXCAN_TransferAbortReceive
                0x00004254       0x1e ./drivers/fsl_flexcan.o
                0x00004254                FLEXCAN_TransferAbortReceive
 .text.FLEXCAN_TransferAbortReceiveFifo
                0x00004272       0x1a ./drivers/fsl_flexcan.o
                0x00004272                FLEXCAN_TransferAbortReceiveFifo
 .text.UART_GetDefaultConfig
                0x0000428c       0x20 ./drivers/fsl_uart.o
                0x0000428c                UART_GetDefaultConfig
 .text.UART_WriteBlocking
                0x000042ac       0x1e ./drivers/fsl_uart.o
                0x000042ac                UART_WriteBlocking
 .text.UART0_RX_TX_DriverIRQHandler
                0x000042ca        0xc ./drivers/fsl_uart.o
                0x000042ca                UART0_RX_TX_DriverIRQHandler
 .text.UART1_RX_TX_DriverIRQHandler
                0x000042d6        0xc ./drivers/fsl_uart.o
                0x000042d6                UART1_RX_TX_DriverIRQHandler
 .text.UART2_RX_TX_DriverIRQHandler
                0x000042e2        0xc ./drivers/fsl_uart.o
                0x000042e2                UART2_RX_TX_DriverIRQHandler
 .text.UART3_RX_TX_DriverIRQHandler
                0x000042ee        0xc ./drivers/fsl_uart.o
                0x000042ee                UART3_RX_TX_DriverIRQHandler
 .text.UART4_RX_TX_DriverIRQHandler
                0x000042fa        0xc ./drivers/fsl_uart.o
                0x000042fa                UART4_RX_TX_DriverIRQHandler
 .text.UART5_RX_TX_DriverIRQHandler
                0x00004306        0xc ./drivers/fsl_uart.o
                0x00004306                UART5_RX_TX_DriverIRQHandler
 .text.SystemInitHook
                0x00004312        0x2 ./device/system_MK64F12.o
                0x00004312                SystemInitHook
 .text.SerialManager_Init
                0x00004314       0x2a ./component/serial_manager/fsl_component_serial_manager.o
                0x00004314                SerialManager_Init
 .text.SerialManager_OpenWriteHandle
                0x0000433e       0x26 ./component/serial_manager/fsl_component_serial_manager.o
                0x0000433e                SerialManager_OpenWriteHandle
 .text.SerialManager_OpenReadHandle
                0x00004364       0x2c ./component/serial_manager/fsl_component_serial_manager.o
                0x00004364                SerialManager_OpenReadHandle
 .text.SerialManager_WriteBlocking
                0x00004390       0x14 ./component/serial_manager/fsl_component_serial_manager.o
                0x00004390                SerialManager_WriteBlocking
 .text.Serial_UartInit
                0x000043a4        0x4 ./component/serial_manager/fsl_component_serial_port_uart.o
                0x000043a4                Serial_UartInit
 .text.Serial_UartWrite
                0x000043a8        0x4 ./component/serial_manager/fsl_component_serial_port_uart.o
                0x000043a8                Serial_UartWrite
 .text.OSA_EnterCritical
                0x000043ac        0xa ./component/osa/fsl_os_abstraction_bm.o
                0x000043ac                OSA_EnterCritical
 .text.OSA_ExitCritical
                0x000043b6        0x6 ./component/osa/fsl_os_abstraction_bm.o
                0x000043b6                OSA_ExitCritical
 .text.OSA_MutexCreate
                0x000043bc        0xa ./component/osa/fsl_os_abstraction_bm.o
                0x000043bc                OSA_MutexCreate
 .text.BOARD_InitDebugConsole
                0x000043c6       0x18 ./board/board.o
                0x000043c6                BOARD_InitDebugConsole
 .text.BOARD_InitBootClocks
                0x000043de        0x4 ./board/clock_config.o
                0x000043de                BOARD_InitBootClocks
 .text.BOARD_InitBootPeripherals
                0x000043e2        0x4 ./board/peripherals.o
                0x000043e2                BOARD_InitBootPeripherals
 .text.BOARD_InitBootPins
                0x000043e6        0xe ./board/pin_mux.o
                0x000043e6                BOARD_InitBootPins
 .text.__main   0x000043f4        0xe d:/nxp/mcuxpressoide_11.6.1_8255/ide/plugins/com.nxp.mcuxpresso.tools.win32_11.6.1.202207200623/tools/bin/../lib/gcc/arm-none-eabi/10.3.1/../../../../arm-none-eabi/lib/thumb/v7e-m+fp/hard\libcr_nohost_nf.a(_cr__main.o)
                0x000043f4                __main
 .text.memcpy   0x00004402        0x4 d:/nxp/mcuxpressoide_11.6.1_8255/ide/plugins/com.nxp.mcuxpresso.tools.win32_11.6.1.202207200623/tools/bin/../lib/gcc/arm-none-eabi/10.3.1/../../../../arm-none-eabi/lib/thumb/v7e-m+fp/hard\libcr_c.a(memcpy.o)
                0x00004402                memcpy
 .text.memset   0x00004406        0x4 d:/nxp/mcuxpressoide_11.6.1_8255/ide/plugins/com.nxp.mcuxpresso.tools.win32_11.6.1.202207200623/tools/bin/../lib/gcc/arm-none-eabi/10.3.1/../../../../arm-none-eabi/lib/thumb/v7e-m+fp/hard\libcr_c.a(memset.o)
                0x00004406                memset
 .text.free     0x0000440a       0x30 d:/nxp/mcuxpressoide_11.6.1_8255/ide/plugins/com.nxp.mcuxpresso.tools.win32_11.6.1.202207200623/tools/bin/../lib/gcc/arm-none-eabi/10.3.1/../../../../arm-none-eabi/lib/thumb/v7e-m+fp/hard\libcr_c.a(alloc.o)
                0x0000440a                free
 .text.setvbuf  0x0000443a       0x3e d:/nxp/mcuxpressoide_11.6.1_8255/ide/plugins/com.nxp.mcuxpresso.tools.win32_11.6.1.202207200623/tools/bin/../lib/gcc/arm-none-eabi/10.3.1/../../../../arm-none-eabi/lib/thumb/v7e-m+fp/hard\libcr_c.a(setvbuf.o)
                0x0000443a                setvbuf
 .text.strlen   0x00004478       0x48 d:/nxp/mcuxpressoide_11.6.1_8255/ide/plugins/com.nxp.mcuxpresso.tools.win32_11.6.1.202207200623/tools/bin/../lib/gcc/arm-none-eabi/10.3.1/../../../../arm-none-eabi/lib/thumb/v7e-m+fp/hard\libcr_c.a(strlen.o)
                0x00004478                strlen
 .text._deferredlazyseek
                0x000044c0       0x40 d:/nxp/mcuxpressoide_11.6.1_8255/ide/plugins/com.nxp.mcuxpresso.tools.win32_11.6.1.202207200623/tools/bin/../lib/gcc/arm-none-eabi/10.3.1/../../../../arm-none-eabi/lib/thumb/v7e-m+fp/hard\libcr_c.a(_deferredlazyseek.o)
                0x000044c0                _deferredlazyseek
 .text._fdopen  0x00004500       0x68 d:/nxp/mcuxpressoide_11.6.1_8255/ide/plugins/com.nxp.mcuxpresso.tools.win32_11.6.1.202207200623/tools/bin/../lib/gcc/arm-none-eabi/10.3.1/../../../../arm-none-eabi/lib/thumb/v7e-m+fp/hard\libcr_c.a(_fdopen.o)
                0x00004500                _fdopen
 .text._fflush  0x00004568       0x52 d:/nxp/mcuxpressoide_11.6.1_8255/ide/plugins/com.nxp.mcuxpresso.tools.win32_11.6.1.202207200623/tools/bin/../lib/gcc/arm-none-eabi/10.3.1/../../../../arm-none-eabi/lib/thumb/v7e-m+fp/hard\libcr_c.a(_fflush.o)
                0x00004568                _fflush
 .text.fclose   0x000045ba       0x58 d:/nxp/mcuxpressoide_11.6.1_8255/ide/plugins/com.nxp.mcuxpresso.tools.win32_11.6.1.202207200623/tools/bin/../lib/gcc/arm-none-eabi/10.3.1/../../../../arm-none-eabi/lib/thumb/v7e-m+fp/hard\libcr_c.a(fclose.o)
                0x000045ba                fclose
 .text.remove   0x00004612       0x14 d:/nxp/mcuxpressoide_11.6.1_8255/ide/plugins/com.nxp.mcuxpresso.tools.win32_11.6.1.202207200623/tools/bin/../lib/gcc/arm-none-eabi/10.3.1/../../../../arm-none-eabi/lib/thumb/v7e-m+fp/hard\libcr_c.a(remove.o)
                0x00004612                remove
 .text._do_fflush
                0x00004626       0x40 d:/nxp/mcuxpressoide_11.6.1_8255/ide/plugins/com.nxp.mcuxpresso.tools.win32_11.6.1.202207200623/tools/bin/../lib/gcc/arm-none-eabi/10.3.1/../../../../arm-none-eabi/lib/thumb/v7e-m+fp/hard\libcr_c.a(_do_fflush.o)
                0x00004626                _do_fflush
 .text.__aeabi_division_uldivmod
                0x00004666      0x174 d:/nxp/mcuxpressoide_11.6.1_8255/ide/plugins/com.nxp.mcuxpresso.tools.win32_11.6.1.202207200623/tools/bin/../lib/gcc/arm-none-eabi/10.3.1/thumb/v7e-m+fp/hard\libcr_eabihelpers.a(division_64.o)
                0x00004666                __aeabi_uldivmod
                0x0000466a                __bhs_ldivmod1
 .text.__aeabi_division_idiv0
                0x000047da        0x2 d:/nxp/mcuxpressoide_11.6.1_8255/ide/plugins/com.nxp.mcuxpresso.tools.win32_11.6.1.202207200623/tools/bin/../lib/gcc/arm-none-eabi/10.3.1/thumb/v7e-m+fp/hard\libcr_eabihelpers.a(division_idiv0.o)
                0x000047da                __aeabi_idiv0
 .text.__aeabi_memcpy
                0x000047dc       0x34 d:/nxp/mcuxpressoide_11.6.1_8255/ide/plugins/com.nxp.mcuxpresso.tools.win32_11.6.1.202207200623/tools/bin/../lib/gcc/arm-none-eabi/10.3.1/thumb/v7e-m+fp/hard\libcr_eabihelpers.a(memcpy.o)
                0x000047dc                __aeabi_memcpy
                0x000047e6                __aeabi_memcpy8
                0x000047e6                __aeabi_memcpy4
 .text.__aeabi_memset_lowlevel
                0x00004810       0x32 d:/nxp/mcuxpressoide_11.6.1_8255/ide/plugins/com.nxp.mcuxpresso.tools.win32_11.6.1.202207200623/tools/bin/../lib/gcc/arm-none-eabi/10.3.1/thumb/v7e-m+fp/hard\libcr_eabihelpers.a(memcpy.o)
                0x00004810                __aeabi_lowlevel_memset
 .text.__sys_close
                0x00004842        0x6 d:/nxp/mcuxpressoide_11.6.1_8255/ide/plugins/com.nxp.mcuxpresso.tools.win32_11.6.1.202207200623/tools/bin/../lib/gcc/arm-none-eabi/10.3.1/../../../../arm-none-eabi/lib/thumb/v7e-m+fp/hard\libcr_nohost_nf.a(__sys_close.o)
                0x00004842                __sys_close
 .text.__sys_flen
                0x00004848        0x6 d:/nxp/mcuxpressoide_11.6.1_8255/ide/plugins/com.nxp.mcuxpresso.tools.win32_11.6.1.202207200623/tools/bin/../lib/gcc/arm-none-eabi/10.3.1/../../../../arm-none-eabi/lib/thumb/v7e-m+fp/hard\libcr_nohost_nf.a(__sys_flen.o)
                0x00004848                __sys_flen
 .text.__sys_istty
                0x0000484e        0x6 d:/nxp/mcuxpressoide_11.6.1_8255/ide/plugins/com.nxp.mcuxpresso.tools.win32_11.6.1.202207200623/tools/bin/../lib/gcc/arm-none-eabi/10.3.1/../../../../arm-none-eabi/lib/thumb/v7e-m+fp/hard\libcr_nohost_nf.a(__sys_istty.o)
                0x0000484e                __sys_istty
 .text.__sys_remove
                0x00004854        0x6 d:/nxp/mcuxpressoide_11.6.1_8255/ide/plugins/com.nxp.mcuxpresso.tools.win32_11.6.1.202207200623/tools/bin/../lib/gcc/arm-none-eabi/10.3.1/../../../../arm-none-eabi/lib/thumb/v7e-m+fp/hard\libcr_nohost_nf.a(__sys_remove.o)
                0x00004854                __sys_remove
 .text.__sys_seek
                0x0000485a        0x6 d:/nxp/mcuxpressoide_11.6.1_8255/ide/plugins/com.nxp.mcuxpresso.tools.win32_11.6.1.202207200623/tools/bin/../lib/gcc/arm-none-eabi/10.3.1/../../../../arm-none-eabi/lib/thumb/v7e-m+fp/hard\libcr_nohost_nf.a(__sys_seek.o)
                0x0000485a                __sys_seek
 .text.__sys_tmpnam
                0x00004860        0x6 d:/nxp/mcuxpressoide_11.6.1_8255/ide/plugins/com.nxp.mcuxpresso.tools.win32_11.6.1.202207200623/tools/bin/../lib/gcc/arm-none-eabi/10.3.1/../../../../arm-none-eabi/lib/thumb/v7e-m+fp/hard\libcr_nohost_nf.a(__sys_tmpnam.o)
                0x00004860                __sys_tmpnam
 .text.__sys_write
                0x00004866        0x4 d:/nxp/mcuxpressoide_11.6.1_8255/ide/plugins/com.nxp.mcuxpresso.tools.win32_11.6.1.202207200623/tools/bin/../lib/gcc/arm-none-eabi/10.3.1/../../../../arm-none-eabi/lib/thumb/v7e-m+fp/hard\libcr_nohost_nf.a(__sys_write.o)
                0x00004866                __sys_write
 *(SORT_BY_ALIGNMENT(.rodata) SORT_BY_ALIGNMENT(.rodata.*) SORT_BY_ALIGNMENT(.constdata) SORT_BY_ALIGNMENT(.constdata.*))
 *fill*         0x0000486a        0x2 ff
 .rodata.s_UsbDeviceStandardRequest
                0x0000486c       0x34 ./usb/device/source/usb_device_ch9.o
 .rodata.s_UsbDeviceKhciInterface
                0x000048a0       0x18 ./usb/device/source/usb_device_dci.o
 .rodata.s_uartClock
                0x000048b8       0x18 ./drivers/fsl_uart.o
 .rodata.s_UartAdapterBase
                0x000048d0       0x18 ./component/uart/fsl_adapter_uart.o
 .rodata.oscConfig_BOARD_BootClockRUN
                0x000048e8        0x8 ./board/clock_config.o
                0x000048e8                oscConfig_BOARD_BootClockRUN
 .rodata.simConfig_BOARD_BootClockRUN
                0x000048f0        0x8 ./board/clock_config.o
                0x000048f0                simConfig_BOARD_BootClockRUN
 .rodata.CAN0_config
                0x000048f8       0x14 ./board/peripherals.o
                0x000048f8                CAN0_config
 .rodata.CAN0_rx_mb_config_0
                0x0000490c        0x8 ./board/peripherals.o
                0x0000490c                CAN0_rx_mb_config_0
 .rodata.CAN0_rx_mb_config_1
                0x00004914        0x8 ./board/peripherals.o
                0x00004914                CAN0_rx_mb_config_1
 .rodata.__num_Ciob_streams
                0x0000491c        0x4 d:/nxp/mcuxpressoide_11.6.1_8255/ide/plugins/com.nxp.mcuxpresso.tools.win32_11.6.1.202207200623/tools/bin/../lib/gcc/arm-none-eabi/10.3.1/../../../../arm-none-eabi/lib/thumb/v7e-m+fp/hard\libcr_nohost_nf.a(__ciob.o)
                0x0000491c                __num_Ciob_streams
 .rodata.fllFactorTable.1
                0x00004920       0x10 ./drivers/fsl_clock.o
 .rodata.main.str1.1
                0x00004930        0xd ./source/test_usb.o
 .rodata.USB_DeviceInterface0CicVcomCallback.str1.1
                0x0000493d       0x2e ./source/usb_device_interface_0_cic_vcom.o
 .rodata.mcgConfig_BOARD_BootClockRUN
                0x0000496b        0xb ./board/clock_config.o
                0x0000496b                mcgConfig_BOARD_BootClockRUN
 .rodata.PIT_config
                0x00004976        0x1 ./board/peripherals.o
                0x00004976                PIT_config
 .rodata._initio.str1.1
                0x00004977        0x4 d:/nxp/mcuxpressoide_11.6.1_8255/ide/plugins/com.nxp.mcuxpresso.tools.win32_11.6.1.202207200623/tools/bin/../lib/gcc/arm-none-eabi/10.3.1/../../../../arm-none-eabi/lib/thumb/v7e-m+fp/hard\libcr_c.a(initio.o)
                0x00004980                . = ALIGN (0x8)
 *fill*         0x0000497b        0x5 ff
                0x00004980                _etext = .

.glue_7         0x00004980        0x0
 .glue_7        0x00004980        0x0 linker stubs

.glue_7t        0x00004980        0x0
 .glue_7t       0x00004980        0x0 linker stubs

.vfp11_veneer   0x00004980        0x0
 .vfp11_veneer  0x00004980        0x0 linker stubs

.v4_bx          0x00004980        0x0
 .v4_bx         0x00004980        0x0 linker stubs

.iplt           0x00004980        0x0
 .iplt          0x00004980        0x0 ./utilities/fsl_debug_console.o

.rel.dyn        0x00004980        0x0
 .rel.iplt      0x00004980        0x0 ./utilities/fsl_debug_console.o

.m_usb_data
 *(SORT_BY_ALIGNMENT(m_usb_bdt))

.data_RAM2      0x1fff0000        0x0 load address 0x00004980
 FILL mask 0xff
                [!provide]                PROVIDE (__start_data_RAM2 = .)
                [!provide]                PROVIDE (__start_data_SRAM_LOWER = .)
 *(SORT_BY_ALIGNMENT(.ramfunc.$RAM2))
 *(SORT_BY_ALIGNMENT(.ramfunc.$SRAM_LOWER))
 *(SORT_BY_ALIGNMENT(.data.$RAM2))
 *(SORT_BY_ALIGNMENT(.data.$SRAM_LOWER))
 *(SORT_BY_ALIGNMENT(.data.$RAM2.*))
 *(SORT_BY_ALIGNMENT(.data.$SRAM_LOWER.*))
                0x1fff0000                . = ALIGN (0x8)
                [!provide]                PROVIDE (__end_data_RAM2 = .)
                [!provide]                PROVIDE (__end_data_SRAM_LOWER = .)

.data_RAM3      0x14000000        0x0 load address 0x00004980
 FILL mask 0xff
                [!provide]                PROVIDE (__start_data_RAM3 = .)
                [!provide]                PROVIDE (__start_data_FLEX_RAM = .)
 *(SORT_BY_ALIGNMENT(.ramfunc.$RAM3))
 *(SORT_BY_ALIGNMENT(.ramfunc.$FLEX_RAM))
 *(SORT_BY_ALIGNMENT(.data.$RAM3))
 *(SORT_BY_ALIGNMENT(.data.$FLEX_RAM))
 *(SORT_BY_ALIGNMENT(.data.$RAM3.*))
 *(SORT_BY_ALIGNMENT(.data.$FLEX_RAM.*))
                0x14000000                . = ALIGN (0x8)
                [!provide]                PROVIDE (__end_data_RAM3 = .)
                [!provide]                PROVIDE (__end_data_FLEX_RAM = .)

.uninit_RESERVED
                0x20000000        0x0
                0x20000000                _start_uninit_RESERVED = .
 *(SORT_BY_ALIGNMENT(.bss.$RESERVED*))
                0x20000000                . = ALIGN (0x8)
                0x20000000                _end_uninit_RESERVED = .

.data           0x20000000      0x150 load address 0x00004980
 FILL mask 0xff
                0x20000000                _data = .
                [!provide]                PROVIDE (__start_data_RAM = .)
                [!provide]                PROVIDE (__start_data_SRAM_UPPER = .)
 *(SORT_BY_ALIGNMENT(vtable))
 *(SORT_BY_ALIGNMENT(.ramfunc*))
 *(SORT_BY_ALIGNMENT(CodeQuickAccess))
 *(SORT_BY_ALIGNMENT(DataQuickAccess))
 *(SORT_BY_ALIGNMENT(RamFunction))
 *(SORT_BY_ALIGNMENT(.data*))
 .data.g_CompositeClassConfig
                0x20000000       0x18 ./source/generated/usb_device_composite.o
                0x20000000                g_CompositeClassConfig
 .data.g_UsbDeviceCompositeConfigList
                0x20000018        0xc ./source/generated/usb_device_composite.o
                0x20000018                g_UsbDeviceCompositeConfigList
 .data.s_UsbDeviceInterfaceNullConfig
                0x20000024        0x8 ./source/generated/usb_device_composite.o
 .data.g_UsbDeviceConfigurationDescriptor
                0x2000002c       0x4b ./source/generated/usb_device_descriptor.o
                0x2000002c                g_UsbDeviceConfigurationDescriptor
 *fill*         0x20000077        0x1 ff
 .data.g_UsbDeviceDescriptor
                0x20000078       0x12 ./source/generated/usb_device_descriptor.o
                0x20000078                g_UsbDeviceDescriptor
 *fill*         0x2000008a        0x2 ff
 .data.g_UsbDeviceInterface0CicVcomConfig
                0x2000008c        0x8 ./source/generated/usb_device_descriptor.o
                0x2000008c                g_UsbDeviceInterface0CicVcomConfig
 .data.g_UsbDeviceInterface0CicVcomInterface
                0x20000094       0x10 ./source/generated/usb_device_descriptor.o
                0x20000094                g_UsbDeviceInterface0CicVcomInterface
 .data.g_UsbDeviceInterface0CicVcomInterfaceList
                0x200000a4        0x8 ./source/generated/usb_device_descriptor.o
                0x200000a4                g_UsbDeviceInterface0CicVcomInterfaceList
 .data.g_UsbDeviceInterface0CicVcomInterfaces
                0x200000ac       0x18 ./source/generated/usb_device_descriptor.o
                0x200000ac                g_UsbDeviceInterface0CicVcomInterfaces
 .data.g_UsbDeviceInterface1DicVcomInterface
                0x200000c4       0x10 ./source/generated/usb_device_descriptor.o
                0x200000c4                g_UsbDeviceInterface1DicVcomInterface
 .data.g_UsbDeviceLanguage
                0x200000d4        0xc ./source/generated/usb_device_descriptor.o
                0x200000d4                g_UsbDeviceLanguage
 .data.g_UsbDeviceLanguageList
                0x200000e0       0x10 ./source/generated/usb_device_descriptor.o
                0x200000e0                g_UsbDeviceLanguageList
 .data.g_UsbDeviceString0
                0x200000f0        0x4 ./source/generated/usb_device_descriptor.o
                0x200000f0                g_UsbDeviceString0
 .data.g_UsbDeviceString1
                0x200000f4        0x8 ./source/generated/usb_device_descriptor.o
                0x200000f4                g_UsbDeviceString1
 .data.g_UsbDeviceString2
                0x200000fc        0xa ./source/generated/usb_device_descriptor.o
                0x200000fc                g_UsbDeviceString2
 *fill*         0x20000106        0x2 ff
 .data.g_UsbDeviceStringDescriptorArray
                0x20000108        0xc ./source/generated/usb_device_descriptor.o
                0x20000108                g_UsbDeviceStringDescriptorArray
 .data.g_UsbDeviceStringDescriptorLength
                0x20000114        0xc ./source/generated/usb_device_descriptor.o
                0x20000114                g_UsbDeviceStringDescriptorLength
 .data.s_lineCoding
                0x20000120        0x7 ./source/usb_device_interface_0_cic_vcom.o
 *fill*         0x20000127        0x1 ff
 .data.s_fastIrcFreq
                0x20000128        0x4 ./drivers/fsl_clock.o
 .data.s_slowIrcFreq
                0x2000012c        0x4 ./drivers/fsl_clock.o
 .data.SystemCoreClock
                0x20000130        0x4 ./device/system_MK64F12.o
                0x20000130                SystemCoreClock
 .data.g_UsbDeviceInterface0CicVcomSetting0DefaultEndpoints
                0x20000134        0x6 ./source/generated/usb_device_descriptor.o
                0x20000134                g_UsbDeviceInterface0CicVcomSetting0DefaultEndpoints
 .data.g_UsbDeviceInterface1DicVcomSetting0DefaultEndpoints
                0x2000013a        0xc ./source/generated/usb_device_descriptor.o
                0x2000013a                g_UsbDeviceInterface1DicVcomSetting0DefaultEndpoints
 .data.timeoutBAT
                0x20000146        0x2 ./source/test_usb.o
                0x20000146                timeoutBAT
 .data.timeoutUSB
                0x20000148        0x2 ./source/test_usb.o
                0x20000148                timeoutUSB
                0x20000150                . = ALIGN (0x8)
 *fill*         0x2000014a        0x6 ff
                0x20000150                _edata = .
                [!provide]                PROVIDE (__end_data_RAM = .)
                [!provide]                PROVIDE (__end_data_SRAM_UPPER = .)

.igot.plt       0x20000150        0x0 load address 0x00004ad0
 .igot.plt      0x20000150        0x0 ./utilities/fsl_debug_console.o

.bss_RAM2       0x1fff0000        0x0
                [!provide]                PROVIDE (__start_bss_RAM2 = .)
                [!provide]                PROVIDE (__start_bss_SRAM_LOWER = .)
 *(SORT_BY_ALIGNMENT(.bss.$RAM2))
 *(SORT_BY_ALIGNMENT(.bss.$SRAM_LOWER))
 *(SORT_BY_ALIGNMENT(.bss.$RAM2.*))
 *(SORT_BY_ALIGNMENT(.bss.$SRAM_LOWER.*))
                0x1fff0000                . = ALIGN ((. != 0x0)?0x8:0x1)
                [!provide]                PROVIDE (__end_bss_RAM2 = .)
                [!provide]                PROVIDE (__end_bss_SRAM_LOWER = .)

.bss_RAM3       0x14000000        0x0
                [!provide]                PROVIDE (__start_bss_RAM3 = .)
                [!provide]                PROVIDE (__start_bss_FLEX_RAM = .)
 *(SORT_BY_ALIGNMENT(.bss.$RAM3))
 *(SORT_BY_ALIGNMENT(.bss.$FLEX_RAM))
 *(SORT_BY_ALIGNMENT(.bss.$RAM3.*))
 *(SORT_BY_ALIGNMENT(.bss.$FLEX_RAM.*))
                0x14000000                . = ALIGN ((. != 0x0)?0x8:0x1)
                [!provide]                PROVIDE (__end_bss_RAM3 = .)
                [!provide]                PROVIDE (__end_bss_FLEX_RAM = .)

.bss            0x20000200      0x840
                0x20000200                _bss = .
                [!provide]                PROVIDE (__start_bss_RAM = .)
                [!provide]                PROVIDE (__start_bss_SRAM_UPPER = .)
 *(SORT_BY_ALIGNMENT(.bss*))
 .bss.s_UsbDeviceKhciBdtBuffer
                0x20000200      0x200 ./usb/device/source/khci/usb_device_khci.o
 .bss.g_UsbDeviceComposite
                0x20000400       0x28 ./source/generated/usb_device_composite.o
                0x20000400                g_UsbDeviceComposite
 .bss.g_serialHandle
                0x20000428        0x4 ./utilities/fsl_debug_console.o
                0x20000428                g_serialHandle
 .bss.s_debugConsoleState
                0x2000042c       0x20 ./utilities/fsl_debug_console.o
 .bss.s_UsbDeviceKhciDmaAlignBuffer
                0x2000044c       0x40 ./usb/device/source/khci/usb_device_khci.o
 .bss.s_UsbDeviceKhciState
                0x2000048c       0x84 ./usb/device/source/khci/usb_device_khci.o
 .bss.s_UsbDevice
                0x20000510       0x58 ./usb/device/source/usb_device_dci.o
 .bss.g_cdcAcmHandle
                0x20000568       0x50 ./usb/device/class/cdc/usb_device_cdc_acm.o
 .bss.s_UsbDeviceCommonClassStruct
                0x200005b8       0x10 ./usb/device/class/usb_device_class.o
 .bss.s_UsbDeviceSetupBuffer
                0x200005c8        0x8 ./usb/device/class/usb_device_class.o
 .bss.DestinationStation
                0x200005d0        0x8 ./source/test_usb.o
                0x200005d0                DestinationStation
 .bss.RFIDData  0x200005d8        0x8 ./source/test_usb.o
                0x200005d8                RFIDData
 .bss.RX_STD_CAN_BUF
                0x200005e0        0x8 ./source/test_usb.o
                0x200005e0                RX_STD_CAN_BUF
 .bss.RX_STD_Frame
                0x200005e8       0x10 ./source/test_usb.o
                0x200005e8                RX_STD_Frame
 .bss.TX_CAN_BUF
                0x200005f8        0x8 ./source/test_usb.o
                0x200005f8                TX_CAN_BUF
 .bss.flexcanHandle
                0x20000600       0xa0 ./source/test_usb.o
                0x20000600                flexcanHandle
 .bss.i.0       0x200006a0        0x4 ./source/test_usb.o
 .bss.mbConfigSTD
                0x200006a4        0x8 ./source/test_usb.o
                0x200006a4                mbConfigSTD
 .bss.txFrame   0x200006ac       0x10 ./source/test_usb.o
                0x200006ac                txFrame
 .bss.s_UsbDeviceComposite
                0x200006bc        0x4 ./source/usb_device_interface_0_cic_vcom.o
 .bss.s_UsbInterface0CicVcom
                0x200006c0        0x8 ./source/usb_device_interface_0_cic_vcom.o
 .bss.s_abstractState
                0x200006c8        0x2 ./source/usb_device_interface_0_cic_vcom.o
 *fill*         0x200006ca        0x2 
 .bss.s_countryCode
                0x200006cc        0x2 ./source/usb_device_interface_0_cic_vcom.o
 *fill*         0x200006ce        0x2 
 .bss.s_currRecvBuf
                0x200006d0       0x40 ./source/usb_device_interface_0_cic_vcom.o
 .bss.s_recvSize
                0x20000710        0x4 ./source/usb_device_interface_0_cic_vcom.o
 .bss.s_usbCdcAcmInfo
                0x20000714       0x12 ./source/usb_device_interface_0_cic_vcom.o
 *fill*         0x20000726        0x2 
 .bss.g_xtal0Freq
                0x20000728        0x4 ./drivers/fsl_clock.o
                0x20000728                g_xtal0Freq
 .bss.g_xtal32Freq
                0x2000072c        0x4 ./drivers/fsl_clock.o
                0x2000072c                g_xtal32Freq
 .bss.s_flexcanHandle
                0x20000730        0x4 ./drivers/fsl_flexcan.o
 .bss.s_flexcanIsr
                0x20000734        0x4 ./drivers/fsl_flexcan.o
 .bss.s_i2cHandle
                0x20000738        0xc ./drivers/fsl_i2c.o
 .bss.s_i2cMasterIsr
                0x20000744        0x4 ./drivers/fsl_i2c.o
 .bss.s_i2cSlaveIsr
                0x20000748        0x4 ./drivers/fsl_i2c.o
 .bss.s_uartHandle
                0x2000074c       0x18 ./drivers/fsl_uart.o
                0x2000074c                s_uartHandle
 .bss.s_uartIsr
                0x20000764        0x4 ./drivers/fsl_uart.o
                0x20000764                s_uartIsr
 .bss.errno     0x20000768        0x4 d:/nxp/mcuxpressoide_11.6.1_8255/ide/plugins/com.nxp.mcuxpresso.tools.win32_11.6.1.202207200623/tools/bin/../lib/gcc/arm-none-eabi/10.3.1/../../../../arm-none-eabi/lib/thumb/v7e-m+fp/hard\libcr_c.a(errno.o)
                0x20000768                errno
 .bss.__Ciob    0x2000076c       0xb4 d:/nxp/mcuxpressoide_11.6.1_8255/ide/plugins/com.nxp.mcuxpresso.tools.win32_11.6.1.202207200623/tools/bin/../lib/gcc/arm-none-eabi/10.3.1/../../../../arm-none-eabi/lib/thumb/v7e-m+fp/hard\libcr_nohost_nf.a(__ciob.o)
                0x2000076c                __Ciob
 .bss.magneticSensorBitStatus
                0x20000820        0x2 ./source/test_usb.o
                0x20000820                magneticSensorBitStatus
 .bss.volt_bateria
                0x20000822        0x2 ./source/test_usb.o
                0x20000822                volt_bateria
 .bss.s_debugConsoleReadWaitSemaphore
                0x20000824        0x1 ./utilities/fsl_debug_console.o
 .bss.flag1     0x20000825        0x1 ./source/test_usb.o
                0x20000825                flag1
 .bss.ringRx    0x20000826        0xc ./source/test_usb.o
                0x20000826                ringRx
 .bss.ringTx    0x20000832        0x7 ./source/test_usb.o
                0x20000832                ringTx
 .bss.rxBuf     0x20000839      0x100 ./source/test_usb.o
                0x20000839                rxBuf
 .bss.txBuf     0x20000939      0x100 ./source/test_usb.o
                0x20000939                txBuf
 *(SORT_BY_ALIGNMENT(COMMON))
                0x20000a40                . = ALIGN (0x8)
 *fill*         0x20000a39        0x7 
                0x20000a40                _ebss = .
                [!provide]                PROVIDE (__end_bss_RAM = .)
                [!provide]                PROVIDE (__end_bss_SRAM_UPPER = .)
                [!provide]                PROVIDE (end = .)

.noinit_RAM2    0x1fff0000        0x0
                [!provide]                PROVIDE (__start_noinit_RAM2 = .)
                [!provide]                PROVIDE (__start_noinit_SRAM_LOWER = .)
 *(SORT_BY_ALIGNMENT(.noinit.$RAM2))
 *(SORT_BY_ALIGNMENT(.noinit.$SRAM_LOWER))
 *(SORT_BY_ALIGNMENT(.noinit.$RAM2.*))
 *(SORT_BY_ALIGNMENT(.noinit.$SRAM_LOWER.*))
                0x1fff0000                . = ALIGN (0x8)
                [!provide]                PROVIDE (__end_noinit_RAM2 = .)
                [!provide]                PROVIDE (__end_noinit_SRAM_LOWER = .)

.noinit_RAM3    0x14000000        0x0
                [!provide]                PROVIDE (__start_noinit_RAM3 = .)
                [!provide]                PROVIDE (__start_noinit_FLEX_RAM = .)
 *(SORT_BY_ALIGNMENT(.noinit.$RAM3))
 *(SORT_BY_ALIGNMENT(.noinit.$FLEX_RAM))
 *(SORT_BY_ALIGNMENT(.noinit.$RAM3.*))
 *(SORT_BY_ALIGNMENT(.noinit.$FLEX_RAM.*))
                0x14000000                . = ALIGN (0x8)
                [!provide]                PROVIDE (__end_noinit_RAM3 = .)
                [!provide]                PROVIDE (__end_noinit_FLEX_RAM = .)

.noinit         0x20000a40        0x0
                0x20000a40                _noinit = .
                [!provide]                PROVIDE (__start_noinit_RAM = .)
                [!provide]                PROVIDE (__start_noinit_SRAM_UPPER = .)
 *(SORT_BY_ALIGNMENT(.noinit*))
                0x20000a40                . = ALIGN (0x8)
                0x20000a40                _end_noinit = .
                [!provide]                PROVIDE (__end_noinit_RAM = .)
                [!provide]                PROVIDE (__end_noinit_SRAM_UPPER = .)

.ARM.extab
 *(SORT_BY_ALIGNMENT(.ARM.extab*) SORT_BY_ALIGNMENT(.gnu.linkonce.armextab.*))

.ARM.exidx      0x00004ad0        0x0
                0x00004ad0                __exidx_start = .
 *(SORT_BY_ALIGNMENT(.ARM.exidx*) SORT_BY_ALIGNMENT(.gnu.linkonce.armexidx.*))
                0x00004ad0                __exidx_end = .
                0x00001000                _HeapSize = 0x1000

.heap           0x20000a40     0x1000
                0x20000a40                _pvHeapStart = .
                0x20001a40                . = (. + _HeapSize)
 *fill*         0x20000a40     0x1000 
                0x20001a40                . = ALIGN (0x8)
                0x20001a40                _pvHeapLimit = .
                0x00001000                _StackSize = 0x1000

.heap2stackfill
                0x20001a40     0x1000
                0x20002a40                . = (. + _StackSize)
 *fill*         0x20001a40     0x1000 

.stack          0x2002f000        0x0
                0x2002f000                _vStackBase = .
                0x2002f000                . = ALIGN (0x8)
                0x20030000                _vStackTop = (. + _StackSize)
                0x00000000                _image_start = LOADADDR (.text)
                0x00004ad0                _image_end = (LOADADDR (.data) + SIZEOF (.data))
                0x00004ad0                _image_size = (_image_end - _image_start)
OUTPUT(test_usb.axf elf32-littlearm)
LOAD linker stubs

.debug_info     0x00000000    0x21f2e
 .debug_info    0x00000000     0x10d9 ./utilities/fsl_debug_console.o
 .debug_info    0x000010d9     0x1282 ./utilities/fsl_str.o
 .debug_info    0x0000235b     0x1d18 ./usb/device/source/khci/usb_device_khci.o
 .debug_info    0x00004073     0x1c04 ./usb/device/source/usb_device_ch9.o
 .debug_info    0x00005c77     0x171a ./usb/device/source/usb_device_dci.o
 .debug_info    0x00007391     0x14b0 ./usb/device/class/cdc/usb_device_cdc_acm.o
 .debug_info    0x00008841     0x11b2 ./usb/device/class/usb_device_class.o
 .debug_info    0x000099f3      0xcd7 ./startup/startup_mk64f12.o
 .debug_info    0x0000a6ca     0x149f ./source/generated/usb_device_composite.o
 .debug_info    0x0000bb69      0xf66 ./source/generated/usb_device_descriptor.o
 .debug_info    0x0000cacf       0x38 ./source/semihost_hardfault.o
 .debug_info    0x0000cb07     0x1655 ./source/test_usb.o
 .debug_info    0x0000e15c      0xfa9 ./source/usb_device_interface_0_cic_vcom.o
 .debug_info    0x0000f105     0x284d ./drivers/fsl_clock.o
 .debug_info    0x00011952      0x126 ./drivers/fsl_common_arm.o
 .debug_info    0x00011a78     0x2de6 ./drivers/fsl_flexcan.o
 .debug_info    0x0001485e     0x2a0f ./drivers/fsl_i2c.o
 .debug_info    0x0001726d      0x4f1 ./drivers/fsl_pit.o
 .debug_info    0x0001775e     0x2f5b ./drivers/fsl_uart.o
 .debug_info    0x0001a6b9      0x65e ./device/system_MK64F12.o
 .debug_info    0x0001ad17      0xb73 ./component/uart/fsl_adapter_uart.o
 .debug_info    0x0001b88a      0xf06 ./component/serial_manager/fsl_component_serial_manager.o
 .debug_info    0x0001c790      0x58d ./component/serial_manager/fsl_component_serial_port_uart.o
 .debug_info    0x0001cd1d     0x16f9 ./component/osa/fsl_os_abstraction_bm.o
 .debug_info    0x0001e416      0x12b ./board/board.o
 .debug_info    0x0001e541      0xf0b ./board/clock_config.o
 .debug_info    0x0001f44c     0x1245 ./board/peripherals.o
 .debug_info    0x00020691     0x189d ./board/pin_mux.o

.debug_abbrev   0x00000000     0x535b
 .debug_abbrev  0x00000000      0x381 ./utilities/fsl_debug_console.o
 .debug_abbrev  0x00000381      0x385 ./utilities/fsl_str.o
 .debug_abbrev  0x00000706      0x459 ./usb/device/source/khci/usb_device_khci.o
 .debug_abbrev  0x00000b5f      0x328 ./usb/device/source/usb_device_ch9.o
 .debug_abbrev  0x00000e87      0x358 ./usb/device/source/usb_device_dci.o
 .debug_abbrev  0x000011df      0x314 ./usb/device/class/cdc/usb_device_cdc_acm.o
 .debug_abbrev  0x000014f3      0x2de ./usb/device/class/usb_device_class.o
 .debug_abbrev  0x000017d1      0x1cb ./startup/startup_mk64f12.o
 .debug_abbrev  0x0000199c      0x373 ./source/generated/usb_device_composite.o
 .debug_abbrev  0x00001d0f      0x21f ./source/generated/usb_device_descriptor.o
 .debug_abbrev  0x00001f2e       0x2e ./source/semihost_hardfault.o
 .debug_abbrev  0x00001f5c      0x4dc ./source/test_usb.o
 .debug_abbrev  0x00002438      0x2d2 ./source/usb_device_interface_0_cic_vcom.o
 .debug_abbrev  0x0000270a      0x4d3 ./drivers/fsl_clock.o
 .debug_abbrev  0x00002bdd       0xd9 ./drivers/fsl_common_arm.o
 .debug_abbrev  0x00002cb6      0x48b ./drivers/fsl_flexcan.o
 .debug_abbrev  0x00003141      0x4f6 ./drivers/fsl_i2c.o
 .debug_abbrev  0x00003637      0x20e ./drivers/fsl_pit.o
 .debug_abbrev  0x00003845      0x4bf ./drivers/fsl_uart.o
 .debug_abbrev  0x00003d04      0x153 ./device/system_MK64F12.o
 .debug_abbrev  0x00003e57      0x2a0 ./component/uart/fsl_adapter_uart.o
 .debug_abbrev  0x000040f7      0x276 ./component/serial_manager/fsl_component_serial_manager.o
 .debug_abbrev  0x0000436d      0x1bd ./component/serial_manager/fsl_component_serial_port_uart.o
 .debug_abbrev  0x0000452a      0x41d ./component/osa/fsl_os_abstraction_bm.o
 .debug_abbrev  0x00004947       0xd2 ./board/board.o
 .debug_abbrev  0x00004a19      0x2e2 ./board/clock_config.o
 .debug_abbrev  0x00004cfb      0x332 ./board/peripherals.o
 .debug_abbrev  0x0000502d      0x32e ./board/pin_mux.o

.debug_loc      0x00000000    0x11d7b
 .debug_loc     0x00000000      0x6eb ./utilities/fsl_debug_console.o
 .debug_loc     0x000006eb     0x1649 ./utilities/fsl_str.o
 .debug_loc     0x00001d34     0x13dd ./usb/device/source/khci/usb_device_khci.o
 .debug_loc     0x00003111      0xef0 ./usb/device/source/usb_device_ch9.o
 .debug_loc     0x00004001     0x1355 ./usb/device/source/usb_device_dci.o
 .debug_loc     0x00005356     0x119a ./usb/device/class/cdc/usb_device_cdc_acm.o
 .debug_loc     0x000064f0      0x6c7 ./usb/device/class/usb_device_class.o
 .debug_loc     0x00006bb7      0x16a ./startup/startup_mk64f12.o
 .debug_loc     0x00006d21      0x65b ./source/generated/usb_device_composite.o
 .debug_loc     0x0000737c      0x2d0 ./source/generated/usb_device_descriptor.o
 .debug_loc     0x0000764c      0x38f ./source/test_usb.o
 .debug_loc     0x000079db      0x577 ./source/usb_device_interface_0_cic_vcom.o
 .debug_loc     0x00007f52     0x15f2 ./drivers/fsl_clock.o
 .debug_loc     0x00009544      0x110 ./drivers/fsl_common_arm.o
 .debug_loc     0x00009654     0x1af2 ./drivers/fsl_flexcan.o
 .debug_loc     0x0000b146     0x2432 ./drivers/fsl_i2c.o
 .debug_loc     0x0000d578       0x8b ./drivers/fsl_pit.o
 .debug_loc     0x0000d603     0x1bef ./drivers/fsl_uart.o
 .debug_loc     0x0000f1f2      0x109 ./device/system_MK64F12.o
 .debug_loc     0x0000f2fb      0x23c ./component/uart/fsl_adapter_uart.o
 .debug_loc     0x0000f537      0xba6 ./component/serial_manager/fsl_component_serial_manager.o
 .debug_loc     0x000100dd      0x275 ./component/serial_manager/fsl_component_serial_port_uart.o
 .debug_loc     0x00010352      0xd1f ./component/osa/fsl_os_abstraction_bm.o
 .debug_loc     0x00011071       0x22 ./board/board.o
 .debug_loc     0x00011093       0xe9 ./board/clock_config.o
 .debug_loc     0x0001117c      0x134 ./board/peripherals.o
 .debug_loc     0x000112b0      0xacb ./board/pin_mux.o

.debug_aranges  0x00000000     0x1038
 .debug_aranges
                0x00000000       0xa8 ./utilities/fsl_debug_console.o
 .debug_aranges
                0x000000a8       0x40 ./utilities/fsl_str.o
 .debug_aranges
                0x000000e8       0x78 ./usb/device/source/khci/usb_device_khci.o
 .debug_aranges
                0x00000160       0x78 ./usb/device/source/usb_device_ch9.o
 .debug_aranges
                0x000001d8       0xa0 ./usb/device/source/usb_device_dci.o
 .debug_aranges
                0x00000278       0x68 ./usb/device/class/cdc/usb_device_cdc_acm.o
 .debug_aranges
                0x000002e0       0x60 ./usb/device/class/usb_device_class.o
 .debug_aranges
                0x00000340      0x308 ./startup/startup_mk64f12.o
 .debug_aranges
                0x00000648       0x40 ./source/generated/usb_device_composite.o
 .debug_aranges
                0x00000688       0x38 ./source/generated/usb_device_descriptor.o
 .debug_aranges
                0x000006c0       0x20 ./source/semihost_hardfault.o
 .debug_aranges
                0x000006e0       0x80 ./source/test_usb.o
 .debug_aranges
                0x00000760       0x40 ./source/usb_device_interface_0_cic_vcom.o
 .debug_aranges
                0x000007a0      0x1a0 ./drivers/fsl_clock.o
 .debug_aranges
                0x00000940       0x20 ./drivers/fsl_common_arm.o
 .debug_aranges
                0x00000960      0x110 ./drivers/fsl_flexcan.o
 .debug_aranges
                0x00000a70      0x128 ./drivers/fsl_i2c.o
 .debug_aranges
                0x00000b98       0x28 ./drivers/fsl_pit.o
 .debug_aranges
                0x00000bc0      0x158 ./drivers/fsl_uart.o
 .debug_aranges
                0x00000d18       0x30 ./device/system_MK64F12.o
 .debug_aranges
                0x00000d48       0x40 ./component/uart/fsl_adapter_uart.o
 .debug_aranges
                0x00000d88       0x68 ./component/serial_manager/fsl_component_serial_manager.o
 .debug_aranges
                0x00000df0       0x48 ./component/serial_manager/fsl_component_serial_port_uart.o
 .debug_aranges
                0x00000e38      0x118 ./component/osa/fsl_os_abstraction_bm.o
 .debug_aranges
                0x00000f50       0x20 ./board/board.o
 .debug_aranges
                0x00000f70       0x30 ./board/clock_config.o
 .debug_aranges
                0x00000fa0       0x28 ./board/peripherals.o
 .debug_aranges
                0x00000fc8       0x70 ./board/pin_mux.o

.debug_ranges   0x00000000     0x1cc0
 .debug_ranges  0x00000000       0xc8 ./utilities/fsl_debug_console.o
 .debug_ranges  0x000000c8      0x1f0 ./utilities/fsl_str.o
 .debug_ranges  0x000002b8       0xc8 ./usb/device/source/khci/usb_device_khci.o
 .debug_ranges  0x00000380       0xb0 ./usb/device/source/usb_device_ch9.o
 .debug_ranges  0x00000430       0xf0 ./usb/device/source/usb_device_dci.o
 .debug_ranges  0x00000520       0xd8 ./usb/device/class/cdc/usb_device_cdc_acm.o
 .debug_ranges  0x000005f8       0x80 ./usb/device/class/usb_device_class.o
 .debug_ranges  0x00000678      0x2f8 ./startup/startup_mk64f12.o
 .debug_ranges  0x00000970       0x78 ./source/generated/usb_device_composite.o
 .debug_ranges  0x000009e8       0x60 ./source/generated/usb_device_descriptor.o
 .debug_ranges  0x00000a48       0x10 ./source/semihost_hardfault.o
 .debug_ranges  0x00000a58       0xf8 ./source/test_usb.o
 .debug_ranges  0x00000b50       0x48 ./source/usb_device_interface_0_cic_vcom.o
 .debug_ranges  0x00000b98      0x258 ./drivers/fsl_clock.o
 .debug_ranges  0x00000df0       0x28 ./drivers/fsl_common_arm.o
 .debug_ranges  0x00000e18      0x2b0 ./drivers/fsl_flexcan.o
 .debug_ranges  0x000010c8      0x2d0 ./drivers/fsl_i2c.o
 .debug_ranges  0x00001398       0x60 ./drivers/fsl_pit.o
 .debug_ranges  0x000013f8      0x268 ./drivers/fsl_uart.o
 .debug_ranges  0x00001660       0x20 ./device/system_MK64F12.o
 .debug_ranges  0x00001680       0x30 ./component/uart/fsl_adapter_uart.o
 .debug_ranges  0x000016b0      0x130 ./component/serial_manager/fsl_component_serial_manager.o
 .debug_ranges  0x000017e0       0x38 ./component/serial_manager/fsl_component_serial_port_uart.o
 .debug_ranges  0x00001818      0x2d8 ./component/osa/fsl_os_abstraction_bm.o
 .debug_ranges  0x00001af0       0x10 ./board/board.o
 .debug_ranges  0x00001b00       0x88 ./board/clock_config.o
 .debug_ranges  0x00001b88       0xa8 ./board/peripherals.o
 .debug_ranges  0x00001c30       0x90 ./board/pin_mux.o

.debug_line     0x00000000    0x114bb
 .debug_line    0x00000000      0x854 ./utilities/fsl_debug_console.o
 .debug_line    0x00000854      0x9a3 ./utilities/fsl_str.o
 .debug_line    0x000011f7      0xf13 ./usb/device/source/khci/usb_device_khci.o
 .debug_line    0x0000210a      0xd6f ./usb/device/source/usb_device_ch9.o
 .debug_line    0x00002e79      0xa39 ./usb/device/source/usb_device_dci.o
 .debug_line    0x000038b2      0xf94 ./usb/device/class/cdc/usb_device_cdc_acm.o
 .debug_line    0x00004846      0x86c ./usb/device/class/usb_device_class.o
 .debug_line    0x000050b2      0xc61 ./startup/startup_mk64f12.o
 .debug_line    0x00005d13      0x72b ./source/generated/usb_device_composite.o
 .debug_line    0x0000643e      0x419 ./source/generated/usb_device_descriptor.o
 .debug_line    0x00006857       0x58 ./source/semihost_hardfault.o
 .debug_line    0x000068af      0xa3a ./source/test_usb.o
 .debug_line    0x000072e9      0x873 ./source/usb_device_interface_0_cic_vcom.o
 .debug_line    0x00007b5c     0x1883 ./drivers/fsl_clock.o
 .debug_line    0x000093df      0x104 ./drivers/fsl_common_arm.o
 .debug_line    0x000094e3     0x1744 ./drivers/fsl_flexcan.o
 .debug_line    0x0000ac27     0x1b9d ./drivers/fsl_i2c.o
 .debug_line    0x0000c7c4      0x247 ./drivers/fsl_pit.o
 .debug_line    0x0000ca0b     0x1ccd ./drivers/fsl_uart.o
 .debug_line    0x0000e6d8      0x329 ./device/system_MK64F12.o
 .debug_line    0x0000ea01      0x3d1 ./component/uart/fsl_adapter_uart.o
 .debug_line    0x0000edd2      0x6f0 ./component/serial_manager/fsl_component_serial_manager.o
 .debug_line    0x0000f4c2      0x25c ./component/serial_manager/fsl_component_serial_port_uart.o
 .debug_line    0x0000f71e      0xb78 ./component/osa/fsl_os_abstraction_bm.o
 .debug_line    0x00010296      0x244 ./board/board.o
 .debug_line    0x000104da      0x3b9 ./board/clock_config.o
 .debug_line    0x00010893      0x3f0 ./board/peripherals.o
 .debug_line    0x00010c83      0x838 ./board/pin_mux.o

.debug_str      0x00000000     0xb760
 .debug_str     0x00000000     0x13a0 ./utilities/fsl_debug_console.o
                               0x1407 (size before relaxing)
 .debug_str     0x000013a0      0x321 ./utilities/fsl_str.o
                                0x553 (size before relaxing)
 .debug_str     0x000016c1     0x12b4 ./usb/device/source/khci/usb_device_khci.o
                               0x1e02 (size before relaxing)
 .debug_str     0x00002975     0x11d9 ./usb/device/source/usb_device_ch9.o
                               0x220d (size before relaxing)
 .debug_str     0x00003b4e      0x1d6 ./usb/device/source/usb_device_dci.o
                               0x1e0e (size before relaxing)
 .debug_str     0x00003d24      0x592 ./usb/device/class/cdc/usb_device_cdc_acm.o
                               0x1a9c (size before relaxing)
 .debug_str     0x000042b6      0x21a ./usb/device/class/usb_device_class.o
                               0x1aba (size before relaxing)
 .debug_str     0x000044d0      0x7eb ./startup/startup_mk64f12.o
                                0x939 (size before relaxing)
 .debug_str     0x00004cbb      0x9b3 ./source/generated/usb_device_composite.o
                               0x2174 (size before relaxing)
 .debug_str     0x0000566e      0x65a ./source/generated/usb_device_descriptor.o
                               0x1905 (size before relaxing)
 .debug_str     0x00005cc8       0x1f ./source/semihost_hardfault.o
                                0x15d (size before relaxing)
 .debug_str     0x00005ce7      0x7df ./source/test_usb.o
                               0x13f6 (size before relaxing)
 .debug_str     0x000064c6      0x1e3 ./source/usb_device_interface_0_cic_vcom.o
                               0x19d8 (size before relaxing)
 .debug_str     0x000066a9     0x1246 ./drivers/fsl_clock.o
                               0x1ff0 (size before relaxing)
 .debug_str     0x000078ef       0x51 ./drivers/fsl_common_arm.o
                                0x221 (size before relaxing)
 .debug_str     0x00007940      0xd8a ./drivers/fsl_flexcan.o
                               0x1d7e (size before relaxing)
 .debug_str     0x000086ca      0xc03 ./drivers/fsl_i2c.o
                               0x1ff1 (size before relaxing)
 .debug_str     0x000092cd       0x7a ./drivers/fsl_pit.o
                                0x543 (size before relaxing)
 .debug_str     0x00009347      0xd76 ./drivers/fsl_uart.o
                               0x224f (size before relaxing)
 .debug_str     0x0000a0bd       0xc0 ./device/system_MK64F12.o
                                0x3c2 (size before relaxing)
 .debug_str     0x0000a17d      0x2c8 ./component/uart/fsl_adapter_uart.o
                               0x1092 (size before relaxing)
 .debug_str     0x0000a445      0x246 ./component/serial_manager/fsl_component_serial_manager.o
                                0x8aa (size before relaxing)
 .debug_str     0x0000a68b       0x92 ./component/serial_manager/fsl_component_serial_port_uart.o
                                0x702 (size before relaxing)
 .debug_str     0x0000a71d      0x475 ./component/osa/fsl_os_abstraction_bm.o
                               0x10ca (size before relaxing)
 .debug_str     0x0000ab92       0x20 ./board/board.o
                                0x2c9 (size before relaxing)
 .debug_str     0x0000abb2      0x351 ./board/clock_config.o
                               0x12ff (size before relaxing)
 .debug_str     0x0000af03      0x11b ./board/peripherals.o