Archive member included to satisfy reference by file (symbol)

d:/nxp/mcuxpressoide_11.6.1_8255/ide/plugins/com.nxp.mcuxpresso.tools.win32_11.6.1.202207200623/tools/bin/../lib/gcc/arm-none-eabi/10.3.1/../../../../arm-none-eabi/lib/thumb/v7e-m+fp/hard\libcr_nohost_nf.a(_cr__main.o)
                              ./startup/startup_mk64f12.o (__main)
d:/nxp/mcuxpressoide_11.6.1_8255/ide/plugins/com.nxp.mcuxpresso.tools.win32_11.6.1.202207200623/tools/bin/../lib/gcc/arm-none-eabi/10.3.1/../../../../arm-none-eabi/lib/thumb/v7e-m+fp/hard\libcr_c.a(memcpy.o)
                              ./utilities/fsl_str.o (memcpy)
d:/nxp/mcuxpressoide_11.6.1_8255/ide/plugins/com.nxp.mcuxpresso.tools.win32_11.6.1.202207200623/tools/bin/../lib/gcc/arm-none-eabi/10.3.1/../../../../arm-none-eabi/lib/thumb/v7e-m+fp/hard\libcr_c.a(memset.o)
                              ./utilities/fsl_debug_console.o (memset)
d:/nxp/mcuxpressoide_11.6.1_8255/ide/plugins/com.nxp.mcuxpresso.tools.win32_11.6.1.202207200623/tools/bin/../lib/gcc/arm-none-eabi/10.3.1/../../../../arm-none-eabi/lib/thumb/v7e-m+fp/hard\libcr_c.a(alloc.o)
                              ./drivers/fsl_common.o (malloc)
d:/nxp/mcuxpressoide_11.6.1_8255/ide/plugins/com.nxp.mcuxpresso.tools.win32_11.6.1.202207200623/tools/bin/../lib/gcc/arm-none-eabi/10.3.1/../../../../arm-none-eabi/lib/thumb/v7e-m+fp/hard\libcr_c.a(errno.o)
                              ./utilities/fsl_str.o (errno)
d:/nxp/mcuxpressoide_11.6.1_8255/ide/plugins/com.nxp.mcuxpresso.tools.win32_11.6.1.202207200623/tools/bin/../lib/gcc/arm-none-eabi/10.3.1/../../../../arm-none-eabi/lib/thumb/v7e-m+fp/hard\libcr_c.a(initio.o)
                              d:/nxp/mcuxpressoide_11.6.1_8255/ide/plugins/com.nxp.mcuxpresso.tools.win32_11.6.1.202207200623/tools/bin/../lib/gcc/arm-none-eabi/10.3.1/../../../../arm-none-eabi/lib/thumb/v7e-m+fp/hard\libcr_nohost_nf.a(_cr__main.o) (_initio)
d:/nxp/mcuxpressoide_11.6.1_8255/ide/plugins/com.nxp.mcuxpresso.tools.win32_11.6.1.202207200623/tools/bin/../lib/gcc/arm-none-eabi/10.3.1/../../../../arm-none-eabi/lib/thumb/v7e-m+fp/hard\libcr_c.a(scanf.o)
                              ./utilities/fsl_str.o (strtoul)
d:/nxp/mcuxpressoide_11.6.1_8255/ide/plugins/com.nxp.mcuxpresso.tools.win32_11.6.1.202207200623/tools/bin/../lib/gcc/arm-none-eabi/10.3.1/../../../../arm-none-eabi/lib/thumb/v7e-m+fp/hard\libcr_c.a(setvbuf.o)
                              d:/nxp/mcuxpressoide_11.6.1_8255/ide/plugins/com.nxp.mcuxpresso.tools.win32_11.6.1.202207200623/tools/bin/../lib/gcc/arm-none-eabi/10.3.1/../../../../arm-none-eabi/lib/thumb/v7e-m+fp/hard\libcr_c.a(initio.o) (setvbuf)
d:/nxp/mcuxpressoide_11.6.1_8255/ide/plugins/com.nxp.mcuxpresso.tools.win32_11.6.1.202207200623/tools/bin/../lib/gcc/arm-none-eabi/10.3.1/../../../../arm-none-eabi/lib/thumb/v7e-m+fp/hard\libcr_c.a(strlen.o)
                              ./utilities/fsl_str.o (strlen)
d:/nxp/mcuxpressoide_11.6.1_8255/ide/plugins/com.nxp.mcuxpresso.tools.win32_11.6.1.202207200623/tools/bin/../lib/gcc/arm-none-eabi/10.3.1/../../../../arm-none-eabi/lib/thumb/v7e-m+fp/hard\libcr_c.a(ungetc.o)
                              d:/nxp/mcuxpressoide_11.6.1_8255/ide/plugins/com.nxp.mcuxpresso.tools.win32_11.6.1.202207200623/tools/bin/../lib/gcc/arm-none-eabi/10.3.1/../../../../arm-none-eabi/lib/thumb/v7e-m+fp/hard\libcr_c.a(scanf.o) (ungetc)
d:/nxp/mcuxpressoide_11.6.1_8255/ide/plugins/com.nxp.mcuxpresso.tools.win32_11.6.1.202207200623/tools/bin/../lib/gcc/arm-none-eabi/10.3.1/../../../../arm-none-eabi/lib/thumb/v7e-m+fp/hard\libcr_c.a(__fillbuf.o)
                              d:/nxp/mcuxpressoide_11.6.1_8255/ide/plugins/com.nxp.mcuxpresso.tools.win32_11.6.1.202207200623/tools/bin/../lib/gcc/arm-none-eabi/10.3.1/../../../../arm-none-eabi/lib/thumb/v7e-m+fp/hard\libcr_c.a(scanf.o) (__filbuf)
d:/nxp/mcuxpressoide_11.6.1_8255/ide/plugins/com.nxp.mcuxpresso.tools.win32_11.6.1.202207200623/tools/bin/../lib/gcc/arm-none-eabi/10.3.1/../../../../arm-none-eabi/lib/thumb/v7e-m+fp/hard\libcr_c.a(__init_alloc.o)
                              d:/nxp/mcuxpressoide_11.6.1_8255/ide/plugins/com.nxp.mcuxpresso.tools.win32_11.6.1.202207200623/tools/bin/../lib/gcc/arm-none-eabi/10.3.1/../../../../arm-none-eabi/lib/thumb/v7e-m+fp/hard\libcr_c.a(alloc.o) (__heaps)
d:/nxp/mcuxpressoide_11.6.1_8255/ide/plugins/com.nxp.mcuxpresso.tools.win32_11.6.1.202207200623/tools/bin/../lib/gcc/arm-none-eabi/10.3.1/../../../../arm-none-eabi/lib/thumb/v7e-m+fp/hard\libcr_c.a(_cr_sbrk.o)
                              d:/nxp/mcuxpressoide_11.6.1_8255/ide/plugins/com.nxp.mcuxpresso.tools.win32_11.6.1.202207200623/tools/bin/../lib/gcc/arm-none-eabi/10.3.1/../../../../arm-none-eabi/lib/thumb/v7e-m+fp/hard\libcr_c.a(alloc.o) (_sbrk)
d:/nxp/mcuxpressoide_11.6.1_8255/ide/plugins/com.nxp.mcuxpresso.tools.win32_11.6.1.202207200623/tools/bin/../lib/gcc/arm-none-eabi/10.3.1/../../../../arm-none-eabi/lib/thumb/v7e-m+fp/hard\libcr_c.a(_deferredlazyseek.o)
[...]
Memory Configuration

Name             Origin             Length             Attributes
PROGRAM_FLASH    0x00000000         0x00100000         xr
SRAM_UPPER       0x20000000         0x00030000         xrw
SRAM_LOWER       0x1fff0000         0x00010000         xrw
FLEX_RAM         0x14000000         0x00001000         xrw
*default*        0x00000000         0xffffffff

Linker script and memory map

LOAD ./utilities/fsl_debug_console.o
LOAD ./utilities/fsl_str.o
LOAD ./usb/device/source/khci/usb_device_khci.o
LOAD ./usb/device/source/usb_device_ch9.o
LOAD ./usb/device/source/usb_device_dci.o
LOAD ./usb/device/class/cdc/usb_device_cdc_acm.o
LOAD ./usb/device/class/usb_device_class.o
LOAD ./startup/startup_mk64f12.o
LOAD ./source/generated/usb_device_composite.o
LOAD ./source/generated/usb_device_descriptor.o
LOAD ./source/semihost_hardfault.o
LOAD ./source/test_usb.o
LOAD ./source/usb_device_interface_0_cic_vcom.o
LOAD ./drivers/fsl_adc16.o
LOAD ./drivers/fsl_clock.o
LOAD ./drivers/fsl_common.o
LOAD ./drivers/fsl_common_arm.o
LOAD ./drivers/fsl_gpio.o
LOAD ./drivers/fsl_i2c.o
LOAD ./drivers/fsl_pit.o
LOAD ./drivers/fsl_smc.o
LOAD ./drivers/fsl_sysmpu.o
LOAD ./drivers/fsl_uart.o
LOAD ./device/system_MK64F12.o
LOAD ./component/uart/fsl_adapter_uart.o
LOAD ./component/serial_manager/fsl_component_serial_manager.o
LOAD ./component/serial_manager/fsl_component_serial_port_uart.o
LOAD ./component/osa/fsl_os_abstraction_bm.o
LOAD ./component/lists/fsl_component_generic_list.o
LOAD ./board/board.o
LOAD ./board/clock_config.o
LOAD ./board/peripherals.o
LOAD ./board/pin_mux.o
START GROUP
LOAD d:/nxp/mcuxpressoide_11.6.1_8255/ide/plugins/com.nxp.mcuxpresso.tools.win32_11.6.1.202207200623/tools/bin/../lib/gcc/arm-none-eabi/10.3.1/../../../../arm-none-eabi/lib/thumb/v7e-m+fp/hard\libcr_nohost_nf.a
LOAD d:/nxp/mcuxpressoide_11.6.1_8255/ide/plugins/com.nxp.mcuxpresso.tools.win32_11.6.1.202207200623/tools/bin/../lib/gcc/arm-none-eabi/10.3.1/../../../../arm-none-eabi/lib/thumb/v7e-m+fp/hard\libcr_c.a
LOAD d:/nxp/mcuxpressoide_11.6.1_8255/ide/plugins/com.nxp.mcuxpresso.tools.win32_11.6.1.202207200623/tools/bin/../lib/gcc/arm-none-eabi/10.3.1/thumb/v7e-m+fp/hard\libcr_eabihelpers.a
LOAD d:/nxp/mcuxpressoide_11.6.1_8255/ide/plugins/com.nxp.mcuxpresso.tools.win32_11.6.1.202207200623/tools/bin/../lib/gcc/arm-none-eabi/10.3.1/thumb/v7e-m+fp/hard\libgcc.a
END GROUP
                0x00000000                __base_PROGRAM_FLASH = 0x0
                0x00000000                __base_Flash = 0x0
                0x00100000                __top_PROGRAM_FLASH = 0x100000
                0x00100000                __top_Flash = 0x100000
                0x20000000                __base_SRAM_UPPER = 0x20000000
                0x20000000                __base_RAM = 0x20000000
                0x20030000                __top_SRAM_UPPER = 0x20030000
                0x20030000                __top_RAM = 0x20030000
                0x1fff0000                __base_SRAM_LOWER = 0x1fff0000
                0x1fff0000                __base_RAM2 = 0x1fff0000
                0x20000000                __top_SRAM_LOWER = 0x20000000
                0x20000000                __top_RAM2 = 0x20000000
                0x14000000                __base_FLEX_RAM = 0x14000000
                0x14000000                __base_RAM3 = 0x14000000
                0x14001000                __top_FLEX_RAM = 0x14001000
                0x14001000                __top_RAM3 = 0x14001000

.text           0x00000000     0x4008
 FILL mask 0xff
                0x00000000                __vectors_start__ = ABSOLUTE (.)
 *(SORT_BY_ALIGNMENT(.isr_vector))
 .isr_vector    0x00000000      0x198 ./startup/startup_mk64f12.o
                0x00000000                g_pfnVectors
                0x00000000                __Vectors
                0x00000198                . = ALIGN (0x4)
                0x00000198                __section_table_start = .
                0x00000198                __data_section_table = .
                0x00000198        0x4 LONG 0x4008 LOADADDR (.data)
                0x0000019c        0x4 LONG 0x20000000 ADDR (.data)
                0x000001a0        0x4 LONG 0x148 SIZEOF (.data)
                0x000001a4        0x4 LONG 0x4008 LOADADDR (.data_RAM2)
                0x000001a8        0x4 LONG 0x1fff0000 ADDR (.data_RAM2)
                0x000001ac        0x4 LONG 0x0 SIZEOF (.data_RAM2)
                0x000001b0        0x4 LONG 0x4008 LOADADDR (.data_RAM3)
                0x000001b4        0x4 LONG 0x14000000 ADDR (.data_RAM3)
                0x000001b8        0x4 LONG 0x0 SIZEOF (.data_RAM3)
                0x000001bc                __data_section_table_end = .
                0x000001bc                __bss_section_table = .
                0x000001bc        0x4 LONG 0x20000200 ADDR (.bss)
                0x000001c0        0x4 LONG 0x748 SIZEOF (.bss)
                0x000001c4        0x4 LONG 0x1fff0000 ADDR (.bss_RAM2)
                0x000001c8        0x4 LONG 0x0 SIZEOF (.bss_RAM2)
                0x000001cc        0x4 LONG 0x14000000 ADDR (.bss_RAM3)
                0x000001d0        0x4 LONG 0x0 SIZEOF (.bss_RAM3)
                0x000001d4                __bss_section_table_end = .
                0x000001d4                __section_table_end = .
 *(SORT_BY_ALIGNMENT(.after_vectors*))
 .after_vectors.reset
                0x000001d4       0x44 ./startup/startup_mk64f12.o
                0x000001d4                ResetISR
 .after_vectors
                0x00000218       0x14 ./startup/startup_mk64f12.o
                0x00000218                NMI_Handler
                0x0000021c                MemManage_Handler
                0x0000021e                BusFault_Handler
                0x00000220                UsageFault_Handler
                0x00000222                SVC_Handler
                0x00000224                DebugMon_Handler
                0x00000226                PendSV_Handler
                0x00000228                SysTick_Handler
                0x0000022a                DMA_Error_DriverIRQHandler
                0x0000022a                LPTMR0_DriverIRQHandler
                0x0000022a                FTM1_DriverIRQHandler
                0x0000022a                FTM2_DriverIRQHandler
                0x0000022a                PIT2_DriverIRQHandler
                0x0000022a                SDHC_DriverIRQHandler
                0x0000022a                I2S0_Tx_DriverIRQHandler
                0x0000022a                RTC_Seconds_DriverIRQHandler
                0x0000022a                DMA6_DriverIRQHandler
                0x0000022a                LLWU_DriverIRQHandler
                0x0000022a                MCM_DriverIRQHandler
                0x0000022a                MCG_DriverIRQHandler
                0x0000022a                ENET_1588_Timer_DriverIRQHandler
                0x0000022a                DAC1_DriverIRQHandler
                0x0000022a                SPI1_DriverIRQHandler
                0x0000022a                CMP1_DriverIRQHandler
                0x0000022a                FTM0_DriverIRQHandler
                0x0000022a                IntDefaultHandler
                0x0000022a                USB0_DriverIRQHandler
                0x0000022a                UART5_ERR_DriverIRQHandler
                0x0000022a                PORTC_DriverIRQHandler
                0x0000022a                DMA11_DriverIRQHandler
                0x0000022a                DAC0_DriverIRQHandler
                0x0000022a                DMA10_DriverIRQHandler
                0x0000022a                CMP2_DriverIRQHandler
                0x0000022a                UART2_ERR_DriverIRQHandler
                0x0000022a                SPI2_DriverIRQHandler
                0x0000022a                LVD_LVW_DriverIRQHandler
                0x0000022a                PIT0_DriverIRQHandler
                0x0000022a                DMA12_DriverIRQHandler
                0x0000022a                DMA5_DriverIRQHandler
                0x0000022a                DMA4_DriverIRQHandler
                0x0000022a                USBDCD_DriverIRQHandler
                0x0000022a                UART3_ERR_DriverIRQHandler
                0x0000022a                DMA3_DriverIRQHandler
                0x0000022a                DMA8_DriverIRQHandler
                0x0000022a                DMA9_DriverIRQHandler
                0x0000022a                UART0_ERR_DriverIRQHandler
                0x0000022a                CMT_DriverIRQHandler
                0x0000022a                Reserved71_DriverIRQHandler
                0x0000022a                ADC1_DriverIRQHandler
                0x0000022a                PORTA_DriverIRQHandler
                0x0000022a                DMA14_DriverIRQHandler
                0x0000022a                PIT3_DriverIRQHandler
                0x0000022a                PIT1_DriverIRQHandler
                0x0000022a                WDOG_EWM_DriverIRQHandler
                0x0000022a                PDB0_DriverIRQHandler
                0x0000022a                RTC_DriverIRQHandler
                0x0000022a                I2S0_Rx_DriverIRQHandler
                0x0000022a                Read_Collision_DriverIRQHandler
                0x0000022a                SWI_DriverIRQHandler
                0x0000022a                UART4_ERR_DriverIRQHandler
                0x0000022a                PORTB_DriverIRQHandler
                0x0000022a                UART0_LON_DriverIRQHandler
                0x0000022a                DMA0_DriverIRQHandler
                0x0000022a                DMA1_DriverIRQHandler
                0x0000022a                ENET_Receive_DriverIRQHandler
                0x0000022a                DMA13_DriverIRQHandler
                0x0000022a                ENET_Error_DriverIRQHandler
                0x0000022a                DMA15_DriverIRQHandler
                0x0000022a                SPI0_DriverIRQHandler
                0x0000022a                ADC0_DriverIRQHandler
                0x0000022a                CMP0_DriverIRQHandler
                0x0000022a                CAN0_DriverIRQHandler
                0x0000022a                FTM3_DriverIRQHandler
                0x0000022a                RNG_DriverIRQHandler
                0x0000022a                UART1_ERR_DriverIRQHandler
                0x0000022a                DMA2_DriverIRQHandler
                0x0000022a                ENET_Transmit_DriverIRQHandler
                0x0000022a                PORTD_DriverIRQHandler
                0x0000022a                PORTE_DriverIRQHandler
                0x0000022a                FTFE_DriverIRQHandler
                0x0000022a                DMA7_DriverIRQHandler
 .after_vectors.init_data
                0x0000022c       0x12 ./startup/startup_mk64f12.o
                0x0000022c                data_init
 .after_vectors.init_bss
                0x0000023e       0x10 ./startup/startup_mk64f12.o
                0x0000023e                bss_init
                0x00000400                . = 0x400
 *fill*         0x0000024e      0x1b2 ff
                0x00000400                PROVIDE (__FLASH_CONFIG_START__ = .)
 *(SORT_BY_ALIGNMENT(.FlashConfig))
 .FlashConfig   0x00000400       0x10 ./startup/startup_mk64f12.o
                0x00000400                Flash_Config
                0x00000410                PROVIDE (__FLASH_CONFIG_END__ = .)
                0x00000001                ASSERT (! ((__FLASH_CONFIG_START__ == __FLASH_CONFIG_END__)), Linker Flash Config Support Enabled, but no .FlashConfig section provided within application)
 *(SORT_BY_ALIGNMENT(.text*))
 .text.DbgConsole_SendDataReliable
                0x00000410       0x30 ./utilities/fsl_debug_console.o
                0x00000410                DbgConsole_SendDataReliable
 .text.DbgConsole_Init
                0x00000440       0x78 ./utilities/fsl_debug_console.o
                0x00000440                DbgConsole_Init
 .text.DbgConsole_Vprintf
                0x000004b8       0x3c ./utilities/fsl_debug_console.o
                0x000004b8                DbgConsole_Vprintf
 .text.USB_DeviceKhciEndpointTransfer
                0x000004f4       0x8c ./usb/device/source/khci/usb_device_khci.o
 .text.USB_DeviceKhciInit
                0x00000580       0x68 ./usb/device/source/khci/usb_device_khci.o
                0x00000580                USB_DeviceKhciInit
 .text.USB_DeviceControlCallback
                0x000005e8      0x1d4 ./usb/device/source/usb_device_ch9.o
 .text.USB_DeviceControlPipeInit
                0x000007bc       0x50 ./usb/device/source/usb_device_ch9.o
                0x000007bc                USB_DeviceControlPipeInit
 .text.USB_DeviceInit
                0x0000080c       0xc0 ./usb/device/source/usb_device_dci.o
                0x0000080c                USB_DeviceInit
 .text.USB_DeviceCdcAcmEndpointsInit
                0x000008cc      0x1d4 ./usb/device/class/cdc/usb_device_cdc_acm.o
 .text.USB_DeviceCdcAcmInit
                0x00000aa0       0x58 ./usb/device/class/cdc/usb_device_cdc_acm.o
                0x00000aa0                USB_DeviceCdcAcmInit
 .text.USB_DeviceClassGetHandleByDeviceHandle
                0x00000af8       0x34 ./usb/device/class/usb_device_class.o
 .text.USB_DeviceClassFreeHandle.isra.0
                0x00000b2c       0x30 ./usb/device/class/usb_device_class.o
 .text.USB_DeviceClassGetDeviceHandle
                0x00000b5c       0x38 ./usb/device/class/usb_device_class.o
                0x00000b5c                USB_DeviceClassGetDeviceHandle
 .text.USB_DeviceClassInit
                0x00000b94       0xc8 ./usb/device/class/usb_device_class.o
                0x00000b94                USB_DeviceClassInit
 .text.USB_DeviceCallback
                0x00000c5c       0xe0 ./source/generated/usb_device_composite.o
 .text.USB0_IRQHandler
                0x00000d3c       0x14 ./source/generated/usb_device_composite.o
                0x00000d3c                USB0_IRQHandler
 .text.USB_DeviceIsrEnable
                0x00000d50       0x14 ./source/generated/usb_device_composite.o
                0x00000d50                USB_DeviceIsrEnable
 .text.USB_DeviceApplicationInit
                0x00000d64       0x4c ./source/generated/usb_device_composite.o
                0x00000d64                USB_DeviceApplicationInit
 .text.USB_DeviceGetDeviceDescriptor
                0x00000db0       0x10 ./source/generated/usb_device_descriptor.o
                0x00000db0                USB_DeviceGetDeviceDescriptor
 .text.USB_DeviceGetConfigurationDescriptor
                0x00000dc0       0x18 ./source/generated/usb_device_descriptor.o
                0x00000dc0                USB_DeviceGetConfigurationDescriptor
 .text.USB_DeviceGetStringDescriptor
                0x00000dd8       0x40 ./source/generated/usb_device_descriptor.o
                0x00000dd8                USB_DeviceGetStringDescriptor
 .text.RecibirDatos
                0x00000e18       0x20 ./source/test_usb.o
                0x00000e18                RecibirDatos
 .text.UpdateChecksum
                0x00000e38       0x1c ./source/test_usb.o
                0x00000e38                UpdateChecksum
 .text.CheckBytesLeft
                0x00000e54       0x1c ./source/test_usb.o
                0x00000e54                CheckBytesLeft
 .text.CheckChecksumAndReceiveData
                0x00000e70       0x1c ./source/test_usb.o
                0x00000e70                CheckChecksumAndReceiveData
 .text.Decode   0x00000e8c       0xc8 ./source/test_usb.o
                0x00000e8c                Decode
 .text.EnviarDatos
                0x00000f54       0xb4 ./source/test_usb.o
                0x00000f54                EnviarDatos
 .text.startup.main
                0x00001008       0x9c ./source/test_usb.o
                0x00001008                main
 .text.PIT0_IRQHandler
                0x000010a4       0x28 ./source/test_usb.o
                0x000010a4                PIT0_IRQHandler
 .text.USB_DeviceInterface0CicVcomTask
                0x000010cc       0x98 ./source/usb_device_interface_0_cic_vcom.o
                0x000010cc                USB_DeviceInterface0CicVcomTask
 .text.USB_DeviceInterface0CicVcomCallback
                0x00001164      0x198 ./source/usb_device_interface_0_cic_vcom.o
                0x00001164                USB_DeviceInterface0CicVcomCallback
 .text.USB_DeviceInterface0CicVcomSetConfiguration
                0x000012fc       0x24 ./source/usb_device_interface_0_cic_vcom.o
                0x000012fc                USB_DeviceInterface0CicVcomSetConfiguration
 .text.USB_DeviceInterface0CicVcomInit
                0x00001320       0x18 ./source/usb_device_interface_0_cic_vcom.o
                0x00001320                USB_DeviceInterface0CicVcomInit
 .text.CLOCK_GetMcgExtClkFreq
                0x00001338       0x34 ./drivers/fsl_clock.o
 .text.CLOCK_GetFllRefClkFreq
                0x0000136c       0x54 ./drivers/fsl_clock.o
 .text.CLOCK_GetInternalRefClkSelectFreq
                0x000013c0       0x28 ./drivers/fsl_clock.o
 .text.CLOCK_SetSimConfig
                0x000013e8       0x38 ./drivers/fsl_clock.o
                0x000013e8                CLOCK_SetSimConfig
 .text.CLOCK_EnableUsbfs0Clock
                0x00001420       0x98 ./drivers/fsl_clock.o
                0x00001420                CLOCK_EnableUsbfs0Clock
 .text.CLOCK_GetFllFreq
                0x000014b8       0x3c ./drivers/fsl_clock.o
                0x000014b8                CLOCK_GetFllFreq
 .text.CLOCK_GetPll0Freq
                0x000014f4       0x2c ./drivers/fsl_clock.o
                0x000014f4                CLOCK_GetPll0Freq
 .text.CLOCK_GetOutClkFreq
                0x00001520       0x28 ./drivers/fsl_clock.o
                0x00001520                CLOCK_GetOutClkFreq
 .text.CLOCK_GetCoreSysClkFreq
                0x00001548       0x18 ./drivers/fsl_clock.o
                0x00001548                CLOCK_GetCoreSysClkFreq
 .text.CLOCK_SetExternalRefClkConfig
                0x00001560       0x34 ./drivers/fsl_clock.o
                0x00001560                CLOCK_SetExternalRefClkConfig
 .text.CLOCK_SetInternalRefClkConfig
                0x00001594       0x7c ./drivers/fsl_clock.o
                0x00001594                CLOCK_SetInternalRefClkConfig
 .text.CLOCK_EnablePll0
                0x00001610       0x34 ./drivers/fsl_clock.o
                0x00001610                CLOCK_EnablePll0
 .text.CLOCK_InitOsc0
                0x00001644       0x64 ./drivers/fsl_clock.o
                0x00001644                CLOCK_InitOsc0
 .text.CLOCK_SetPbeMode
                0x000016a8       0x50 ./drivers/fsl_clock.o
                0x000016a8                CLOCK_SetPbeMode
 .text.CLOCK_BootToPeeMode
                0x000016f8       0x30 ./drivers/fsl_clock.o
                0x000016f8                CLOCK_BootToPeeMode
 .text.SDK_DelayAtLeastUs
                0x00001728       0x20 ./drivers/fsl_common_arm.o
                0x00001728                SDK_DelayAtLeastUs
 .text.I2C_TransferCommonIRQHandler
                0x00001748       0x28 ./drivers/fsl_i2c.o
 .text.I2C0_DriverIRQHandler
                0x00001770       0x14 ./drivers/fsl_i2c.o
                0x00001770                I2C0_DriverIRQHandler
 .text.I2C1_DriverIRQHandler
                0x00001784       0x14 ./drivers/fsl_i2c.o
                0x00001784                I2C1_DriverIRQHandler
 .text.I2C2_DriverIRQHandler
                0x00001798       0x14 ./drivers/fsl_i2c.o
                0x00001798                I2C2_DriverIRQHandler
 .text.PIT_Init
                0x000017ac       0x48 ./drivers/fsl_pit.o
                0x000017ac                PIT_Init
 .text.UART_GetInstance
                0x000017f4       0x4c ./drivers/fsl_uart.o
                0x000017f4                UART_GetInstance
 .text.UART_Init
                0x00001840      0x104 ./drivers/fsl_uart.o
                0x00001840                UART_Init
 .text.UART0_DriverIRQHandler
                0x00001944       0x20 ./drivers/fsl_uart.o
                0x00001944                UART0_DriverIRQHandler
 .text.UART1_DriverIRQHandler
                0x00001964       0x20 ./drivers/fsl_uart.o
                0x00001964                UART1_DriverIRQHandler
 .text.UART2_DriverIRQHandler
                0x00001984       0x20 ./drivers/fsl_uart.o
                0x00001984                UART2_DriverIRQHandler
 .text.UART3_DriverIRQHandler
                0x000019a4       0x20 ./drivers/fsl_uart.o
                0x000019a4                UART3_DriverIRQHandler
 .text.UART4_DriverIRQHandler
                0x000019c4       0x20 ./drivers/fsl_uart.o
                0x000019c4                UART4_DriverIRQHandler
 .text.UART5_DriverIRQHandler
                0x000019e4       0x20 ./drivers/fsl_uart.o
                0x000019e4                UART5_DriverIRQHandler
 .text.SystemInit
                0x00001a04       0x34 ./device/system_MK64F12.o
                0x00001a04                SystemInit
 .text.HAL_UartInit
                0x00001a38       0x8c ./component/uart/fsl_adapter_uart.o
                0x00001a38                HAL_UartInit
 .text.HAL_UartSendBlocking
                0x00001ac4       0x18 ./component/uart/fsl_adapter_uart.o
                0x00001ac4                HAL_UartSendBlocking
 .text.BOARD_BootClockRUN
                0x00001adc       0xa0 ./board/clock_config.o
                0x00001adc                BOARD_BootClockRUN
 .text.BOARD_InitPeripherals
                0x00001b7c       0x58 ./board/peripherals.o
                0x00001b7c                BOARD_InitPeripherals
 .text.CLOCK_EnableClock
                0x00001bd4       0x18 ./board/pin_mux.o
 .text.BOARD_InitPins
                0x00001bec       0x44 ./board/pin_mux.o
                0x00001bec                BOARD_InitPins
 .text.BOARD_InitDEBUG_UARTPins
                0x00001c30       0x30 ./board/pin_mux.o
                0x00001c30                BOARD_InitDEBUG_UARTPins
 .text._initio  0x00001c60       0x78 d:/nxp/mcuxpressoide_11.6.1_8255/ide/plugins/com.nxp.mcuxpresso.tools.win32_11.6.1.202207200623/tools/bin/../lib/gcc/arm-none-eabi/10.3.1/../../../../arm-none-eabi/lib/thumb/v7e-m+fp/hard\libcr_c.a(initio.o)
                0x00001c60                _initio
 .text._Cwritebuf
                0x00001cd8       0x6c d:/nxp/mcuxpressoide_11.6.1_8255/ide/plugins/com.nxp.mcuxpresso.tools.win32_11.6.1.202207200623/tools/bin/../lib/gcc/arm-none-eabi/10.3.1/../../../../arm-none-eabi/lib/thumb/v7e-m+fp/hard\libcr_c.a(_writebuf.o)
                0x00001cd8                _Cwritebuf
 .text.fflush   0x00001d44       0x3c d:/nxp/mcuxpressoide_11.6.1_8255/ide/plugins/com.nxp.mcuxpresso.tools.win32_11.6.1.202207200623/tools/bin/../lib/gcc/arm-none-eabi/10.3.1/../../../../arm-none-eabi/lib/thumb/v7e-m+fp/hard\libcr_c.a(fflush.o)
                0x00001d44                fflush
 .text.fseek    0x00001d80       0xfc d:/nxp/mcuxpressoide_11.6.1_8255/ide/plugins/com.nxp.mcuxpresso.tools.win32_11.6.1.202207200623/tools/bin/../lib/gcc/arm-none-eabi/10.3.1/../../../../arm-none-eabi/lib/thumb/v7e-m+fp/hard\libcr_c.a(fseek.o)
                0x00001d80                fseek
 .text.ftell    0x00001e7c       0x44 d:/nxp/mcuxpressoide_11.6.1_8255/ide/plugins/com.nxp.mcuxpresso.tools.win32_11.6.1.202207200623/tools/bin/../lib/gcc/arm-none-eabi/10.3.1/../../../../arm-none-eabi/lib/thumb/v7e-m+fp/hard\libcr_c.a(ftell.o)
                0x00001e7c                ftell
 .text.DbgConsole_PrintCallback
                0x00001ec0       0x3a ./utilities/fsl_debug_console.o
 .text.DbgConsole_Printf
                0x00001efa       0x1a ./utilities/fsl_debug_console.o
                0x00001efa                DbgConsole_Printf
 .text.ConvertRadixNumToString.constprop.0
                0x00001f14       0x48 ./utilities/fsl_str.o
 .text.StrFormatPrintf
                0x00001f5c      0x1c8 ./utilities/fsl_str.o
                0x00001f5c                StrFormatPrintf
 .text.USB_DeviceKhciSetDefaultState
                0x00002124       0x90 ./usb/device/source/khci/usb_device_khci.o
 .text.USB_DeviceKhciPrimeNextSetup
                0x000021b4       0x34 ./usb/device/source/khci/usb_device_khci.o
 .text.USB_DeviceKhciDeinit
                0x000021e8       0x2a ./usb/device/source/khci/usb_device_khci.o
                0x000021e8                USB_DeviceKhciDeinit
 .text.USB_DeviceKhciSend
                0x00002212       0x86 ./usb/device/source/khci/usb_device_khci.o
                0x00002212                USB_DeviceKhciSend
 .text.USB_DeviceKhciRecv
                0x00002298       0x9c ./usb/device/source/khci/usb_device_khci.o
                0x00002298                USB_DeviceKhciRecv
 .text.USB_DeviceKhciCancel
                0x00002334       0x4a ./usb/device/source/khci/usb_device_khci.o
                0x00002334                USB_DeviceKhciCancel
 .text.USB_DeviceKhciEndpointUnstall
                0x0000237e       0x88 ./usb/device/source/khci/usb_device_khci.o
 .text.USB_DeviceKhciEndpointDeinit
                0x00002406       0x2a ./usb/device/source/khci/usb_device_khci.o
 .text.USB_DeviceKhciControl
                0x00002430      0x28c ./usb/device/source/khci/usb_device_khci.o
                0x00002430                USB_DeviceKhciControl
 .text.USB_DeviceKhciIsrFunction
                0x000026bc      0x2ae ./usb/device/source/khci/usb_device_khci.o
                0x000026bc                USB_DeviceKhciIsrFunction
 .text.USB_DeviceCh9SynchFrame
                0x0000296a       0x6c ./usb/device/source/usb_device_ch9.o
 .text.USB_DeviceCh9GetStatus
                0x000029d6       0xb0 ./usb/device/source/usb_device_ch9.o
 .text.USB_DeviceCh9GetInterface
                0x00002a86       0x6c ./usb/device/source/usb_device_ch9.o
 .text.USB_DeviceCh9GetConfiguration
                0x00002af2       0x5c ./usb/device/source/usb_device_ch9.o
 .text.USB_DeviceCh9GetDescriptor
                0x00002b4e       0xa4 ./usb/device/source/usb_device_ch9.o
 .text.USB_DeviceCh9SetConfiguration
                0x00002bf2       0x7e ./usb/device/source/usb_device_ch9.o
 .text.USB_DeviceCh9SetAddress
                0x00002c70       0x74 ./usb/device/source/usb_device_ch9.o
 .text.USB_DeviceCh9SetClearFeature
                0x00002ce4       0x9a ./usb/device/source/usb_device_ch9.o
 .text.USB_DeviceControlCallbackFeedback.constprop.0
                0x00002d7e       0x54 ./usb/device/source/usb_device_ch9.o
 .text.USB_DeviceCh9SetInterface
                0x00002dd2       0x62 ./usb/device/source/usb_device_ch9.o
 .text.USB_DeviceControl
                0x00002e34       0x14 ./usb/device/source/usb_device_dci.o
 .text.USB_DeviceTransfer
                0x00002e48       0x7a ./usb/device/source/usb_device_dci.o
 .text.USB_DeviceNotificationTrigger
                0x00002ec2       0xa6 ./usb/device/source/usb_device_dci.o
                0x00002ec2                USB_DeviceNotificationTrigger
 .text.USB_DeviceRun
                0x00002f68        0x8 ./usb/device/source/usb_device_dci.o
                0x00002f68                USB_DeviceRun
 .text.USB_DeviceDeinit
                0x00002f70       0x34 ./usb/device/source/usb_device_dci.o
                0x00002f70                USB_DeviceDeinit
 .text.USB_DeviceSendRequest
                0x00002fa4        0xc ./usb/device/source/usb_device_dci.o
                0x00002fa4                USB_DeviceSendRequest
 .text.USB_DeviceRecvRequest
                0x00002fb0        0x8 ./usb/device/source/usb_device_dci.o
                0x00002fb0                USB_DeviceRecvRequest
 .text.USB_DeviceInitEndpoint
                0x00002fb8       0x3e ./usb/device/source/usb_device_dci.o
                0x00002fb8                USB_DeviceInitEndpoint
 .text.USB_DeviceDeinitEndpoint
                0x00002ff6       0x3e ./usb/device/source/usb_device_dci.o
                0x00002ff6                USB_DeviceDeinitEndpoint
 .text.USB_DeviceStallEndpoint
                0x00003034       0x22 ./usb/device/source/usb_device_dci.o
                0x00003034                USB_DeviceStallEndpoint
 .text.USB_DeviceUnstallEndpoint
                0x00003056       0x22 ./usb/device/source/usb_device_dci.o
                0x00003056                USB_DeviceUnstallEndpoint
 .text.USB_DeviceGetStatus
                0x00003078       0x42 ./usb/device/source/usb_device_dci.o
                0x00003078                USB_DeviceGetStatus
 .text.USB_DeviceSetStatus
                0x000030ba       0x62 ./usb/device/source/usb_device_dci.o
                0x000030ba                USB_DeviceSetStatus
 .text.USB_DeviceCdcAcmInterruptIn
                0x0000311c       0x20 ./usb/device/class/cdc/usb_device_cdc_acm.o
 .text.USB_DeviceCdcAcmBulkIn
                0x0000313c       0x20 ./usb/device/class/cdc/usb_device_cdc_acm.o
 .text.USB_DeviceCdcAcmBulkOut
                0x0000315c       0x20 ./usb/device/class/cdc/usb_device_cdc_acm.o
 .text.USB_DeviceCdcAcmEndpointsDeinit
                0x0000317c       0x56 ./usb/device/class/cdc/usb_device_cdc_acm.o
 .text.USB_DeviceCdcAcmEvent
                0x000031d2      0x37a ./usb/device/class/cdc/usb_device_cdc_acm.o
                0x000031d2                USB_DeviceCdcAcmEvent
 .text.USB_DeviceCdcAcmSend
                0x0000354c       0x4e ./usb/device/class/cdc/usb_device_cdc_acm.o
                0x0000354c                USB_DeviceCdcAcmSend
 .text.USB_DeviceCdcAcmRecv
                0x0000359a       0x3a ./usb/device/class/cdc/usb_device_cdc_acm.o
                0x0000359a                USB_DeviceCdcAcmRecv
 .text.USB_DeviceClassEvent
                0x000035d4       0x5e ./usb/device/class/usb_device_class.o
                0x000035d4                USB_DeviceClassEvent
 .text.USB_DeviceClassCallback
                0x00003632       0x38 ./usb/device/class/usb_device_class.o
                0x00003632                USB_DeviceClassCallback
 .text.DMA0_IRQHandler
                0x0000366a        0x8 ./startup/startup_mk64f12.o
                0x0000366a                DMA0_IRQHandler
 .text.DMA1_IRQHandler
                0x00003672        0x8 ./startup/startup_mk64f12.o
                0x00003672                DMA1_IRQHandler
 .text.DMA2_IRQHandler
                0x0000367a        0x8 ./startup/startup_mk64f12.o
                0x0000367a                DMA2_IRQHandler
 .text.DMA3_IRQHandler
                0x00003682        0x8 ./startup/startup_mk64f12.o
                0x00003682                DMA3_IRQHandler
 .text.DMA4_IRQHandler
                0x0000368a        0x8 ./startup/startup_mk64f12.o
                0x0000368a                DMA4_IRQHandler
 .text.DMA5_IRQHandler
                0x00003692        0x8 ./startup/startup_mk64f12.o
                0x00003692                DMA5_IRQHandler
 .text.DMA6_IRQHandler
                0x0000369a        0x8 ./startup/startup_mk64f12.o
                0x0000369a                DMA6_IRQHandler
 .text.DMA7_IRQHandler
                0x000036a2        0x8 ./startup/startup_mk64f12.o
                0x000036a2                DMA7_IRQHandler
 .text.DMA8_IRQHandler
                0x000036aa        0x8 ./startup/startup_mk64f12.o
                0x000036aa                DMA8_IRQHandler
 .text.DMA9_IRQHandler
                0x000036b2        0x8 ./startup/startup_mk64f12.o
                0x000036b2                DMA9_IRQHandler
 .text.DMA10_IRQHandler
                0x000036ba        0x8 ./startup/startup_mk64f12.o
                0x000036ba                DMA10_IRQHandler
 .text.DMA11_IRQHandler
                0x000036c2        0x8 ./startup/startup_mk64f12.o
                0x000036c2                DMA11_IRQHandler
 .text.DMA12_IRQHandler
                0x000036ca        0x8 ./startup/startup_mk64f12.o
                0x000036ca                DMA12_IRQHandler
 .text.DMA13_IRQHandler
                0x000036d2        0x8 ./startup/startup_mk64f12.o
                0x000036d2                DMA13_IRQHandler
 .text.DMA14_IRQHandler
                0x000036da        0x8 ./startup/startup_mk64f12.o
                0x000036da                DMA14_IRQHandler
 .text.DMA15_IRQHandler
                0x000036e2        0x8 ./startup/startup_mk64f12.o
                0x000036e2                DMA15_IRQHandler
 .text.DMA_Error_IRQHandler
                0x000036ea        0x8 ./startup/startup_mk64f12.o
                0x000036ea                DMA_Error_IRQHandler
 .text.MCM_IRQHandler
                0x000036f2        0x8 ./startup/startup_mk64f12.o
                0x000036f2                MCM_IRQHandler
 .text.FTFE_IRQHandler
                0x000036fa        0x8 ./startup/startup_mk64f12.o
                0x000036fa                FTFE_IRQHandler
 .text.Read_Collision_IRQHandler
                0x00003702        0x8 ./startup/startup_mk64f12.o
                0x00003702                Read_Collision_IRQHandler
 .text.LVD_LVW_IRQHandler
                0x0000370a        0x8 ./startup/startup_mk64f12.o
                0x0000370a                LVD_LVW_IRQHandler
 .text.LLWU_IRQHandler
                0x00003712        0x8 ./startup/startup_mk64f12.o
                0x00003712                LLWU_IRQHandler
 .text.WDOG_EWM_IRQHandler
                0x0000371a        0x8 ./startup/startup_mk64f12.o
                0x0000371a                WDOG_EWM_IRQHandler
 .text.RNG_IRQHandler
                0x00003722        0x8 ./startup/startup_mk64f12.o
                0x00003722                RNG_IRQHandler
 .text.I2C0_IRQHandler
                0x0000372a        0x8 ./startup/startup_mk64f12.o
                0x0000372a                I2C0_IRQHandler
 .text.I2C1_IRQHandler
                0x00003732        0x8 ./startup/startup_mk64f12.o
                0x00003732                I2C1_IRQHandler
 .text.SPI0_IRQHandler
                0x0000373a        0x8 ./startup/startup_mk64f12.o
                0x0000373a                SPI0_IRQHandler
 .text.SPI1_IRQHandler
                0x00003742        0x8 ./startup/startup_mk64f12.o
                0x00003742                SPI1_IRQHandler
 .text.I2S0_Tx_IRQHandler
                0x0000374a        0x8 ./startup/startup_mk64f12.o
                0x0000374a                I2S0_Tx_IRQHandler
 .text.I2S0_Rx_IRQHandler
                0x00003752        0x8 ./startup/startup_mk64f12.o
                0x00003752                I2S0_Rx_IRQHandler
 .text.UART0_LON_IRQHandler
                0x0000375a        0x8 ./startup/startup_mk64f12.o
                0x0000375a                UART0_LON_IRQHandler
 .text.UART0_RX_TX_IRQHandler
                0x00003762        0x8 ./startup/startup_mk64f12.o
                0x00003762                UART0_RX_TX_IRQHandler
 .text.UART0_ERR_IRQHandler
                0x0000376a        0x8 ./startup/startup_mk64f12.o
                0x0000376a                UART0_ERR_IRQHandler
 .text.UART1_RX_TX_IRQHandler
                0x00003772        0x8 ./startup/startup_mk64f12.o
                0x00003772                UART1_RX_TX_IRQHandler
 .text.UART1_ERR_IRQHandler
                0x0000377a        0x8 ./startup/startup_mk64f12.o
                0x0000377a                UART1_ERR_IRQHandler
 .text.UART2_RX_TX_IRQHandler
                0x00003782        0x8 ./startup/startup_mk64f12.o
                0x00003782                UART2_RX_TX_IRQHandler
 .text.UART2_ERR_IRQHandler
                0x0000378a        0x8 ./startup/startup_mk64f12.o
                0x0000378a                UART2_ERR_IRQHandler
 .text.UART3_RX_TX_IRQHandler
                0x00003792        0x8 ./startup/startup_mk64f12.o
                0x00003792                UART3_RX_TX_IRQHandler
 .text.UART3_ERR_IRQHandler
                0x0000379a        0x8 ./startup/startup_mk64f12.o
                0x0000379a                UART3_ERR_IRQHandler
 .text.ADC0_IRQHandler
                0x000037a2        0x8 ./startup/startup_mk64f12.o
                0x000037a2                ADC0_IRQHandler
 .text.CMP0_IRQHandler
                0x000037aa        0x8 ./startup/startup_mk64f12.o
                0x000037aa                CMP0_IRQHandler
 .text.CMP1_IRQHandler
                0x000037b2        0x8 ./startup/startup_mk64f12.o
                0x000037b2                CMP1_IRQHandler
 .text.FTM0_IRQHandler
                0x000037ba        0x8 ./startup/startup_mk64f12.o
                0x000037ba                FTM0_IRQHandler
 .text.FTM1_IRQHandler
                0x000037c2        0x8 ./startup/startup_mk64f12.o
                0x000037c2                FTM1_IRQHandler
 .text.FTM2_IRQHandler
                0x000037ca        0x8 ./startup/startup_mk64f12.o
                0x000037ca                FTM2_IRQHandler
 .text.CMT_IRQHandler
                0x000037d2        0x8 ./startup/startup_mk64f12.o
                0x000037d2                CMT_IRQHandler
 .text.RTC_IRQHandler
                0x000037da        0x8 ./startup/startup_mk64f12.o
                0x000037da                RTC_IRQHandler
 .text.RTC_Seconds_IRQHandler
                0x000037e2        0x8 ./startup/startup_mk64f12.o
                0x000037e2                RTC_Seconds_IRQHandler
 .text.PIT1_IRQHandler
                0x000037ea        0x8 ./startup/startup_mk64f12.o
                0x000037ea                PIT1_IRQHandler
 .text.PIT2_IRQHandler
                0x000037f2        0x8 ./startup/startup_mk64f12.o
                0x000037f2                PIT2_IRQHandler
 .text.PIT3_IRQHandler
                0x000037fa        0x8 ./startup/startup_mk64f12.o
                0x000037fa                PIT3_IRQHandler
 .text.PDB0_IRQHandler
                0x00003802        0x8 ./startup/startup_mk64f12.o
                0x00003802                PDB0_IRQHandler
 .text.USBDCD_IRQHandler
                0x0000380a        0x8 ./startup/startup_mk64f12.o
                0x0000380a                USBDCD_IRQHandler
 .text.Reserved71_IRQHandler
                0x00003812        0x8 ./startup/startup_mk64f12.o
                0x00003812                Reserved71_IRQHandler
 .text.DAC0_IRQHandler
                0x0000381a        0x8 ./startup/startup_mk64f12.o
                0x0000381a                DAC0_IRQHandler
 .text.MCG_IRQHandler
                0x00003822        0x8 ./startup/startup_mk64f12.o
                0x00003822                MCG_IRQHandler
 .text.LPTMR0_IRQHandler
                0x0000382a        0x8 ./startup/startup_mk64f12.o
                0x0000382a                LPTMR0_IRQHandler
 .text.PORTA_IRQHandler
                0x00003832        0x8 ./startup/startup_mk64f12.o
                0x00003832                PORTA_IRQHandler
 .text.PORTB_IRQHandler
                0x0000383a        0x8 ./startup/startup_mk64f12.o
                0x0000383a                PORTB_IRQHandler
 .text.PORTC_IRQHandler
                0x00003842        0x8 ./startup/startup_mk64f12.o
                0x00003842                PORTC_IRQHandler
 .text.PORTD_IRQHandler
                0x0000384a        0x8 ./startup/startup_mk64f12.o
                0x0000384a                PORTD_IRQHandler
 .text.PORTE_IRQHandler
                0x00003852        0x8 ./startup/startup_mk64f12.o
                0x00003852                PORTE_IRQHandler
 .text.SWI_IRQHandler
                0x0000385a        0x8 ./startup/startup_mk64f12.o
                0x0000385a                SWI_IRQHandler
 .text.SPI2_IRQHandler
                0x00003862        0x8 ./startup/startup_mk64f12.o
                0x00003862                SPI2_IRQHandler
 .text.UART4_RX_TX_IRQHandler
                0x0000386a        0x8 ./startup/startup_mk64f12.o
                0x0000386a                UART4_RX_TX_IRQHandler
 .text.UART4_ERR_IRQHandler
                0x00003872        0x8 ./startup/startup_mk64f12.o
                0x00003872                UART4_ERR_IRQHandler
 .text.UART5_RX_TX_IRQHandler
                0x0000387a        0x8 ./startup/startup_mk64f12.o
                0x0000387a                UART5_RX_TX_IRQHandler
 .text.UART5_ERR_IRQHandler
                0x00003882        0x8 ./startup/startup_mk64f12.o
                0x00003882                UART5_ERR_IRQHandler
 .text.CMP2_IRQHandler
                0x0000388a        0x8 ./startup/startup_mk64f12.o
                0x0000388a                CMP2_IRQHandler
 .text.FTM3_IRQHandler
                0x00003892        0x8 ./startup/startup_mk64f12.o
                0x00003892                FTM3_IRQHandler
 .text.DAC1_IRQHandler
                0x0000389a        0x8 ./startup/startup_mk64f12.o
                0x0000389a                DAC1_IRQHandler
 .text.ADC1_IRQHandler
                0x000038a2        0x8 ./startup/startup_mk64f12.o
                0x000038a2                ADC1_IRQHandler
 .text.I2C2_IRQHandler
                0x000038aa        0x8 ./startup/startup_mk64f12.o
                0x000038aa                I2C2_IRQHandler
 .text.CAN0_ORed_Message_buffer_IRQHandler
                0x000038b2        0x8 ./startup/startup_mk64f12.o
                0x000038b2                CAN0_ORed_Message_buffer_IRQHandler
 .text.CAN0_Wake_Up_IRQHandler
                0x000038ba        0x8 ./startup/startup_mk64f12.o
                0x000038ba                CAN0_Wake_Up_IRQHandler
 .text.CAN0_Bus_Off_IRQHandler
                0x000038c2        0x8 ./startup/startup_mk64f12.o
                0x000038c2                CAN0_Bus_Off_IRQHandler
 .text.CAN0_Error_IRQHandler
                0x000038ca        0x8 ./startup/startup_mk64f12.o
                0x000038ca                CAN0_Error_IRQHandler
 .text.CAN0_Tx_Warning_IRQHandler
                0x000038d2        0x8 ./startup/startup_mk64f12.o
                0x000038d2                CAN0_Tx_Warning_IRQHandler
 .text.CAN0_Rx_Warning_IRQHandler
                0x000038da        0x8 ./startup/startup_mk64f12.o
                0x000038da                CAN0_Rx_Warning_IRQHandler
 .text.SDHC_IRQHandler
                0x000038e2        0x8 ./startup/startup_mk64f12.o
                0x000038e2                SDHC_IRQHandler
 .text.ENET_1588_Timer_IRQHandler
                0x000038ea        0x8 ./startup/startup_mk64f12.o
                0x000038ea                ENET_1588_Timer_IRQHandler
 .text.ENET_Transmit_IRQHandler
                0x000038f2        0x8 ./startup/startup_mk64f12.o
                0x000038f2                ENET_Transmit_IRQHandler
 .text.ENET_Receive_IRQHandler
                0x000038fa        0x8 ./startup/startup_mk64f12.o
                0x000038fa                ENET_Receive_IRQHandler
 .text.ENET_Error_IRQHandler
                0x00003902        0x8 ./startup/startup_mk64f12.o
                0x00003902                ENET_Error_IRQHandler
 .text.HardFault_Handler
                0x0000390a       0x2a ./source/semihost_hardfault.o
                0x0000390a                HardFault_Handler
 .text.USB_DeviceInterface0CicVcomSetInterface
                0x00003934        0x4 ./source/usb_device_interface_0_cic_vcom.o
                0x00003934                USB_DeviceInterface0CicVcomSetInterface
 .text.USB_DeviceInterface1DicVcomSetInterface
                0x00003938        0x4 ./source/usb_device_interface_0_cic_vcom.o
                0x00003938                USB_DeviceInterface1DicVcomSetInterface
 .text.UART_GetDefaultConfig
                0x0000393c       0x20 ./drivers/fsl_uart.o
                0x0000393c                UART_GetDefaultConfig
 .text.UART_WriteBlocking
                0x0000395c       0x1e ./drivers/fsl_uart.o
                0x0000395c                UART_WriteBlocking
 .text.UART0_RX_TX_DriverIRQHandler
                0x0000397a        0xc ./drivers/fsl_uart.o
                0x0000397a                UART0_RX_TX_DriverIRQHandler
 .text.UART1_RX_TX_DriverIRQHandler
                0x00003986        0xc ./drivers/fsl_uart.o
                0x00003986                UART1_RX_TX_DriverIRQHandler
 .text.UART2_RX_TX_DriverIRQHandler
                0x00003992        0xc ./drivers/fsl_uart.o
                0x00003992                UART2_RX_TX_DriverIRQHandler
 .text.UART3_RX_TX_DriverIRQHandler
                0x0000399e        0xc ./drivers/fsl_uart.o
                0x0000399e                UART3_RX_TX_DriverIRQHandler
 .text.UART4_RX_TX_DriverIRQHandler
                0x000039aa        0xc ./drivers/fsl_uart.o
                0x000039aa                UART4_RX_TX_DriverIRQHandler
 .text.UART5_RX_TX_DriverIRQHandler
                0x000039b6        0xc ./drivers/fsl_uart.o
                0x000039b6                UART5_RX_TX_DriverIRQHandler
 .text.SystemInitHook
                0x000039c2        0x2 ./device/system_MK64F12.o
                0x000039c2                SystemInitHook
 .text.SerialManager_Init
                0x000039c4       0x2a ./component/serial_manager/fsl_component_serial_manager.o
                0x000039c4                SerialManager_Init
 .text.SerialManager_OpenWriteHandle
                0x000039ee       0x26 ./component/serial_manager/fsl_component_serial_manager.o
                0x000039ee                SerialManager_OpenWriteHandle
 .text.SerialManager_OpenReadHandle
                0x00003a14       0x2c ./component/serial_manager/fsl_component_serial_manager.o
                0x00003a14                SerialManager_OpenReadHandle
 .text.SerialManager_WriteBlocking
                0x00003a40       0x14 ./component/serial_manager/fsl_component_serial_manager.o
                0x00003a40                SerialManager_WriteBlocking
 .text.Serial_UartInit
                0x00003a54        0x4 ./component/serial_manager/fsl_component_serial_port_uart.o
                0x00003a54                Serial_UartInit
 .text.Serial_UartWrite
                0x00003a58        0x4 ./component/serial_manager/fsl_component_serial_port_uart.o
                0x00003a58                Serial_UartWrite
 .text.OSA_EnterCritical
                0x00003a5c        0xa ./component/osa/fsl_os_abstraction_bm.o
                0x00003a5c                OSA_EnterCritical
 .text.OSA_ExitCritical
                0x00003a66        0x6 ./component/osa/fsl_os_abstraction_bm.o
                0x00003a66                OSA_ExitCritical
 .text.OSA_MutexCreate
                0x00003a6c        0xa ./component/osa/fsl_os_abstraction_bm.o
                0x00003a6c                OSA_MutexCreate
 .text.BOARD_InitDebugConsole
                0x00003a76       0x18 ./board/board.o
                0x00003a76                BOARD_InitDebugConsole
 .text.BOARD_InitBootClocks
                0x00003a8e        0x4 ./board/clock_config.o
                0x00003a8e                BOARD_InitBootClocks
 .text.BOARD_InitBootPeripherals
                0x00003a92        0x4 ./board/peripherals.o
                0x00003a92                BOARD_InitBootPeripherals
 .text.BOARD_InitBootPins
                0x00003a96        0xe ./board/pin_mux.o
                0x00003a96                BOARD_InitBootPins
 .text.__main   0x00003aa4        0xe d:/nxp/mcuxpressoide_11.6.1_8255/ide/plugins/com.nxp.mcuxpresso.tools.win32_11.6.1.202207200623/tools/bin/../lib/gcc/arm-none-eabi/10.3.1/../../../../arm-none-eabi/lib/thumb/v7e-m+fp/hard\libcr_nohost_nf.a(_cr__main.o)
                0x00003aa4                __main
 .text.memcpy   0x00003ab2        0x4 d:/nxp/mcuxpressoide_11.6.1_8255/ide/plugins/com.nxp.mcuxpresso.tools.win32_11.6.1.202207200623/tools/bin/../lib/gcc/arm-none-eabi/10.3.1/../../../../arm-none-eabi/lib/thumb/v7e-m+fp/hard\libcr_c.a(memcpy.o)
                0x00003ab2                memcpy
 .text.memset   0x00003ab6        0x4 d:/nxp/mcuxpressoide_11.6.1_8255/ide/plugins/com.nxp.mcuxpresso.tools.win32_11.6.1.202207200623/tools/bin/../lib/gcc/arm-none-eabi/10.3.1/../../../../arm-none-eabi/lib/thumb/v7e-m+fp/hard\libcr_c.a(memset.o)
                0x00003ab6                memset
 .text.free     0x00003aba       0x30 d:/nxp/mcuxpressoide_11.6.1_8255/ide/plugins/com.nxp.mcuxpresso.tools.win32_11.6.1.202207200623/tools/bin/../lib/gcc/arm-none-eabi/10.3.1/../../../../arm-none-eabi/lib/thumb/v7e-m+fp/hard\libcr_c.a(alloc.o)
                0x00003aba                free
 .text.setvbuf  0x00003aea       0x3e d:/nxp/mcuxpressoide_11.6.1_8255/ide/plugins/com.nxp.mcuxpresso.tools.win32_11.6.1.202207200623/tools/bin/../lib/gcc/arm-none-eabi/10.3.1/../../../../arm-none-eabi/lib/thumb/v7e-m+fp/hard\libcr_c.a(setvbuf.o)
                0x00003aea                setvbuf
 .text.strlen   0x00003b28       0x48 d:/nxp/mcuxpressoide_11.6.1_8255/ide/plugins/com.nxp.mcuxpresso.tools.win32_11.6.1.202207200623/tools/bin/../lib/gcc/arm-none-eabi/10.3.1/../../../../arm-none-eabi/lib/thumb/v7e-m+fp/hard\libcr_c.a(strlen.o)
                0x00003b28                strlen
 .text._deferredlazyseek
                0x00003b70       0x40 d:/nxp/mcuxpressoide_11.6.1_8255/ide/plugins/com.nxp.mcuxpresso.tools.win32_11.6.1.202207200623/tools/bin/../lib/gcc/arm-none-eabi/10.3.1/../../../../arm-none-eabi/lib/thumb/v7e-m+fp/hard\libcr_c.a(_deferredlazyseek.o)
                0x00003b70                _deferredlazyseek
 .text._fdopen  0x00003bb0       0x68 d:/nxp/mcuxpressoide_11.6.1_8255/ide/plugins/com.nxp.mcuxpresso.tools.win32_11.6.1.202207200623/tools/bin/../lib/gcc/arm-none-eabi/10.3.1/../../../../arm-none-eabi/lib/thumb/v7e-m+fp/hard\libcr_c.a(_fdopen.o)
                0x00003bb0                _fdopen
 .text._fflush  0x00003c18       0x52 d:/nxp/mcuxpressoide_11.6.1_8255/ide/plugins/com.nxp.mcuxpresso.tools.win32_11.6.1.202207200623/tools/bin/../lib/gcc/arm-none-eabi/10.3.1/../../../../arm-none-eabi/lib/thumb/v7e-m+fp/hard\libcr_c.a(_fflush.o)
                0x00003c18                _fflush
 .text.fclose   0x00003c6a       0x58 d:/nxp/mcuxpressoide_11.6.1_8255/ide/plugins/com.nxp.mcuxpresso.tools.win32_11.6.1.202207200623/tools/bin/../lib/gcc/arm-none-eabi/10.3.1/../../../../arm-none-eabi/lib/thumb/v7e-m+fp/hard\libcr_c.a(fclose.o)
                0x00003c6a                fclose
 .text.remove   0x00003cc2       0x14 d:/nxp/mcuxpressoide_11.6.1_8255/ide/plugins/com.nxp.mcuxpresso.tools.win32_11.6.1.202207200623/tools/bin/../lib/gcc/arm-none-eabi/10.3.1/../../../../arm-none-eabi/lib/thumb/v7e-m+fp/hard\libcr_c.a(remove.o)
                0x00003cc2                remove
 .text._do_fflush
                0x00003cd6       0x40 d:/nxp/mcuxpressoide_11.6.1_8255/ide/plugins/com.nxp.mcuxpresso.tools.win32_11.6.1.202207200623/tools/bin/../lib/gcc/arm-none-eabi/10.3.1/../../../../arm-none-eabi/lib/thumb/v7e-m+fp/hard\libcr_c.a(_do_fflush.o)
                0x00003cd6                _do_fflush
 .text.__aeabi_division_uldivmod
                0x00003d16      0x174 d:/nxp/mcuxpressoide_11.6.1_8255/ide/plugins/com.nxp.mcuxpresso.tools.win32_11.6.1.202207200623/tools/bin/../lib/gcc/arm-none-eabi/10.3.1/thumb/v7e-m+fp/hard\libcr_eabihelpers.a(division_64.o)
                0x00003d16                __aeabi_uldivmod
                0x00003d1a                __bhs_ldivmod1
 .text.__aeabi_division_idiv0
                0x00003e8a        0x2 d:/nxp/mcuxpressoide_11.6.1_8255/ide/plugins/com.nxp.mcuxpresso.tools.win32_11.6.1.202207200623/tools/bin/../lib/gcc/arm-none-eabi/10.3.1/thumb/v7e-m+fp/hard\libcr_eabihelpers.a(division_idiv0.o)
                0x00003e8a                __aeabi_idiv0
 .text.__aeabi_memcpy
                0x00003e8c       0x34 d:/nxp/mcuxpressoide_11.6.1_8255/ide/plugins/com.nxp.mcuxpresso.tools.win32_11.6.1.202207200623/tools/bin/../lib/gcc/arm-none-eabi/10.3.1/thumb/v7e-m+fp/hard\libcr_eabihelpers.a(memcpy.o)
                0x00003e8c                __aeabi_memcpy
                0x00003e96                __aeabi_memcpy8
                0x00003e96                __aeabi_memcpy4
 .text.__aeabi_memset_lowlevel
                0x00003ec0       0x32 d:/nxp/mcuxpressoide_11.6.1_8255/ide/plugins/com.nxp.mcuxpresso.tools.win32_11.6.1.202207200623/tools/bin/../lib/gcc/arm-none-eabi/10.3.1/thumb/v7e-m+fp/hard\libcr_eabihelpers.a(memcpy.o)
                0x00003ec0                __aeabi_lowlevel_memset
 .text.__sys_close
                0x00003ef2        0x6 d:/nxp/mcuxpressoide_11.6.1_8255/ide/plugins/com.nxp.mcuxpresso.tools.win32_11.6.1.202207200623/tools/bin/../lib/gcc/arm-none-eabi/10.3.1/../../../../arm-none-eabi/lib/thumb/v7e-m+fp/hard\libcr_nohost_nf.a(__sys_close.o)
                0x00003ef2                __sys_close
 .text.__sys_flen
                0x00003ef8        0x6 d:/nxp/mcuxpressoide_11.6.1_8255/ide/plugins/com.nxp.mcuxpresso.tools.win32_11.6.1.202207200623/tools/bin/../lib/gcc/arm-none-eabi/10.3.1/../../../../arm-none-eabi/lib/thumb/v7e-m+fp/hard\libcr_nohost_nf.a(__sys_flen.o)
                0x00003ef8                __sys_flen
 .text.__sys_istty
                0x00003efe        0x6 d:/nxp/mcuxpressoide_11.6.1_8255/ide/plugins/com.nxp.mcuxpresso.tools.win32_11.6.1.202207200623/tools/bin/../lib/gcc/arm-none-eabi/10.3.1/../../../../arm-none-eabi/lib/thumb/v7e-m+fp/hard\libcr_nohost_nf.a(__sys_istty.o)
                0x00003efe                __sys_istty
 .text.__sys_remove
                0x00003f04        0x6 d:/nxp/mcuxpressoide_11.6.1_8255/ide/plugins/com.nxp.mcuxpresso.tools.win32_11.6.1.202207200623/tools/bin/../lib/gcc/arm-none-eabi/10.3.1/../../../../arm-none-eabi/lib/thumb/v7e-m+fp/hard\libcr_nohost_nf.a(__sys_remove.o)
                0x00003f04                __sys_remove
 .text.__sys_seek
                0x00003f0a        0x6 d:/nxp/mcuxpressoide_11.6.1_8255/ide/plugins/com.nxp.mcuxpresso.tools.win32_11.6.1.202207200623/tools/bin/../lib/gcc/arm-none-eabi/10.3.1/../../../../arm-none-eabi/lib/thumb/v7e-m+fp/hard\libcr_nohost_nf.a(__sys_seek.o)
                0x00003f0a                __sys_seek
 .text.__sys_tmpnam
                0x00003f10        0x6 d:/nxp/mcuxpressoide_11.6.1_8255/ide/plugins/com.nxp.mcuxpresso.tools.win32_11.6.1.202207200623/tools/bin/../lib/gcc/arm-none-eabi/10.3.1/../../../../arm-none-eabi/lib/thumb/v7e-m+fp/hard\libcr_nohost_nf.a(__sys_tmpnam.o)
                0x00003f10                __sys_tmpnam
 .text.__sys_write
                0x00003f16        0x4 d:/nxp/mcuxpressoide_11.6.1_8255/ide/plugins/com.nxp.mcuxpresso.tools.win32_11.6.1.202207200623/tools/bin/../lib/gcc/arm-none-eabi/10.3.1/../../../../arm-none-eabi/lib/thumb/v7e-m+fp/hard\libcr_nohost_nf.a(__sys_write.o)
                0x00003f16                __sys_write
 *(SORT_BY_ALIGNMENT(.rodata) SORT_BY_ALIGNMENT(.rodata.*) SORT_BY_ALIGNMENT(.constdata) SORT_BY_ALIGNMENT(.constdata.*))
 *fill*         0x00003f1a        0x2 ff
 .rodata.s_UsbDeviceStandardRequest
                0x00003f1c       0x34 ./usb/device/source/usb_device_ch9.o
 .rodata.s_UsbDeviceKhciInterface
                0x00003f50       0x18 ./usb/device/source/usb_device_dci.o
 .rodata.s_uartClock
                0x00003f68       0x18 ./drivers/fsl_uart.o
 .rodata.s_UartAdapterBase
                0x00003f80       0x18 ./component/uart/fsl_adapter_uart.o
 .rodata.oscConfig_BOARD_BootClockRUN
                0x00003f98        0x8 ./board/clock_config.o
                0x00003f98                oscConfig_BOARD_BootClockRUN
 .rodata.simConfig_BOARD_BootClockRUN
                0x00003fa0        0x8 ./board/clock_config.o
                0x00003fa0                simConfig_BOARD_BootClockRUN
 .rodata.__num_Ciob_streams
                0x00003fa8        0x4 d:/nxp/mcuxpressoide_11.6.1_8255/ide/plugins/com.nxp.mcuxpresso.tools.win32_11.6.1.202207200623/tools/bin/../lib/gcc/arm-none-eabi/10.3.1/../../../../arm-none-eabi/lib/thumb/v7e-m+fp/hard\libcr_nohost_nf.a(__ciob.o)
                0x00003fa8                __num_Ciob_streams
 .rodata.fllFactorTable.1
                0x00003fac       0x10 ./drivers/fsl_clock.o
 .rodata.main.str1.1
                0x00003fbc        0xd ./source/test_usb.o
 .rodata.USB_DeviceInterface0CicVcomCallback.str1.1
                0x00003fc9       0x2e ./source/usb_device_interface_0_cic_vcom.o
 .rodata.mcgConfig_BOARD_BootClockRUN
                0x00003ff7        0xb ./board/clock_config.o
                0x00003ff7                mcgConfig_BOARD_BootClockRUN
 .rodata.PIT_config
                0x00004002        0x1 ./board/peripherals.o
                0x00004002                PIT_config
 .rodata._initio.str1.1
                0x00004003        0x4 d:/nxp/mcuxpressoide_11.6.1_8255/ide/plugins/com.nxp.mcuxpresso.tools.win32_11.6.1.202207200623/tools/bin/../lib/gcc/arm-none-eabi/10.3.1/../../../../arm-none-eabi/lib/thumb/v7e-m+fp/hard\libcr_c.a(initio.o)
                0x00004008                . = ALIGN (0x8)
 *fill*         0x00004007        0x1 ff
                0x00004008                _etext = .

.glue_7         0x00004008        0x0
 .glue_7        0x00004008        0x0 linker stubs

.glue_7t        0x00004008        0x0
 .glue_7t       0x00004008        0x0 linker stubs

.vfp11_veneer   0x00004008        0x0
 .vfp11_veneer  0x00004008        0x0 linker stubs

.v4_bx          0x00004008        0x0
 .v4_bx         0x00004008        0x0 linker stubs

.iplt           0x00004008        0x0
 .iplt          0x00004008        0x0 ./utilities/fsl_debug_console.o

.rel.dyn        0x00004008        0x0
 .rel.iplt      0x00004008        0x0 ./utilities/fsl_debug_console.o

.m_usb_data
 *(SORT_BY_ALIGNMENT(m_usb_bdt))

.data_RAM2      0x1fff0000        0x0 load address 0x00004008
 FILL mask 0xff
                [!provide]                PROVIDE (__start_data_RAM2 = .)
                [!provide]                PROVIDE (__start_data_SRAM_LOWER = .)
 *(SORT_BY_ALIGNMENT(.ramfunc.$RAM2))
 *(SORT_BY_ALIGNMENT(.ramfunc.$SRAM_LOWER))
 *(SORT_BY_ALIGNMENT(.data.$RAM2))
 *(SORT_BY_ALIGNMENT(.data.$SRAM_LOWER))
 *(SORT_BY_ALIGNMENT(.data.$RAM2.*))
 *(SORT_BY_ALIGNMENT(.data.$SRAM_LOWER.*))
                0x1fff0000                . = ALIGN (0x8)
                [!provide]                PROVIDE (__end_data_RAM2 = .)
                [!provide]                PROVIDE (__end_data_SRAM_LOWER = .)

.data_RAM3      0x14000000        0x0 load address 0x00004008
 FILL mask 0xff
                [!provide]                PROVIDE (__start_data_RAM3 = .)
                [!provide]                PROVIDE (__start_data_FLEX_RAM = .)
 *(SORT_BY_ALIGNMENT(.ramfunc.$RAM3))
 *(SORT_BY_ALIGNMENT(.ramfunc.$FLEX_RAM))
 *(SORT_BY_ALIGNMENT(.data.$RAM3))
 *(SORT_BY_ALIGNMENT(.data.$FLEX_RAM))
 *(SORT_BY_ALIGNMENT(.data.$RAM3.*))
 *(SORT_BY_ALIGNMENT(.data.$FLEX_RAM.*))
                0x14000000                . = ALIGN (0x8)
                [!provide]                PROVIDE (__end_data_RAM3 = .)
                [!provide]                PROVIDE (__end_data_FLEX_RAM = .)

.uninit_RESERVED
                0x20000000        0x0
                0x20000000                _start_uninit_RESERVED = .
 *(SORT_BY_ALIGNMENT(.bss.$RESERVED*))
                0x20000000                . = ALIGN (0x8)
                0x20000000                _end_uninit_RESERVED = .

.data           0x20000000      0x148 load address 0x00004008
 FILL mask 0xff
                0x20000000                _data = .
                [!provide]                PROVIDE (__start_data_RAM = .)
                [!provide]                PROVIDE (__start_data_SRAM_UPPER = .)
 *(SORT_BY_ALIGNMENT(vtable))
 *(SORT_BY_ALIGNMENT(.ramfunc*))
 *(SORT_BY_ALIGNMENT(CodeQuickAccess))
 *(SORT_BY_ALIGNMENT(DataQuickAccess))
 *(SORT_BY_ALIGNMENT(RamFunction))
 *(SORT_BY_ALIGNMENT(.data*))
 .data.g_CompositeClassConfig
                0x20000000       0x18 ./source/generated/usb_device_composite.o
                0x20000000                g_CompositeClassConfig
 .data.g_UsbDeviceCompositeConfigList
                0x20000018        0xc ./source/generated/usb_device_composite.o
                0x20000018                g_UsbDeviceCompositeConfigList
 .data.s_UsbDeviceInterfaceNullConfig
                0x20000024        0x8 ./source/generated/usb_device_composite.o
 .data.g_UsbDeviceConfigurationDescriptor
                0x2000002c       0x4b ./source/generated/usb_device_descriptor.o
                0x2000002c                g_UsbDeviceConfigurationDescriptor
 *fill*         0x20000077        0x1 ff
 .data.g_UsbDeviceDescriptor
                0x20000078       0x12 ./source/generated/usb_device_descriptor.o
                0x20000078                g_UsbDeviceDescriptor
 *fill*         0x2000008a        0x2 ff
 .data.g_UsbDeviceInterface0CicVcomConfig
                0x2000008c        0x8 ./source/generated/usb_device_descriptor.o
                0x2000008c                g_UsbDeviceInterface0CicVcomConfig
 .data.g_UsbDeviceInterface0CicVcomInterface
                0x20000094       0x10 ./source/generated/usb_device_descriptor.o
                0x20000094                g_UsbDeviceInterface0CicVcomInterface
 .data.g_UsbDeviceInterface0CicVcomInterfaceList
                0x200000a4        0x8 ./source/generated/usb_device_descriptor.o
                0x200000a4                g_UsbDeviceInterface0CicVcomInterfaceList
 .data.g_UsbDeviceInterface0CicVcomInterfaces
                0x200000ac       0x18 ./source/generated/usb_device_descriptor.o
                0x200000ac                g_UsbDeviceInterface0CicVcomInterfaces
 .data.g_UsbDeviceInterface1DicVcomInterface
                0x200000c4       0x10 ./source/generated/usb_device_descriptor.o
                0x200000c4                g_UsbDeviceInterface1DicVcomInterface
 .data.g_UsbDeviceLanguage
                0x200000d4        0xc ./source/generated/usb_device_descriptor.o
                0x200000d4                g_UsbDeviceLanguage
 .data.g_UsbDeviceLanguageList
                0x200000e0       0x10 ./source/generated/usb_device_descriptor.o
                0x200000e0                g_UsbDeviceLanguageList
 .data.g_UsbDeviceString0
                0x200000f0        0x4 ./source/generated/usb_device_descriptor.o
                0x200000f0                g_UsbDeviceString0
 .data.g_UsbDeviceString1
                0x200000f4        0x8 ./source/generated/usb_device_descriptor.o
                0x200000f4                g_UsbDeviceString1
 .data.g_UsbDeviceString2
                0x200000fc        0xa ./source/generated/usb_device_descriptor.o
                0x200000fc                g_UsbDeviceString2
 *fill*         0x20000106        0x2 ff
 .data.g_UsbDeviceStringDescriptorArray
                0x20000108        0xc ./source/generated/usb_device_descriptor.o
                0x20000108                g_UsbDeviceStringDescriptorArray
 .data.g_UsbDeviceStringDescriptorLength
                0x20000114        0xc ./source/generated/usb_device_descriptor.o
                0x20000114                g_UsbDeviceStringDescriptorLength
 .data.s_lineCoding
                0x20000120        0x7 ./source/usb_device_interface_0_cic_vcom.o
 *fill*         0x20000127        0x1 ff
 .data.s_fastIrcFreq
                0x20000128        0x4 ./drivers/fsl_clock.o
 .data.s_slowIrcFreq
                0x2000012c        0x4 ./drivers/fsl_clock.o
 .data.SystemCoreClock
                0x20000130        0x4 ./device/system_MK64F12.o
                0x20000130                SystemCoreClock
 .data.g_UsbDeviceInterface0CicVcomSetting0DefaultEndpoints
                0x20000134        0x6 ./source/generated/usb_device_descriptor.o
                0x20000134                g_UsbDeviceInterface0CicVcomSetting0DefaultEndpoints
 .data.g_UsbDeviceInterface1DicVcomSetting0DefaultEndpoints
                0x2000013a        0xc ./source/generated/usb_device_descriptor.o
                0x2000013a                g_UsbDeviceInterface1DicVcomSetting0DefaultEndpoints
 .data.timeoutUSB
                0x20000146        0x1 ./source/test_usb.o
                0x20000146                timeoutUSB
                0x20000148                . = ALIGN (0x8)
 *fill*         0x20000147        0x1 ff
                0x20000148                _edata = .
                [!provide]                PROVIDE (__end_data_RAM = .)
                [!provide]                PROVIDE (__end_data_SRAM_UPPER = .)

.igot.plt       0x20000148        0x0 load address 0x00004150
 .igot.plt      0x20000148        0x0 ./utilities/fsl_debug_console.o

.bss_RAM2       0x1fff0000        0x0
                [!provide]                PROVIDE (__start_bss_RAM2 = .)
                [!provide]                PROVIDE (__start_bss_SRAM_LOWER = .)
 *(SORT_BY_ALIGNMENT(.bss.$RAM2))
 *(SORT_BY_ALIGNMENT(.bss.$SRAM_LOWER))
 *(SORT_BY_ALIGNMENT(.bss.$RAM2.*))
 *(SORT_BY_ALIGNMENT(.bss.$SRAM_LOWER.*))
                0x1fff0000                . = ALIGN ((. != 0x0)?0x8:0x1)
                [!provide]                PROVIDE (__end_bss_RAM2 = .)
                [!provide]                PROVIDE (__end_bss_SRAM_LOWER = .)

.bss_RAM3       0x14000000        0x0
                [!provide]                PROVIDE (__start_bss_RAM3 = .)
                [!provide]                PROVIDE (__start_bss_FLEX_RAM = .)
 *(SORT_BY_ALIGNMENT(.bss.$RAM3))
 *(SORT_BY_ALIGNMENT(.bss.$FLEX_RAM))
 *(SORT_BY_ALIGNMENT(.bss.$RAM3.*))
 *(SORT_BY_ALIGNMENT(.bss.$FLEX_RAM.*))
                0x14000000                . = ALIGN ((. != 0x0)?0x8:0x1)
                [!provide]                PROVIDE (__end_bss_RAM3 = .)
                [!provide]                PROVIDE (__end_bss_FLEX_RAM = .)

.bss            0x20000200      0x748
                0x20000200                _bss = .
                [!provide]                PROVIDE (__start_bss_RAM = .)
                [!provide]                PROVIDE (__start_bss_SRAM_UPPER = .)
 *(SORT_BY_ALIGNMENT(.bss*))
 .bss.s_UsbDeviceKhciBdtBuffer
                0x20000200      0x200 ./usb/device/source/khci/usb_device_khci.o
 .bss.g_UsbDeviceComposite
                0x20000400       0x28 ./source/generated/usb_device_composite.o
                0x20000400                g_UsbDeviceComposite
 .bss.g_serialHandle
                0x20000428        0x4 ./utilities/fsl_debug_console.o
                0x20000428                g_serialHandle
 .bss.s_debugConsoleState
                0x2000042c       0x20 ./utilities/fsl_debug_console.o
 .bss.s_UsbDeviceKhciDmaAlignBuffer
                0x2000044c       0x40 ./usb/device/source/khci/usb_device_khci.o
 .bss.s_UsbDeviceKhciState
                0x2000048c       0x84 ./usb/device/source/khci/usb_device_khci.o
 .bss.s_UsbDevice
                0x20000510       0x58 ./usb/device/source/usb_device_dci.o
 .bss.g_cdcAcmHandle
                0x20000568       0x50 ./usb/device/class/cdc/usb_device_cdc_acm.o
 .bss.s_UsbDeviceCommonClassStruct
                0x200005b8       0x10 ./usb/device/class/usb_device_class.o
 .bss.s_UsbDeviceSetupBuffer
                0x200005c8        0x8 ./usb/device/class/usb_device_class.o
 .bss.i.0       0x200005d0        0x4 ./source/test_usb.o
 .bss.s_UsbDeviceComposite
                0x200005d4        0x4 ./source/usb_device_interface_0_cic_vcom.o
 .bss.s_UsbInterface0CicVcom
                0x200005d8        0x8 ./source/usb_device_interface_0_cic_vcom.o
 .bss.s_abstractState
                0x200005e0        0x2 ./source/usb_device_interface_0_cic_vcom.o
 *fill*         0x200005e2        0x2 
 .bss.s_countryCode
                0x200005e4        0x2 ./source/usb_device_interface_0_cic_vcom.o
 *fill*         0x200005e6        0x2 
 .bss.s_currRecvBuf
                0x200005e8       0x40 ./source/usb_device_interface_0_cic_vcom.o
 .bss.s_recvSize
                0x20000628        0x4 ./source/usb_device_interface_0_cic_vcom.o
 .bss.s_usbCdcAcmInfo
                0x2000062c       0x12 ./source/usb_device_interface_0_cic_vcom.o
 *fill*         0x2000063e        0x2 
 .bss.g_xtal0Freq
                0x20000640        0x4 ./drivers/fsl_clock.o
                0x20000640                g_xtal0Freq
 .bss.g_xtal32Freq
                0x20000644        0x4 ./drivers/fsl_clock.o
                0x20000644                g_xtal32Freq
 .bss.s_i2cHandle
                0x20000648        0xc ./drivers/fsl_i2c.o
 .bss.s_i2cMasterIsr
                0x20000654        0x4 ./drivers/fsl_i2c.o
 .bss.s_i2cSlaveIsr
                0x20000658        0x4 ./drivers/fsl_i2c.o
 .bss.s_uartHandle
                0x2000065c       0x18 ./drivers/fsl_uart.o
                0x2000065c                s_uartHandle
 .bss.s_uartIsr
                0x20000674        0x4 ./drivers/fsl_uart.o
                0x20000674                s_uartIsr
 .bss.errno     0x20000678        0x4 d:/nxp/mcuxpressoide_11.6.1_8255/ide/plugins/com.nxp.mcuxpresso.tools.win32_11.6.1.202207200623/tools/bin/../lib/gcc/arm-none-eabi/10.3.1/../../../../arm-none-eabi/lib/thumb/v7e-m+fp/hard\libcr_c.a(errno.o)
                0x20000678                errno
 .bss.__Ciob    0x2000067c       0xb4 d:/nxp/mcuxpressoide_11.6.1_8255/ide/plugins/com.nxp.mcuxpresso.tools.win32_11.6.1.202207200623/tools/bin/../lib/gcc/arm-none-eabi/10.3.1/../../../../arm-none-eabi/lib/thumb/v7e-m+fp/hard\libcr_nohost_nf.a(__ciob.o)
                0x2000067c                __Ciob
 .bss.s_debugConsoleReadWaitSemaphore
                0x20000730        0x1 ./utilities/fsl_debug_console.o
 .bss.flag1     0x20000731        0x1 ./source/test_usb.o
                0x20000731                flag1
 .bss.ringRx    0x20000732        0xc ./source/test_usb.o
                0x20000732                ringRx
 .bss.ringTx    0x2000073e        0x7 ./source/test_usb.o
                0x2000073e                ringTx
 .bss.rxBuf     0x20000745      0x100 ./source/test_usb.o
                0x20000745                rxBuf
 .bss.txBuf     0x20000845      0x100 ./source/test_usb.o
                0x20000845                txBuf
 *(SORT_BY_ALIGNMENT(COMMON))
                0x20000948                . = ALIGN (0x8)
 *fill*         0x20000945        0x3 
                0x20000948                _ebss = .
                [!provide]                PROVIDE (__end_bss_RAM = .)
                [!provide]                PROVIDE (__end_bss_SRAM_UPPER = .)
                [!provide]                PROVIDE (end = .)

.noinit_RAM2    0x1fff0000        0x0
                [!provide]                PROVIDE (__start_noinit_RAM2 = .)
                [!provide]                PROVIDE (__start_noinit_SRAM_LOWER = .)
 *(SORT_BY_ALIGNMENT(.noinit.$RAM2))
 *(SORT_BY_ALIGNMENT(.noinit.$SRAM_LOWER))
 *(SORT_BY_ALIGNMENT(.noinit.$RAM2.*))
 *(SORT_BY_ALIGNMENT(.noinit.$SRAM_LOWER.*))
                0x1fff0000                . = ALIGN (0x8)
                [!provide]                PROVIDE (__end_noinit_RAM2 = .)
                [!provide]                PROVIDE (__end_noinit_SRAM_LOWER = .)

.noinit_RAM3    0x14000000        0x0
                [!provide]                PROVIDE (__start_noinit_RAM3 = .)
                [!provide]                PROVIDE (__start_noinit_FLEX_RAM = .)
 *(SORT_BY_ALIGNMENT(.noinit.$RAM3))
 *(SORT_BY_ALIGNMENT(.noinit.$FLEX_RAM))
 *(SORT_BY_ALIGNMENT(.noinit.$RAM3.*))
 *(SORT_BY_ALIGNMENT(.noinit.$FLEX_RAM.*))
                0x14000000                . = ALIGN (0x8)
                [!provide]                PROVIDE (__end_noinit_RAM3 = .)
                [!provide]                PROVIDE (__end_noinit_FLEX_RAM = .)

.noinit         0x20000948        0x0
                0x20000948                _noinit = .
                [!provide]                PROVIDE (__start_noinit_RAM = .)
                [!provide]                PROVIDE (__start_noinit_SRAM_UPPER = .)
 *(SORT_BY_ALIGNMENT(.noinit*))
                0x20000948                . = ALIGN (0x8)
                0x20000948                _end_noinit = .
                [!provide]                PROVIDE (__end_noinit_RAM = .)
                [!provide]                PROVIDE (__end_noinit_SRAM_UPPER = .)

.ARM.extab
 *(SORT_BY_ALIGNMENT(.ARM.extab*) SORT_BY_ALIGNMENT(.gnu.linkonce.armextab.*))

.ARM.exidx      0x00004150        0x0
                0x00004150                __exidx_start = .
 *(SORT_BY_ALIGNMENT(.ARM.exidx*) SORT_BY_ALIGNMENT(.gnu.linkonce.armexidx.*))
                0x00004150                __exidx_end = .
                0x00001000                _HeapSize = 0x1000

.heap           0x20000948     0x1000
                0x20000948                _pvHeapStart = .
                0x20001948                . = (. + _HeapSize)
 *fill*         0x20000948     0x1000 
                0x20001948                . = ALIGN (0x8)
                0x20001948                _pvHeapLimit = .
                0x00001000                _StackSize = 0x1000

.heap2stackfill
                0x20001948     0x1000
                0x20002948                . = (. + _StackSize)
 *fill*         0x20001948     0x1000 

.stack          0x2002f000        0x0
                0x2002f000                _vStackBase = .
                0x2002f000                . = ALIGN (0x8)
                0x20030000                _vStackTop = (. + _StackSize)
                0x00000000                _image_start = LOADADDR (.text)
                0x00004150                _image_end = (LOADADDR (.data) + SIZEOF (.data))
                0x00004150                _image_size = (_image_end - _image_start)
OUTPUT(test_usb.axf elf32-littlearm)
LOAD linker stubs

.debug_info     0x00000000    0x1deee
 .debug_info    0x00000000     0x10d9 ./utilities/fsl_debug_console.o
 .debug_info    0x000010d9     0x1282 ./utilities/fsl_str.o
 .debug_info    0x0000235b     0x1d18 ./usb/device/source/khci/usb_device_khci.o
 .debug_info    0x00004073     0x1c04 ./usb/device/source/usb_device_ch9.o
 .debug_info    0x00005c77     0x171a ./usb/device/source/usb_device_dci.o
 .debug_info    0x00007391     0x14b0 ./usb/device/class/cdc/usb_device_cdc_acm.o
 .debug_info    0x00008841     0x11b2 ./usb/device/class/usb_device_class.o
 .debug_info    0x000099f3      0xcd7 ./startup/startup_mk64f12.o
 .debug_info    0x0000a6ca     0x149f ./source/generated/usb_device_composite.o
 .debug_info    0x0000bb69      0xf66 ./source/generated/usb_device_descriptor.o
 .debug_info    0x0000cacf       0x38 ./source/semihost_hardfault.o
 .debug_info    0x0000cb07      0xaf1 ./source/test_usb.o
 .debug_info    0x0000d5f8      0xfa9 ./source/usb_device_interface_0_cic_vcom.o
 .debug_info    0x0000e5a1     0x284d ./drivers/fsl_clock.o
 .debug_info    0x00010dee      0x126 ./drivers/fsl_common_arm.o
 .debug_info    0x00010f14     0x2a0f ./drivers/fsl_i2c.o
 .debug_info    0x00013923      0x4f1 ./drivers/fsl_pit.o
 .debug_info    0x00013e14     0x2f5b ./drivers/fsl_uart.o
 .debug_info    0x00016d6f      0x65e ./device/system_MK64F12.o
 .debug_info    0x000173cd      0xb73 ./component/uart/fsl_adapter_uart.o
 .debug_info    0x00017f40      0xf06 ./component/serial_manager/fsl_component_serial_manager.o
 .debug_info    0x00018e46      0x58d ./component/serial_manager/fsl_component_serial_port_uart.o
 .debug_info    0x000193d3     0x16f9 ./component/osa/fsl_os_abstraction_bm.o
 .debug_info    0x0001aacc      0x12b ./board/board.o
 .debug_info    0x0001abf7      0xf0b ./board/clock_config.o
 .debug_info    0x0001bb02      0xc6d ./board/peripherals.o
 .debug_info    0x0001c76f     0x177f ./board/pin_mux.o

.debug_abbrev   0x00000000     0x4d64
 .debug_abbrev  0x00000000      0x381 ./utilities/fsl_debug_console.o
 .debug_abbrev  0x00000381      0x385 ./utilities/fsl_str.o
 .debug_abbrev  0x00000706      0x459 ./usb/device/source/khci/usb_device_khci.o
 .debug_abbrev  0x00000b5f      0x328 ./usb/device/source/usb_device_ch9.o
 .debug_abbrev  0x00000e87      0x358 ./usb/device/source/usb_device_dci.o
 .debug_abbrev  0x000011df      0x314 ./usb/device/class/cdc/usb_device_cdc_acm.o
 .debug_abbrev  0x000014f3      0x2de ./usb/device/class/usb_device_class.o
 .debug_abbrev  0x000017d1      0x1cb ./startup/startup_mk64f12.o
 .debug_abbrev  0x0000199c      0x373 ./source/generated/usb_device_composite.o
 .debug_abbrev  0x00001d0f      0x21f ./source/generated/usb_device_descriptor.o
 .debug_abbrev  0x00001f2e       0x2e ./source/semihost_hardfault.o
 .debug_abbrev  0x00001f5c      0x3fe ./source/test_usb.o
 .debug_abbrev  0x0000235a      0x2d2 ./source/usb_device_interface_0_cic_vcom.o
 .debug_abbrev  0x0000262c      0x4d3 ./drivers/fsl_clock.o
 .debug_abbrev  0x00002aff       0xd9 ./drivers/fsl_common_arm.o
 .debug_abbrev  0x00002bd8      0x4f6 ./drivers/fsl_i2c.o
 .debug_abbrev  0x000030ce      0x20e ./drivers/fsl_pit.o
 .debug_abbrev  0x000032dc      0x4bf ./drivers/fsl_uart.o
 .debug_abbrev  0x0000379b      0x153 ./device/system_MK64F12.o
 .debug_abbrev  0x000038ee      0x2a0 ./component/uart/fsl_adapter_uart.o
 .debug_abbrev  0x00003b8e      0x276 ./component/serial_manager/fsl_component_serial_manager.o
 .debug_abbrev  0x00003e04      0x1bd ./component/serial_manager/fsl_component_serial_port_uart.o
 .debug_abbrev  0x00003fc1      0x41d ./component/osa/fsl_os_abstraction_bm.o
 .debug_abbrev  0x000043de       0xd2 ./board/board.o
 .debug_abbrev  0x000044b0      0x2e2 ./board/clock_config.o
 .debug_abbrev  0x00004792      0x2b3 ./board/peripherals.o
 .debug_abbrev  0x00004a45      0x31f ./board/pin_mux.o

.debug_loc      0x00000000     0xff6f
 .debug_loc     0x00000000      0x6eb ./utilities/fsl_debug_console.o
 .debug_loc     0x000006eb     0x1649 ./utilities/fsl_str.o
 .debug_loc     0x00001d34     0x13dd ./usb/device/source/khci/usb_device_khci.o
 .debug_loc     0x00003111      0xef0 ./usb/device/source/usb_device_ch9.o
 .debug_loc     0x00004001     0x1355 ./usb/device/source/usb_device_dci.o
 .debug_loc     0x00005356     0x119a ./usb/device/class/cdc/usb_device_cdc_acm.o
 .debug_loc     0x000064f0      0x6c7 ./usb/device/class/usb_device_class.o
 .debug_loc     0x00006bb7      0x16a ./startup/startup_mk64f12.o
 .debug_loc     0x00006d21      0x65b ./source/generated/usb_device_composite.o
 .debug_loc     0x0000737c      0x2d0 ./source/generated/usb_device_descriptor.o
 .debug_loc     0x0000764c      0x18d ./source/test_usb.o
 .debug_loc     0x000077d9      0x577 ./source/usb_device_interface_0_cic_vcom.o
 .debug_loc     0x00007d50     0x15f2 ./drivers/fsl_clock.o
 .debug_loc     0x00009342      0x110 ./drivers/fsl_common_arm.o
 .debug_loc     0x00009452     0x2432 ./drivers/fsl_i2c.o
 .debug_loc     0x0000b884       0x8b ./drivers/fsl_pit.o
 .debug_loc     0x0000b90f     0x1bef ./drivers/fsl_uart.o
 .debug_loc     0x0000d4fe      0x109 ./device/system_MK64F12.o
 .debug_loc     0x0000d607      0x23c ./component/uart/fsl_adapter_uart.o
 .debug_loc     0x0000d843      0xba6 ./component/serial_manager/fsl_component_serial_manager.o
 .debug_loc     0x0000e3e9      0x275 ./component/serial_manager/fsl_component_serial_port_uart.o
 .debug_loc     0x0000e65e      0xd1f ./component/osa/fsl_os_abstraction_bm.o
 .debug_loc     0x0000f37d       0x22 ./board/board.o
 .debug_loc     0x0000f39f       0xe9 ./board/clock_config.o
 .debug_loc     0x0000f488      0x134 ./board/peripherals.o
 .debug_loc     0x0000f5bc      0x9b3 ./board/pin_mux.o

.debug_aranges  0x00000000      0xf00
 .debug_aranges
                0x00000000       0xa8 ./utilities/fsl_debug_console.o
 .debug_aranges
                0x000000a8       0x40 ./utilities/fsl_str.o
 .debug_aranges
                0x000000e8       0x78 ./usb/device/source/khci/usb_device_khci.o
 .debug_aranges
                0x00000160       0x78 ./usb/device/source/usb_device_ch9.o
 .debug_aranges
                0x000001d8       0xa0 ./usb/device/source/usb_device_dci.o
 .debug_aranges
                0x00000278       0x68 ./usb/device/class/cdc/usb_device_cdc_acm.o
 .debug_aranges
                0x000002e0       0x60 ./usb/device/class/usb_device_class.o
 .debug_aranges
                0x00000340      0x308 ./startup/startup_mk64f12.o
 .debug_aranges
                0x00000648       0x40 ./source/generated/usb_device_composite.o
 .debug_aranges
                0x00000688       0x38 ./source/generated/usb_device_descriptor.o
 .debug_aranges
                0x000006c0       0x20 ./source/semihost_hardfault.o
 .debug_aranges
                0x000006e0       0x58 ./source/test_usb.o
 .debug_aranges
                0x00000738       0x40 ./source/usb_device_interface_0_cic_vcom.o
 .debug_aranges
                0x00000778      0x1a0 ./drivers/fsl_clock.o
 .debug_aranges
                0x00000918       0x20 ./drivers/fsl_common_arm.o
 .debug_aranges
                0x00000938      0x128 ./drivers/fsl_i2c.o
 .debug_aranges
                0x00000a60       0x28 ./drivers/fsl_pit.o
 .debug_aranges
                0x00000a88      0x158 ./drivers/fsl_uart.o
 .debug_aranges
                0x00000be0       0x30 ./device/system_MK64F12.o
 .debug_aranges
                0x00000c10       0x40 ./component/uart/fsl_adapter_uart.o
 .debug_aranges
                0x00000c50       0x68 ./component/serial_manager/fsl_component_serial_manager.o
 .debug_aranges
                0x00000cb8       0x48 ./component/serial_manager/fsl_component_serial_port_uart.o
 .debug_aranges
                0x00000d00      0x118 ./component/osa/fsl_os_abstraction_bm.o
 .debug_aranges
                0x00000e18       0x20 ./board/board.o
 .debug_aranges
                0x00000e38       0x30 ./board/clock_config.o
 .debug_aranges
                0x00000e68       0x28 ./board/peripherals.o
 .debug_aranges
                0x00000e90       0x70 ./board/pin_mux.o

.debug_ranges   0x00000000     0x1958
 .debug_ranges  0x00000000       0xc8 ./utilities/fsl_debug_console.o
 .debug_ranges  0x000000c8      0x1f0 ./utilities/fsl_str.o
 .debug_ranges  0x000002b8       0xc8 ./usb/device/source/khci/usb_device_khci.o
 .debug_ranges  0x00000380       0xb0 ./usb/device/source/usb_device_ch9.o
 .debug_ranges  0x00000430       0xf0 ./usb/device/source/usb_device_dci.o
 .debug_ranges  0x00000520       0xd8 ./usb/device/class/cdc/usb_device_cdc_acm.o
 .debug_ranges  0x000005f8       0x80 ./usb/device/class/usb_device_class.o
 .debug_ranges  0x00000678      0x2f8 ./startup/startup_mk64f12.o
 .debug_ranges  0x00000970       0x78 ./source/generated/usb_device_composite.o
 .debug_ranges  0x000009e8       0x60 ./source/generated/usb_device_descriptor.o
 .debug_ranges  0x00000a48       0x10 ./source/semihost_hardfault.o
 .debug_ranges  0x00000a58       0x78 ./source/test_usb.o
 .debug_ranges  0x00000ad0       0x48 ./source/usb_device_interface_0_cic_vcom.o
 .debug_ranges  0x00000b18      0x258 ./drivers/fsl_clock.o
 .debug_ranges  0x00000d70       0x28 ./drivers/fsl_common_arm.o
 .debug_ranges  0x00000d98      0x2d0 ./drivers/fsl_i2c.o
 .debug_ranges  0x00001068       0x60 ./drivers/fsl_pit.o
 .debug_ranges  0x000010c8      0x268 ./drivers/fsl_uart.o
 .debug_ranges  0x00001330       0x20 ./device/system_MK64F12.o
 .debug_ranges  0x00001350       0x30 ./component/uart/fsl_adapter_uart.o
 .debug_ranges  0x00001380      0x130 ./component/serial_manager/fsl_component_serial_manager.o
 .debug_ranges  0x000014b0       0x38 ./component/serial_manager/fsl_component_serial_port_uart.o
 .debug_ranges  0x000014e8      0x2d8 ./component/osa/fsl_os_abstraction_bm.o
 .debug_ranges  0x000017c0       0x10 ./board/board.o
 .debug_ranges  0x000017d0       0x88 ./board/clock_config.o
 .debug_ranges  0x00001858       0x70 ./board/peripherals.o
 .debug_ranges  0x000018c8       0x90 ./board/pin_mux.o

.debug_line     0x00000000     0xf629
 .debug_line    0x00000000      0x83a ./utilities/fsl_debug_console.o
 .debug_line    0x0000083a      0x9a3 ./utilities/fsl_str.o
 .debug_line    0x000011dd      0xec5 ./usb/device/source/khci/usb_device_khci.o
 .debug_line    0x000020a2      0xd3b ./usb/device/source/usb_device_ch9.o
 .debug_line    0x00002ddd      0xa05 ./usb/device/source/usb_device_dci.o
 .debug_line    0x000037e2      0xf53 ./usb/device/class/cdc/usb_device_cdc_acm.o
 .debug_line    0x00004735      0x81e ./usb/device/class/usb_device_class.o
 .debug_line    0x00004f53      0xc61 ./startup/startup_mk64f12.o
 .debug_line    0x00005bb4      0x6d0 ./source/generated/usb_device_composite.o
 .debug_line    0x00006284      0x3f2 ./source/generated/usb_device_descriptor.o
 .debug_line    0x00006676       0x58 ./source/semihost_hardfault.o
 .debug_line    0x000066ce      0x73b ./source/test_usb.o
 .debug_line    0x00006e09      0x80b ./source/usb_device_interface_0_cic_vcom.o
 .debug_line    0x00007614     0x1876 ./drivers/fsl_clock.o
 .debug_line    0x00008e8a      0x104 ./drivers/fsl_common_arm.o
 .debug_line    0x00008f8e     0x1b83 ./drivers/fsl_i2c.o
 .debug_line    0x0000ab11      0x23a ./drivers/fsl_pit.o
 .debug_line    0x0000ad4b     0x1cb3 ./drivers/fsl_uart.o
 .debug_line    0x0000c9fe      0x31c ./device/system_MK64F12.o
 .debug_line    0x0000cd1a      0x3b7 ./component/uart/fsl_adapter_uart.o
 .debug_line    0x0000d0d1      0x6d6 ./component/serial_manager/fsl_component_serial_manager.o
 .debug_line    0x0000d7a7      0x24f ./component/serial_manager/fsl_component_serial_port_uart.o
 .debug_line    0x0000d9f6      0xb5e ./component/osa/fsl_os_abstraction_bm.o
 .debug_line    0x0000e554      0x21d ./board/board.o
 .debug_line    0x0000e771      0x39f ./board/clock_config.o
 .debug_line    0x0000eb10      0x388 ./board/peripherals.o
 .debug_line    0x0000ee98      0x791 ./board/pin_mux.o

.debug_str      0x00000000     0xa408
 .debug_str     0x00000000     0x1393 ./utilities/fsl_debug_console.o
                               0x13fa (size before relaxing)
 .debug_str     0x00001393      0x32d ./utilities/fsl_str.o
                                0x546 (size before relaxing)
 .debug_str     0x000016c0     0x12b4 ./usb/device/source/khci/usb_device_khci.o
                               0x1df5 (size before relaxing)
 .debug_str     0x00002974     0x11d9 ./usb/device/source/usb_device_ch9.o
                               0x2200 (size before relaxing)
 .debug_str     0x00003b4d      0x1d6 ./usb/device/source/usb_device_dci.o
                               0x1e01 (size before relaxing)
 .debug_str     0x00003d23      0x592 ./usb/device/class/cdc/usb_device_cdc_acm.o
                               0x1a8f (size before relaxing)
 .debug_str     0x000042b5      0x21a ./usb/device/class/usb_device_class.o
                               0x1aad (size before relaxing)
 .debug_str     0x000044cf      0x7eb ./startup/startup_mk64f12.o
                                0x92c (size before relaxing)
 .debug_str     0x00004cba      0x9bc ./source/generated/usb_device_composite.o
                               0x2167 (size before relaxing)
 .debug_str     0x00005676      0x65a ./source/generated/usb_device_descriptor.o
                               0x18f8 (size before relaxing)
 .debug_str     0x00005cd0       0x1f ./source/semihost_hardfault.o
                                0x150 (size before relaxing)
 .debug_str     0x00005cef      0x216 ./source/test_usb.o
                                0xd7e (size before relaxing)
 .debug_str     0x00005f05      0x1e3 ./source/usb_device_interface_0_cic_vcom.o
                               0x19cb (size before relaxing)
 .debug_str     0x000060e8     0x1246 ./drivers/fsl_clock.o
                               0x1fe3 (size before relaxing)
 .debug_str     0x0000732e       0x51 ./drivers/fsl_common_arm.o
                                0x214 (size before relaxing)
 .debug_str     0x0000737f      0xc2c ./drivers/fsl_i2c.o
                               0x1fe4 (size before relaxing)
 .debug_str     0x00007fab       0x7a ./drivers/fsl_pit.o
                                0x536 (size before relaxing)
 .debug_str     0x00008025      0xd76 ./drivers/fsl_uart.o
                               0x2242 (size before relaxing)
 .debug_str     0x00008d9b       0xc8 ./device/system_MK64F12.o
                                0x3b5 (size before relaxing)
 .debug_str     0x00008e63      0x2c8 ./component/uart/fsl_adapter_uart.o
                               0x1085 (size before relaxing)
 .debug_str     0x0000912b      0x246 ./component/serial_manager/fsl_component_serial_manager.o
                                0x89d (size before relaxing)
 .debug_str     0x00009371       0x92 ./component/serial_manager/fsl_component_serial_port_uart.o
                                0x6f5 (size before relaxing)
 .debug_str     0x00009403      0x475 ./component/osa/fsl_os_abstraction_bm.o
                               0x10bd (size before relaxing)
 .debug_str     0x00009878       0x20 ./board/board.o
                                0x2bc (size before relaxing)
 .debug_str     0x00009898      0x351 ./board/clock_config.o
                               0x12f2 (size before relaxing)
 .debug_str     0x00009be9       0xdd ./board/peripherals.o
                               0x1266 (size before relaxing)
 .debug_str     0x00009cc6      0x742 ./board/pin_mux.o
                                0xcb8 (size before relaxing)

.comment        0x00000000       0x49
 .comment       0x00000000       0x49 ./utilities/fsl_debug_console.o
                                 0x4a (size before relaxing)
 .comment       0x00000049       0x4a ./utilities/fsl_str.o
 .comment       0x00000049       0x4a ./usb/device/source/khci/usb_device_khci.o
 .comment       0x00000049       0x4a ./usb/device/source/usb_device_ch9.o
 .comment       0x00000049       0x4a ./usb/device/source/usb_device_dci.o
 .comment       0x00000049       0x4a ./usb/device/class/cdc/usb_device_cdc_acm.o
 .comment       0x00000049       0x4a ./usb/device/class/usb_device_class.o
 .comment       0x00000049       0x4a ./startup/startup_mk64f12.o
 .comment       0x00000049       0x4a ./source/generated/usb_device_composite.o
 .comment       0x00000049       0x4a ./source/generated/usb_device_descriptor.o
 .comment       0x00000049       0x4a ./source/semihost_hardfault.o
 .comment       0x00000049       0x4a ./source/test_usb.o
 .comment       0x00000049       0x4a ./source/usb_device_interface_0_cic_vcom.o
 .comment       0x00000049       0x4a ./drivers/fsl_clock.o
 .comment       0x00000049       0x4a ./drivers/fsl_common_arm.o
 .comment       0x00000049       0x4a ./drivers/fsl_i2c.o
 .comment       0x00000049       0x4a ./drivers/fsl_pit.o
 .comment       0x00000049       0x4a ./drivers/fsl_uart.o
 .comment       0x00000049       0x4a ./device/system_MK64F12.o
 .comment       0x00000049       0x4a ./component/uart/fsl_adapter_uart.o
 .comment       0x00000049       0x4a ./component/serial_manager/fsl_component_serial_manager.o
 .comment       0x00000049       0x4a ./component/serial_manager/fsl_component_serial_port_uart.o
 .comment       0x00000049       0x4a ./component/osa/fsl_os_abstraction_bm.o
 .comment       0x00000049       0x4a ./board/board.o
 .comment       0x00000049       0x4a ./board/clock_config.o
 .comment       0x00000049       0x4a ./board/peripherals.o
 .comment       0x00000049       0x4a ./board/pin_mux.o
 .comment       0x00000049       0x4a d:/nxp/mcuxpressoide_11.6.1_8255/ide/plugins/com.nxp.mcuxpresso.tools.win32_11.6.1.202207200623/tools/bin/../lib/gcc/arm-none-eabi/10.3.1/../../../../arm-none-eabi/lib/thumb/v7e-m+fp/hard\libcr_nohost_nf.a(_cr__main.o)
 .comment       0x00000049       0x4a d:/nxp/mcuxpressoide_11.6.1_8255/ide/plugins/com.nxp.mcuxpresso.tools.win32_11.6.1.202207200623/tools/bin/../lib/gcc/arm-none-eabi/10.3.1/../../../../arm-none-eabi/lib/thumb/v7e-m+fp/hard\libcr_c.a(memcpy.o)
 .comment       0x00000049       0x4a d:/nxp/mcuxpressoide_11.6.1_8255/ide/plugins/com.nxp.mcuxpresso.tools.win32_11.6.1.202207200623/tools/bin/../lib/gcc/arm-none-eabi/10.3.1/../../../../arm-none-eabi/lib/thumb/v7e-m+fp/hard\libcr_c.a(memset.o)
 .comment       0x00000049       0x4a d:/nxp/mcuxpressoide_11.6.1_8255/ide/plugins/com.nxp.mcuxpresso.tools.win32_11.6.1.202207200623/tools/bin/../lib/gcc/arm-none-eabi/10.3.1/../../../../arm-none-eabi/lib/thumb/v7e-m+fp/hard\libcr_c.a(alloc.o)
 .comment       0x00000049       0x4a d:/nxp/mcuxpressoide_11.6.1_8255/ide/plugins/com.nxp.mcuxpresso.tools.win32_11.6.1.202207200623/tools/bin/../lib/gcc/arm-none-eabi/10.3.1/../../../../arm-none-eabi/lib/thumb/v7e-m+fp/hard\libcr_c.a(errno.o)
 .comment       0x00000049       0x4a d:/nxp/mcuxpressoide_11.6.1_8255/ide/plugins/com.nxp.mcuxpresso.tools.win32_11.6.1.202207200623/tools/bin/../lib/gcc/arm-none-eabi/10.3.1/../../../../arm-none-eabi/lib/thumb/v7e-m+fp/hard\libcr_c.a(initio.o)
 .comment       0x00000049       0x4a d:/nxp/mcuxpressoide_11.6.1_8255/ide/plugins/com.nxp.mcuxpresso.tools.win32_11.6.1.202207200623/tools/bin/../lib/gcc/arm-none-eabi/10.3.1/../../../../arm-none-eabi/lib/thumb/v7e-m+fp/hard\libcr_c.a(setvbuf.o)
 .comment       0x00000049       0x4a d:/nxp/mcuxpressoide_11.6.1_8255/ide/plugins/com.nxp.mcuxpresso.tools.win32_11.6.1.202207200623/tools/bin/../lib/gcc/arm-none-eabi/10.3.1/../../../../arm-none-eabi/lib/thumb/v7e-m+fp/hard\libcr_c.a(strlen.o)
 .comment       0x00000049       0x4a d:/nxp/mcuxpressoide_11.6.1_8255/ide/plugins/com.nxp.mcuxpresso.tools.win32_11.6.1.202207200623/tools/bin/../lib/gcc/arm-none-eabi/10.3.1/../../../../arm-none-eabi/lib/thumb/v7e-m+fp/hard\libcr_c.a(_deferredlazyseek.o)
 .comment       0x00000049       0x4a d:/nxp/mcuxpressoide_11.6.1_8255/ide/plugins/com.nxp.mcuxpresso.tools.win32_11.6.1.202207200623/tools/bin/../lib/gcc/arm-none-eabi/10.3.1/../../../../arm-none-eabi/lib/thumb/v7e-m+fp/hard\libcr_c.a(_fdopen.o)
 .comment       0x00000049       0x4a d:/nxp/mcuxpressoide_11.6.1_8255/ide/plugins/com.nxp.mcuxpresso.tools.win32_11.6.1.202207200623/tools/bin/../lib/gcc/arm-none-eabi/10.3.1/../../../../arm-none-eabi/lib/thumb/v7e-m+fp/hard\libcr_c.a(_fflush.o)
 .comment       0x00000049       0x4a d:/nxp/mcuxpressoide_11.6.1_8255/ide/plugins/com.nxp.mcuxpresso.tools.win32_11.6.1.202207200623/tools/bin/../lib/gcc/arm-none-eabi/10.3.1/../../../../arm-none-eabi/lib/thumb/v7e-m+fp/hard\libcr_c.a(_writebuf.o)
 .comment       0x00000049       0x4a d:/nxp/mcuxpressoide_11.6.1_8255/ide/plugins/com.nxp.mcuxpresso.tools.win32_11.6.1.202207200623/tools/bin/../lib/gcc/arm-none-eabi/10.3.1/../../../../arm-none-eabi/lib/thumb/v7e-m+fp/hard\libcr_c.a(fclose.o)
 .comment       0x00000049       0x4a d:/nxp/mcuxpressoide_11.6.1_8255/ide/plugins/com.nxp.mcuxpresso.tools.win32_11.6.1.202207200623/tools/bin/../lib/gcc/arm-none-eabi/10.3.1/../../../../arm-none-eabi/lib/thumb/v7e-m+fp/hard\libcr_c.a(fflush.o)
 .comment       0x00000049       0x4a d:/nxp/mcuxpressoide_11.6.1_8255/ide/plugins/com.nxp.mcuxpresso.tools.win32_11.6.1.202207200623/tools/bin/../lib/gcc/arm-none-eabi/10.3.1/../../../../arm-none-eabi/lib/thumb/v7e-m+fp/hard\libcr_c.a(fseek.o)
 .comment       0x00000049       0x4a d:/nxp/mcuxpressoide_11.6.1_8255/ide/plugins/com.nxp.mcuxpresso.tools.win32_11.6.1.202207200623/tools/bin/../lib/gcc/arm-none-eabi/10.3.1/../../../../arm-none-eabi/lib/thumb/v7e-m+fp/hard\libcr_c.a(ftell.o)