C:\Users\Lauta\Documents\MCUXpressoIDE_11.6.1_8255\workspace\test_usb\CMSIS/core_cm4.h:1679:22:__NVIC_EnableIRQ	16	static
C:\Users\Lauta\Documents\MCUXpressoIDE_11.6.1_8255\workspace\test_usb\CMSIS/core_cm4.h:1809:22:__NVIC_SetPriority	16	static
C:\Users\Lauta\Documents\MCUXpressoIDE_11.6.1_8255\workspace\test_usb\drivers/fsl_common_arm.h:488:24:EnableIRQ	24	static
../source/generated/usb_device_composite.c:336:6:USB0_IRQHandler	8	static
../source/generated/usb_device_composite.c:350:13:USB_DeviceClockInit	4	static
../source/generated/usb_device_composite.c:357:6:USB_DeviceIsrEnable	16	static
../source/generated/usb_device_composite.c:417:21:USB_DeviceCallback	40	static
../source/generated/usb_device_composite.c:660:14:USB_UpdateInterfaceSetting	24	static
../source/generated/usb_device_composite.c:692:14:USB_DeviceApplicationInit	16	static
../source/generated/usb_device_composite.c:845:6:USB_DeviceTasks	8	static
