C:\Users\Lauta\Documents\MCUXpressoIDE_11.6.1_8255\workspace\test_usb\drivers/fsl_clock.h:668:20:CLOCK_EnableClock	0	static
../board/pin_mux.c:157:6:BOARD_InitPins	8	static
../board/pin_mux.c:202:6:BOARD_InitButtonsPins	16	static
../board/pin_mux.c:286:6:BOARD_InitLEDsPins	24	static
../board/pin_mux.c:386:6:BOARD_InitDEBUG_UARTPins	8	static
../board/pin_mux.c:132:6:BOARD_InitBootPins	8	static
../board/pin_mux.c:453:6:BOARD_InitOSCPins	8	static
../board/pin_mux.c:486:6:BOARD_InitACCELPins	16	static
../board/pin_mux.c:612:6:BOARD_InitENETPins	8	static
../board/pin_mux.c:827:6:BOARD_InitSDHCPins	16	static
../board/pin_mux.c:977:6:BOARD_InitUSBPins	0	static
