C:\Users\Lauta\Documents\MCUXpressoIDE_11.6.1_8255\workspace\test_usb\drivers/fsl_clock.h:668:20:CLOCK_EnableClock	0	static
../board/pin_mux.c:158:6:BOARD_InitPins	8	static
../board/pin_mux.c:208:6:BOARD_InitButtonsPins	16	static
../board/pin_mux.c:292:6:BOARD_InitLEDsPins	24	static
../board/pin_mux.c:392:6:BOARD_InitDEBUG_UARTPins	8	static
../board/pin_mux.c:132:6:BOARD_InitBootPins	8	static
../board/pin_mux.c:459:6:BOARD_InitOSCPins	8	static
../board/pin_mux.c:492:6:BOARD_InitACCELPins	16	static
../board/pin_mux.c:618:6:BOARD_InitENETPins	8	static
../board/pin_mux.c:833:6:BOARD_InitSDHCPins	16	static
../board/pin_mux.c:983:6:BOARD_InitUSBPins	0	static
